Component: ARM Compiler 5.06 update 6 (build 750) Tool: armlink [4d35ed]

==============================================================================

Section Cross References

    main.o(i.main) refers to delay.o(i.delay_init) for delay_init
    main.o(i.main) refers to misc.o(i.NVIC_PriorityGroupConfig) for NVIC_PriorityGroupConfig
    main.o(i.main) refers to usart.o(i.uart_init) for uart_init
    main.o(i.main) refers to led.o(i.LED_Init) for LED_Init
    main.o(i.main) refers to 24l01.o(i.NRF24L01_Init) for NRF24L01_Init
    main.o(i.main) refers to stm32f10x_gpio.o(i.GPIO_ResetBits) for GPIO_ResetBits
    main.o(i.main) refers to 24l01.o(i.NRF24L01_Check) for NRF24L01_Check
    main.o(i.main) refers to stm32f10x_gpio.o(i.GPIO_SetBits) for GPIO_SetBits
    main.o(i.main) refers to 24l01.o(i.NRF24L01_TX_Mode) for NRF24L01_TX_Mode
    main.o(i.main) refers to m8266hostif_stm32xx.o(i.WIFI_Init) for WIFI_Init
    main.o(i.main) refers to m8266wifidrv.o(i.M8266WIFI_SPI_RecvData) for M8266WIFI_SPI_RecvData
    main.o(i.main) refers to 24l01.o(i.NRF24L01_TxPacket) for NRF24L01_TxPacket
    main.o(i.main) refers to usmart_config.o(.data) for usmart_dev
    system_stm32f10x.o(i.SystemCoreClockUpdate) refers to system_stm32f10x.o(.data) for .data
    system_stm32f10x.o(i.SystemInit) refers to system_stm32f10x.o(i.SetSysClockTo72) for SetSysClockTo72
    led.o(i.LED_Init) refers to stm32f10x_rcc.o(i.RCC_APB2PeriphClockCmd) for RCC_APB2PeriphClockCmd
    led.o(i.LED_Init) refers to stm32f10x_gpio.o(i.GPIO_Init) for GPIO_Init
    led.o(i.LED_Init) refers to stm32f10x_gpio.o(i.GPIO_SetBits) for GPIO_SetBits
    timer.o(i.TIM3_IRQHandler) refers to _printf_percent.o(.ARM.Collect$$_printf_percent$$00000000) for _printf_percent
    timer.o(i.TIM3_IRQHandler) refers to _printf_d.o(.ARM.Collect$$_printf_percent$$00000009) for _printf_d
    timer.o(i.TIM3_IRQHandler) refers to _printf_dec.o(.text) for _printf_int_dec
    timer.o(i.TIM3_IRQHandler) refers to stm32f10x_tim.o(i.TIM_GetITStatus) for TIM_GetITStatus
    timer.o(i.TIM3_IRQHandler) refers to noretval__2printf.o(.text) for __2printf
    timer.o(i.TIM3_IRQHandler) refers to stm32f10x_tim.o(i.TIM_ClearITPendingBit) for TIM_ClearITPendingBit
    timer.o(i.TIM3_IRQHandler) refers to timer.o(.data) for .data
    timer.o(i.TIM3_Int_Init) refers to stm32f10x_rcc.o(i.RCC_APB1PeriphClockCmd) for RCC_APB1PeriphClockCmd
    timer.o(i.TIM3_Int_Init) refers to stm32f10x_tim.o(i.TIM_TimeBaseInit) for TIM_TimeBaseInit
    timer.o(i.TIM3_Int_Init) refers to stm32f10x_tim.o(i.TIM_ITConfig) for TIM_ITConfig
    timer.o(i.TIM3_Int_Init) refers to misc.o(i.NVIC_Init) for NVIC_Init
    timer.o(i.TIM3_Int_Init) refers to stm32f10x_tim.o(i.TIM_Cmd) for TIM_Cmd
    exti.o(i.EXTI0_IRQHandler) refers to delay.o(i.delay_ms) for delay_ms
    exti.o(i.EXTI0_IRQHandler) refers to stm32f10x_gpio.o(i.GPIO_ReadInputDataBit) for GPIO_ReadInputDataBit
    exti.o(i.EXTI0_IRQHandler) refers to stm32f10x_exti.o(i.EXTI_ClearITPendingBit) for EXTI_ClearITPendingBit
    exti.o(i.EXTI15_10_IRQHandler) refers to stm32f10x_exti.o(i.EXTI_GetITStatus) for EXTI_GetITStatus
    exti.o(i.EXTI15_10_IRQHandler) refers to stm32f10x_exti.o(i.EXTI_ClearITPendingBit) for EXTI_ClearITPendingBit
    exti.o(i.EXTI15_10_IRQHandler) refers to exti.o(.data) for .data
    exti.o(i.EXTI15_Init) refers to stm32f10x_rcc.o(i.RCC_APB2PeriphClockCmd) for RCC_APB2PeriphClockCmd
    exti.o(i.EXTI15_Init) refers to stm32f10x_gpio.o(i.GPIO_PinRemapConfig) for GPIO_PinRemapConfig
    exti.o(i.EXTI15_Init) refers to stm32f10x_gpio.o(i.GPIO_Init) for GPIO_Init
    exti.o(i.EXTI15_Init) refers to stm32f10x_gpio.o(i.GPIO_SetBits) for GPIO_SetBits
    exti.o(i.EXTI15_Init) refers to stm32f10x_gpio.o(i.GPIO_EXTILineConfig) for GPIO_EXTILineConfig
    exti.o(i.EXTI15_Init) refers to stm32f10x_exti.o(i.EXTI_Init) for EXTI_Init
    exti.o(i.EXTI15_Init) refers to misc.o(i.NVIC_Init) for NVIC_Init
    exti.o(i.EXTI9_5_IRQHandler) refers to delay.o(i.delay_ms) for delay_ms
    exti.o(i.EXTI9_5_IRQHandler) refers to stm32f10x_gpio.o(i.GPIO_ReadInputDataBit) for GPIO_ReadInputDataBit
    exti.o(i.EXTI9_5_IRQHandler) refers to stm32f10x_exti.o(i.EXTI_ClearITPendingBit) for EXTI_ClearITPendingBit
    exti.o(i.EXTIX_Init) refers to stm32f10x_rcc.o(i.RCC_APB2PeriphClockCmd) for RCC_APB2PeriphClockCmd
    exti.o(i.EXTIX_Init) refers to key.o(i.KEY_Init) for KEY_Init
    exti.o(i.EXTIX_Init) refers to stm32f10x_gpio.o(i.GPIO_EXTILineConfig) for GPIO_EXTILineConfig
    exti.o(i.EXTIX_Init) refers to stm32f10x_exti.o(i.EXTI_Init) for EXTI_Init
    exti.o(i.EXTIX_Init) refers to misc.o(i.NVIC_Init) for NVIC_Init
    key.o(i.KEY_Init) refers to stm32f10x_rcc.o(i.RCC_APB2PeriphClockCmd) for RCC_APB2PeriphClockCmd
    key.o(i.KEY_Init) refers to stm32f10x_gpio.o(i.GPIO_PinRemapConfig) for GPIO_PinRemapConfig
    key.o(i.KEY_Init) refers to stm32f10x_gpio.o(i.GPIO_Init) for GPIO_Init
[...]
    i.M8266WIFI_SPI_ssmd                     0x080025c8   Section        0  m8266wifidrv.o(i.M8266WIFI_SPI_ssmd)
    i.M8266WIFI_SPI_ssu                      0x08002668   Section        0  m8266wifidrv.o(i.M8266WIFI_SPI_ssu)
    i.M8266WIFI_SPI_tufs                     0x080026b4   Section        0  m8266wifidrv.o(i.M8266WIFI_SPI_tufs)
    i.M8266WIFI_SPI_wait_sta_connecting_to_ap_and_get_ip 0x080026cc   Section        0  m8266wifi_ops.o(i.M8266WIFI_SPI_wait_sta_connecting_to_ap_and_get_ip)
    i.M8266WIFI_SPI_wscbf                    0x08002718   Section        0  m8266wifidrv.o(i.M8266WIFI_SPI_wscbf)
    i.M8266WIFI_SPI_wscr                     0x0800275a   Section        0  m8266wifidrv.o(i.M8266WIFI_SPI_wscr)
    i.M8266WIFI_SPI_wspsr                    0x080027a6   Section        0  m8266wifidrv.o(i.M8266WIFI_SPI_wspsr)
    i.M8266WIFI_SPI_wsscbhud                 0x080027fa   Section        0  m8266wifidrv.o(i.M8266WIFI_SPI_wsscbhud)
    i.M8266WIFI_SPI_wsscrhd                  0x08002838   Section        0  m8266wifidrv.o(i.M8266WIFI_SPI_wsscrhd)
    i.M8266WIFI_Wait_SPI_sfad                0x0800287c   Section        0  m8266wifidrv.o(i.M8266WIFI_Wait_SPI_sfad)
    i.MemManage_Handler                      0x080028bc   Section        0  stm32f10x_it.o(i.MemManage_Handler)
    i.NMI_Handler                            0x080028be   Section        0  stm32f10x_it.o(i.NMI_Handler)
    i.NRF24L01_Check                         0x080028c0   Section        0  24l01.o(i.NRF24L01_Check)
    i.NRF24L01_Init                          0x0800290c   Section        0  24l01.o(i.NRF24L01_Init)
    i.NRF24L01_Read_Buf                      0x080029e0   Section        0  24l01.o(i.NRF24L01_Read_Buf)
    i.NRF24L01_Read_Reg                      0x08002a1c   Section        0  24l01.o(i.NRF24L01_Read_Reg)
    i.NRF24L01_TX_Mode                       0x08002a40   Section        0  24l01.o(i.NRF24L01_TX_Mode)
    i.NRF24L01_TxPacket                      0x08002aa4   Section        0  24l01.o(i.NRF24L01_TxPacket)
    i.NRF24L01_Write_Buf                     0x08002b00   Section        0  24l01.o(i.NRF24L01_Write_Buf)
    i.NRF24L01_Write_Reg                     0x08002b3c   Section        0  24l01.o(i.NRF24L01_Write_Reg)
    i.NVIC_Init                              0x08002b68   Section        0  misc.o(i.NVIC_Init)
    i.NVIC_PriorityGroupConfig               0x08002bcc   Section        0  misc.o(i.NVIC_PriorityGroupConfig)
    i.OV7725_Brightness                      0x08002be0   Section        0  ov7725.o(i.OV7725_Brightness)
    i.OV7725_Color_Saturation                0x08002c2e   Section        0  ov7725.o(i.OV7725_Color_Saturation)
    i.OV7725_Contrast                        0x08002c50   Section        0  ov7725.o(i.OV7725_Contrast)
    i.OV7725_Light_Mode                      0x08002c66   Section        0  ov7725.o(i.OV7725_Light_Mode)
    i.OV7725_Special_Effects                 0x08002cfe   Section        0  ov7725.o(i.OV7725_Special_Effects)
    i.OV7725_Window_Set                      0x08002d88   Section        0  ov7725.o(i.OV7725_Window_Set)
    i.PendSV_Handler                         0x08002ece   Section        0  stm32f10x_it.o(i.PendSV_Handler)
    i.RCC_APB1PeriphClockCmd                 0x08002ed0   Section        0  stm32f10x_rcc.o(i.RCC_APB1PeriphClockCmd)
    i.RCC_APB1PeriphResetCmd                 0x08002ee8   Section        0  stm32f10x_rcc.o(i.RCC_APB1PeriphResetCmd)
    i.RCC_APB2PeriphClockCmd                 0x08002f00   Section        0  stm32f10x_rcc.o(i.RCC_APB2PeriphClockCmd)
    i.RCC_GetClocksFreq                      0x08002f18   Section        0  stm32f10x_rcc.o(i.RCC_GetClocksFreq)
    i.SCCB_No_Ack                            0x08002fac   Section        0  sccb.o(i.SCCB_No_Ack)
    i.SCCB_RD_Byte                           0x08002fe4   Section        0  sccb.o(i.SCCB_RD_Byte)
    i.SCCB_RD_Reg                            0x08003050   Section        0  sccb.o(i.SCCB_RD_Reg)
    i.SCCB_Start                             0x0800309c   Section        0  sccb.o(i.SCCB_Start)
    i.SCCB_Stop                              0x080030c8   Section        0  sccb.o(i.SCCB_Stop)
    i.SCCB_WR_Byte                           0x080030f8   Section        0  sccb.o(i.SCCB_WR_Byte)
    i.SCCB_WR_Reg                            0x08003180   Section        0  sccb.o(i.SCCB_WR_Reg)
    i.SPI1_Init                              0x080031c0   Section        0  spi.o(i.SPI1_Init)
    i.SPI1_ReadWriteByte                     0x0800323c   Section        0  spi.o(i.SPI1_ReadWriteByte)
    i.SPI1_SetSpeed                          0x0800328c   Section        0  spi.o(i.SPI1_SetSpeed)
    i.SPI_Cmd                                0x080032ac   Section        0  stm32f10x_spi.o(i.SPI_Cmd)
    i.SPI_I2S_GetFlagStatus                  0x080032c0   Section        0  stm32f10x_spi.o(i.SPI_I2S_GetFlagStatus)
    i.SPI_I2S_ReceiveData                    0x080032ce   Section        0  stm32f10x_spi.o(i.SPI_I2S_ReceiveData)
    i.SPI_I2S_SendData                       0x080032d2   Section        0  stm32f10x_spi.o(i.SPI_I2S_SendData)
    i.SPI_Init                               0x080032d6   Section        0  stm32f10x_spi.o(i.SPI_Init)
    i.SPI_STA_Get_HostIP_by_HostName         0x08003310   Section        0  m8266wifidrv.o(i.SPI_STA_Get_HostIP_by_HostName)
    i.SVC_Handler                            0x08003494   Section        0  stm32f10x_it.o(i.SVC_Handler)
    i.SetSysClockTo72                        0x08003498   Section        0  system_stm32f10x.o(i.SetSysClockTo72)
    SetSysClockTo72                          0x08003499   Thumb Code   160  system_stm32f10x.o(i.SetSysClockTo72)
    i.SysTick_CLKSourceConfig                0x08003540   Section        0  misc.o(i.SysTick_CLKSourceConfig)
    i.SysTick_Handler                        0x08003558   Section        0  stm32f10x_it.o(i.SysTick_Handler)
    i.SystemInit                             0x0800355c   Section        0  system_stm32f10x.o(i.SystemInit)
    i.TIM3_IRQHandler                        0x080035ac   Section        0  timer.o(i.TIM3_IRQHandler)
    i.TIM4_IRQHandler                        0x080035ec   Section        0  usmart.o(i.TIM4_IRQHandler)
    i.TIM_ClearITPendingBit                  0x08003620   Section        0  stm32f10x_tim.o(i.TIM_ClearITPendingBit)
    i.TIM_GetITStatus                        0x08003626   Section        0  stm32f10x_tim.o(i.TIM_GetITStatus)
    i.Timer4_Init                            0x08003640   Section        0  usmart.o(i.Timer4_Init)
    i.USART1_IRQHandler                      0x08003694   Section        0  usart.o(i.USART1_IRQHandler)
    i.USART_Cmd                              0x080036f8   Section        0  stm32f10x_usart.o(i.USART_Cmd)
    i.USART_GetITStatus                      0x0800370c   Section        0  stm32f10x_usart.o(i.USART_GetITStatus)
    i.USART_ITConfig                         0x0800374a   Section        0  stm32f10x_usart.o(i.USART_ITConfig)
    i.USART_Init                             0x0800377c   Section        0  stm32f10x_usart.o(i.USART_Init)
    i.USART_ReceiveData                      0x08003828   Section        0  stm32f10x_usart.o(i.USART_ReceiveData)
    i.UsageFault_Handler                     0x08003830   Section        0  stm32f10x_it.o(i.UsageFault_Handler)
    i.WIFI_Init                              0x08003834   Section        0  m8266hostif_stm32xx.o(i.WIFI_Init)
    i._is_digit                              0x08003928   Section        0  __printf_wp.o(i._is_digit)
    i._sys_exit                              0x08003936   Section        0  usart.o(i._sys_exit)
    i.delay_init                             0x08003938   Section        0  delay.o(i.delay_init)
    i.delay_ms                               0x08003974   Section        0  delay.o(i.delay_ms)
    i.delay_us                               0x080039a8   Section        0  delay.o(i.delay_us)
    i.fputc                                  0x080039dc   Section        0  usart.o(i.fputc)
    i.fvcp                                   0x080039f4   Section        0  m8266wifidrv.o(i.fvcp)
    i.fvdnstap                               0x08003a40   Section        0  m8266wifidrv.o(i.fvdnstap)
    i.main                                   0x08003a70   Section        0  main.o(i.main)
    i.read_addr                              0x08003b38   Section        0  usmart.o(i.read_addr)
    i.uart_init                              0x08003b3c   Section        0  usart.o(i.uart_init)
    i.usmart_cmd_rec                         0x08003bdc   Section        0  usmart.o(i.usmart_cmd_rec)
    i.usmart_exe                             0x08003c70   Section        0  usmart.o(i.usmart_exe)
    i.usmart_get_aparm                       0x08003ed4   Section        0  usmart_str.o(i.usmart_get_aparm)
    i.usmart_get_cmdname                     0x08003f70   Section        0  usmart_str.o(i.usmart_get_cmdname)
    i.usmart_get_fname                       0x08003fa0   Section        0  usmart_str.o(i.usmart_get_fname)
    i.usmart_get_fparam                      0x08004108   Section        0  usmart_str.o(i.usmart_get_fparam)
    i.usmart_get_parmpos                     0x080041d8   Section        0  usmart_str.o(i.usmart_get_parmpos)
    i.usmart_get_runtime                     0x080041fc   Section        0  usmart.o(i.usmart_get_runtime)
    i.usmart_init                            0x0800422c   Section        0  usmart.o(i.usmart_init)
    i.usmart_pow                             0x08004254   Section        0  usmart_str.o(i.usmart_pow)
    i.usmart_reset_runtime                   0x08004264   Section        0  usmart.o(i.usmart_reset_runtime)
    i.usmart_scan                            0x08004290   Section        0  usmart.o(i.usmart_scan)
    i.usmart_search_nextc                    0x08004334   Section        0  usmart_str.o(i.usmart_search_nextc)
    i.usmart_str2num                         0x08004344   Section        0  usmart_str.o(i.usmart_str2num)
    i.usmart_strcmp                          0x080043e4   Section        0  usmart_str.o(i.usmart_strcmp)
    i.usmart_strcopy                         0x080043fc   Section        0  usmart_str.o(i.usmart_strcopy)
    i.usmart_strlen                          0x0800440e   Section        0  usmart_str.o(i.usmart_strlen)
    i.usmart_sys_cmd_exe                     0x08004420   Section        0  usmart.o(i.usmart_sys_cmd_exe)
    i.write_addr                             0x08004a90   Section        0  usmart.o(i.write_addr)
    .constdata                               0x08004a94   Section     6080  lcd.o(.constdata)
    .constdata                               0x08006254   Section       10  24l01.o(.constdata)
    .constdata                               0x08006260   Section       34  m8266wifidrv.o(.constdata)
    wr_status_test_data                      0x08006260   Data           6  m8266wifidrv.o(.constdata)
    .constdata                               0x08006282   Section       40  _printf_hex_int.o(.constdata)
    uc_hextab                                0x08006282   Data          20  _printf_hex_int.o(.constdata)
    lc_hextab                                0x08006296   Data          20  _printf_hex_int.o(.constdata)
    .constdata                               0x080062aa   Section       17  __printf_flags_ss_wp.o(.constdata)
    maptable                                 0x080062aa   Data          17  __printf_flags_ss_wp.o(.constdata)
    .conststring                             0x080062bc   Section       40  usmart.o(.conststring)
    .conststring                             0x080062e4   Section      398  usmart_config.o(.conststring)
    .data                                    0x20000000   Section       20  system_stm32f10x.o(.data)
    .data                                    0x20000014   Section        1  timer.o(.data)
    .data                                    0x20000015   Section        1  exti.o(.data)
    .data                                    0x20000016   Section        4  lcd.o(.data)
    .data                                    0x2000001a   Section        4  delay.o(.data)
    fac_us                                   0x2000001a   Data           1  delay.o(.data)
    fac_ms                                   0x2000001c   Data           2  delay.o(.data)
    .data                                    0x2000001e   Section        2  usart.o(.data)
    .data                                    0x20000020   Section        4  usart.o(.data)
    .data                                    0x20000024   Section       20  stm32f10x_rcc.o(.data)
    ADCPrescTable                            0x20000024   Data           4  stm32f10x_rcc.o(.data)
    APBAHBPrescTable                         0x20000028   Data          16  stm32f10x_rcc.o(.data)
    .data                                    0x20000038   Section       28  usmart.o(.data)
    .data                                    0x20000054   Section       96  usmart_config.o(.data)
    .data                                    0x200000b4   Section      244  usmart_config.o(.data)
    .data                                    0x200001a8   Section        1  m8266hostif_stm32xx.o(.data)
    .data                                    0x200001ac   Section       41  m8266wifidrv.o(.data)
    spi_write_need_additional_delay          0x200001ac   Data           1  m8266wifidrv.o(.data)
    module_is_fast_Module                    0x200001ad   Data           1  m8266wifidrv.o(.data)
    slow_speed_spi_on_fast_Module            0x200001ae   Data           1  m8266wifidrv.o(.data)
    SPI_DATA_TRANSFER_USE_DMA                0x200001af   Data           1  m8266wifidrv.o(.data)
    M8266WIFI_INTERFACE_SPI                  0x200001b0   Data           4  m8266wifidrv.o(.data)
    M8266WIFI_INTERFACE_SPI_TX_DMA_STREAM    0x200001b4   Data           4  m8266wifidrv.o(.data)
    M8266WIFI_INTERFACE_SPI_TX_DMA           0x200001b8   Data           4  m8266wifidrv.o(.data)
    M8266WIFI_INTERFACE_SPI_RX_DMA_STREAM    0x200001bc   Data           4  m8266wifidrv.o(.data)
    M8266WIFI_INTERFACE_SPI_RX_DMA           0x200001c0   Data           4  m8266wifidrv.o(.data)
    module_fw_ver                            0x200001c4   Data          17  m8266wifidrv.o(.data)
    .bss                                     0x200001d8   Section       14  lcd.o(.bss)
    .bss                                     0x200001e6   Section       18  spi.o(.bss)
    .bss                                     0x200001f8   Section      200  usart.o(.bss)
    .bss                                     0x200002c0   Section       68  m8266wifidrv.o(.bss)
    dma_buf                                  0x200002c0   Data          68  m8266wifidrv.o(.bss)
    .bss                                     0x20000304   Section       96  libspace.o(.bss)
    HEAP                                     0x20000368   Section      512  startup_stm32f10x_hd.o(HEAP)
    Heap_Mem                                 0x20000368   Data         512  startup_stm32f10x_hd.o(HEAP)
    STACK                                    0x20000568   Section     1024  startup_stm32f10x_hd.o(STACK)
    Stack_Mem                                0x20000568   Data        1024  startup_stm32f10x_hd.o(STACK)
    __initial_sp                             0x20000968   Data           0  startup_stm32f10x_hd.o(STACK)

    Global Symbols

    Symbol Name                              Value     Ov Type        Size  Object(Section)

    BuildAttributes$$THM_ISAv4$P$D$K$B$S$PE$A:L22UL41UL21$X:L11$S22US41US21$IEEE1$IW$USESV6$~STKCKD$USESV7$~SHL$OSPACE$ROPI$EBA8$UX$STANDARDLIB$REQ8$PRES8$EABIv2 0x00000000   Number         0  anon$$obj.o ABSOLUTE
    __ARM_use_no_argv                        0x00000000   Number         0  main.o ABSOLUTE
    _printf_flags                            0x00000000   Number         0  printf_stubs.o ABSOLUTE
    _printf_return_value                     0x00000000   Number         0  printf_stubs.o ABSOLUTE
    _printf_sizespec                         0x00000000   Number         0  printf_stubs.o ABSOLUTE
    _printf_widthprec                        0x00000000   Number         0  printf_stubs.o ABSOLUTE
    __ARM_exceptions_init                     - Undefined Weak Reference
    __alloca_initialize                       - Undefined Weak Reference
    __arm_preinit_                            - Undefined Weak Reference
    __cpp_initialize__aeabi_                  - Undefined Weak Reference
    __cxa_finalize                            - Undefined Weak Reference
    __rt_locale                               - Undefined Weak Reference
    __sigvec_lookup                           - Undefined Weak Reference
    _atexit_init                              - Undefined Weak Reference
    _call_atexit_fns                          - Undefined Weak Reference
    _clock_init                               - Undefined Weak Reference
    _fp_trap_init                             - Undefined Weak Reference
    _fp_trap_shutdown                         - Undefined Weak Reference
    _get_lc_collate                           - Undefined Weak Reference
    _get_lc_ctype                             - Undefined Weak Reference
    _get_lc_monetary                          - Undefined Weak Reference
    _get_lc_numeric                           - Undefined Weak Reference
    _get_lc_time                              - Undefined Weak Reference
    _getenv_init                              - Undefined Weak Reference
    _handle_redirection                       - Undefined Weak Reference
    _init_alloc                               - Undefined Weak Reference
    _init_user_alloc                          - Undefined Weak Reference
    _initio                                   - Undefined Weak Reference
    _mutex_acquire                            - Undefined Weak Reference
    _mutex_release                            - Undefined Weak Reference
    _printf_mbtowc                            - Undefined Weak Reference
    _printf_truncate_signed                   - Undefined Weak Reference
    _printf_truncate_unsigned                 - Undefined Weak Reference
    _rand_init                                - Undefined Weak Reference
    _signal_finish                            - Undefined Weak Reference
    _signal_init                              - Undefined Weak Reference
    _terminate_alloc                          - Undefined Weak Reference
    _terminate_user_alloc                     - Undefined Weak Reference
    _terminateio                              - Undefined Weak Reference
    __Vectors_Size                           0x00000130   Number         0  startup_stm32f10x_hd.o ABSOLUTE
    __Vectors                                0x08000000   Data           4  startup_stm32f10x_hd.o(RESET)
    __Vectors_End                            0x08000130   Data           0  startup_stm32f10x_hd.o(RESET)
    __main                                   0x08000131   Thumb Code     8  __main.o(!!!main)
    __scatterload                            0x08000139   Thumb Code     0  __scatter.o(!!!scatter)
    __scatterload_rt2                        0x08000139   Thumb Code    44  __scatter.o(!!!scatter)
    __scatterload_rt2_thumb_only             0x08000139   Thumb Code     0  __scatter.o(!!!scatter)
    __scatterload_null                       0x08000147   Thumb Code     0  __scatter.o(!!!scatter)
    __decompress                             0x0800016d   Thumb Code    90  __dczerorl2.o(!!dczerorl2)
    __decompress1                            0x0800016d   Thumb Code     0  __dczerorl2.o(!!dczerorl2)
    __scatterload_zeroinit                   0x080001c9   Thumb Code    28  __scatter_zi.o(!!handler_zi)
    _printf_d                                0x080001e5   Thumb Code     0  _printf_d.o(.ARM.Collect$$_printf_percent$$00000009)
    _printf_percent                          0x080001e5   Thumb Code     0  _printf_percent.o(.ARM.Collect$$_printf_percent$$00000000)
    _printf_u                                0x080001eb   Thumb Code     0  _printf_u.o(.ARM.Collect$$_printf_percent$$0000000A)
    _printf_x                                0x080001f1   Thumb Code     0  _printf_x.o(.ARM.Collect$$_printf_percent$$0000000C)
    _printf_c                                0x080001f7   Thumb Code     0  _printf_c.o(.ARM.Collect$$_printf_percent$$00000013)
    _printf_s                                0x080001fd   Thumb Code     0  _printf_s.o(.ARM.Collect$$_printf_percent$$00000014)
    _printf_percent_end                      0x08000203   Thumb Code     0  _printf_percent_end.o(.ARM.Collect$$_printf_percent$$00000017)
    __rt_lib_init                            0x08000207   Thumb Code     0  libinit.o(.ARM.Collect$$libinit$$00000000)
    __rt_lib_init_alloca_1                   0x08000209   Thumb Code     0  libinit2.o(.ARM.Collect$$libinit$$0000002E)
    __rt_lib_init_argv_1                     0x08000209   Thumb Code     0  libinit2.o(.ARM.Collect$$libinit$$0000002C)
    __rt_lib_init_atexit_1                   0x08000209   Thumb Code     0  libinit2.o(.ARM.Collect$$libinit$$0000001B)
    __rt_lib_init_clock_1                    0x08000209   Thumb Code     0  libinit2.o(.ARM.Collect$$libinit$$00000021)
    __rt_lib_init_cpp_1                      0x08000209   Thumb Code     0  libinit2.o(.ARM.Collect$$libinit$$00000032)
    __rt_lib_init_exceptions_1               0x08000209   Thumb Code     0  libinit2.o(.ARM.Collect$$libinit$$00000030)
    __rt_lib_init_fp_1                       0x08000209   Thumb Code     0  libinit2.o(.ARM.Collect$$libinit$$00000002)
    __rt_lib_init_fp_trap_1                  0x08000209   Thumb Code     0  libinit2.o(.ARM.Collect$$libinit$$0000001F)
    __rt_lib_init_getenv_1                   0x08000209   Thumb Code     0  libinit2.o(.ARM.Collect$$libinit$$00000023)
    __rt_lib_init_heap_1                     0x08000209   Thumb Code     0  libinit2.o(.ARM.Collect$$libinit$$0000000A)
    __rt_lib_init_lc_collate_1               0x08000209   Thumb Code     0  libinit2.o(.ARM.Collect$$libinit$$00000011)
    __rt_lib_init_lc_ctype_1                 0x08000209   Thumb Code     0  libinit2.o(.ARM.Collect$$libinit$$00000013)
    __rt_lib_init_lc_monetary_1              0x08000209   Thumb Code     0  libinit2.o(.ARM.Collect$$libinit$$00000015)
    __rt_lib_init_lc_numeric_1               0x08000209   Thumb Code     0  libinit2.o(.ARM.Collect$$libinit$$00000017)
    __rt_lib_init_lc_time_1                  0x08000209   Thumb Code     0  libinit2.o(.ARM.Collect$$libinit$$00000019)
    __rt_lib_init_preinit_1                  0x08000209   Thumb Code     0  libinit2.o(.ARM.Collect$$libinit$$00000004)
    __rt_lib_init_rand_1                     0x08000209   Thumb Code     0  libinit2.o(.ARM.Collect$$libinit$$0000000E)
    __rt_lib_init_return                     0x08000209   Thumb Code     0  libinit2.o(.ARM.Collect$$libinit$$00000033)
    __rt_lib_init_signal_1                   0x08000209   Thumb Code     0  libinit2.o(.ARM.Collect$$libinit$$0000001D)
    __rt_lib_init_stdio_1                    0x08000209   Thumb Code     0  libinit2.o(.ARM.Collect$$libinit$$00000025)
    __rt_lib_init_user_alloc_1               0x08000209   Thumb Code     0  libinit2.o(.ARM.Collect$$libinit$$0000000C)
    __rt_lib_shutdown                        0x0800020b   Thumb Code     0  libshutdown.o(.ARM.Collect$$libshutdown$$00000000)
    __rt_lib_shutdown_cpp_1                  0x0800020d   Thumb Code     0  libshutdown2.o(.ARM.Collect$$libshutdown$$00000002)
    __rt_lib_shutdown_fp_trap_1              0x0800020d   Thumb Code     0  libshutdown2.o(.ARM.Collect$$libshutdown$$00000007)
    __rt_lib_shutdown_heap_1                 0x0800020d   Thumb Code     0  libshutdown2.o(.ARM.Collect$$libshutdown$$0000000F)
    __rt_lib_shutdown_return                 0x0800020d   Thumb Code     0  libshutdown2.o(.ARM.Collect$$libshutdown$$00000010)
    __rt_lib_shutdown_signal_1               0x0800020d   Thumb Code     0  libshutdown2.o(.ARM.Collect$$libshutdown$$0000000A)
    __rt_lib_shutdown_stdio_1                0x0800020d   Thumb Code     0  libshutdown2.o(.ARM.Collect$$libshutdown$$00000004)
    __rt_lib_shutdown_user_alloc_1           0x0800020d   Thumb Code     0  libshutdown2.o(.ARM.Collect$$libshutdown$$0000000C)
    __rt_entry                               0x0800020f   Thumb Code     0  __rtentry.o(.ARM.Collect$$rtentry$$00000000)
    __rt_entry_presh_1                       0x0800020f   Thumb Code     0  __rtentry2.o(.ARM.Collect$$rtentry$$00000002)
    __rt_entry_sh                            0x0800020f   Thumb Code     0  __rtentry4.o(.ARM.Collect$$rtentry$$00000004)
    __rt_entry_li                            0x08000215   Thumb Code     0  __rtentry2.o(.ARM.Collect$$rtentry$$0000000A)
    __rt_entry_postsh_1                      0x08000215   Thumb Code     0  __rtentry2.o(.ARM.Collect$$rtentry$$00000009)
    __rt_entry_main                          0x08000219   Thumb Code     0  __rtentry2.o(.ARM.Collect$$rtentry$$0000000D)
    __rt_entry_postli_1                      0x08000219   Thumb Code     0  __rtentry2.o(.ARM.Collect$$rtentry$$0000000C)
    __rt_exit                                0x08000221   Thumb Code     0  rtexit.o(.ARM.Collect$$rtexit$$00000000)
    __rt_exit_ls                             0x08000223   Thumb Code     0  rtexit2.o(.ARM.Collect$$rtexit$$00000003)
    __rt_exit_prels_1                        0x08000223   Thumb Code     0  rtexit2.o(.ARM.Collect$$rtexit$$00000002)
    __rt_exit_exit                           0x08000227   Thumb Code     0  rtexit2.o(.ARM.Collect$$rtexit$$00000004)
    Reset_Handler                            0x0800022d   Thumb Code     8  startup_stm32f10x_hd.o(.text)
    ADC1_2_IRQHandler                        0x08000247   Thumb Code     0  startup_stm32f10x_hd.o(.text)
    ADC3_IRQHandler                          0x08000247   Thumb Code     0  startup_stm32f10x_hd.o(.text)
    CAN1_RX1_IRQHandler                      0x08000247   Thumb Code     0  startup_stm32f10x_hd.o(.text)
    CAN1_SCE_IRQHandler                      0x08000247   Thumb Code     0  startup_stm32f10x_hd.o(.text)
    DMA1_Channel1_IRQHandler                 0x08000247   Thumb Code     0  startup_stm32f10x_hd.o(.text)
    DMA1_Channel2_IRQHandler                 0x08000247   Thumb Code     0  startup_stm32f10x_hd.o(.text)
    DMA1_Channel3_IRQHandler                 0x08000247   Thumb Code     0  startup_stm32f10x_hd.o(.text)
    DMA1_Channel4_IRQHandler                 0x08000247   Thumb Code     0  startup_stm32f10x_hd.o(.text)
    DMA1_Channel5_IRQHandler                 0x08000247   Thumb Code     0  startup_stm32f10x_hd.o(.text)
    DMA1_Channel6_IRQHandler                 0x08000247   Thumb Code     0  startup_stm32f10x_hd.o(.text)
    DMA1_Channel7_IRQHandler                 0x08000247   Thumb Code     0  startup_stm32f10x_hd.o(.text)
    DMA2_Channel1_IRQHandler                 0x08000247   Thumb Code     0  startup_stm32f10x_hd.o(.text)
    DMA2_Channel2_IRQHandler                 0x08000247   Thumb Code     0  startup_stm32f10x_hd.o(.text)
    DMA2_Channel3_IRQHandler                 0x08000247   Thumb Code     0  startup_stm32f10x_hd.o(.text)
    DMA2_Channel4_5_IRQHandler               0x08000247   Thumb Code     0  startup_stm32f10x_hd.o(.text)
    EXTI1_IRQHandler                         0x08000247   Thumb Code     0  startup_stm32f10x_hd.o(.text)
    EXTI2_IRQHandler                         0x08000247   Thumb Code     0  startup_stm32f10x_hd.o(.text)
    EXTI3_IRQHandler                         0x08000247   Thumb Code     0  startup_stm32f10x_hd.o(.text)
    EXTI4_IRQHandler                         0x08000247   Thumb Code     0  startup_stm32f10x_hd.o(.text)
    FLASH_IRQHandler                         0x08000247   Thumb Code     0  startup_stm32f10x_hd.o(.text)
    FSMC_IRQHandler                          0x08000247   Thumb Code     0  startup_stm32f10x_hd.o(.text)
    I2C1_ER_IRQHandler                       0x08000247   Thumb Code     0  startup_stm32f10x_hd.o(.text)
    I2C1_EV_IRQHandler                       0x08000247   Thumb Code     0  startup_stm32f10x_hd.o(.text)
    I2C2_ER_IRQHandler                       0x08000247   Thumb Code     0  startup_stm32f10x_hd.o(.text)
    I2C2_EV_IRQHandler                       0x08000247   Thumb Code     0  startup_stm32f10x_hd.o(.text)
    PVD_IRQHandler                           0x08000247   Thumb Code     0  startup_stm32f10x_hd.o(.text)
    RCC_IRQHandler                           0x08000247   Thumb Code     0  startup_stm32f10x_hd.o(.text)
    RTCAlarm_IRQHandler                      0x08000247   Thumb Code     0  startup_stm32f10x_hd.o(.text)
    RTC_IRQHandler                           0x08000247   Thumb Code     0  startup_stm32f10x_hd.o(.text)
    SDIO_IRQHandler                          0x08000247   Thumb Code     0  startup_stm32f10x_hd.o(.text)
    SPI1_IRQHandler                          0x08000247   Thumb Code     0  startup_stm32f10x_hd.o(.text)
    SPI2_IRQHandler                          0x08000247   Thumb Code     0  startup_stm32f10x_hd.o(.text)
    SPI3_IRQHandler                          0x08000247   Thumb Code     0  startup_stm32f10x_hd.o(.text)
    TAMPER_IRQHandler                        0x08000247   Thumb Code     0  startup_stm32f10x_hd.o(.text)
    TIM1_BRK_IRQHandler                      0x08000247   Thumb Code     0  startup_stm32f10x_hd.o(.text)
    TIM1_CC_IRQHandler                       0x08000247   Thumb Code     0  startup_stm32f10x_hd.o(.text)
    TIM1_TRG_COM_IRQHandler                  0x08000247   Thumb Code     0  startup_stm32f10x_hd.o(.text)
    TIM1_UP_IRQHandler                       0x08000247   Thumb Code     0  startup_stm32f10x_hd.o(.text)
    TIM2_IRQHandler                          0x08000247   Thumb Code     0  startup_stm32f10x_hd.o(.text)
    TIM5_IRQHandler                          0x08000247   Thumb Code     0  startup_stm32f10x_hd.o(.text)
    TIM6_IRQHandler                          0x08000247   Thumb Code     0  startup_stm32f10x_hd.o(.text)
    TIM7_IRQHandler                          0x08000247   Thumb Code     0  startup_stm32f10x_hd.o(.text)
    TIM8_BRK_IRQHandler                      0x08000247   Thumb Code     0  startup_stm32f10x_hd.o(.text)
    TIM8_CC_IRQHandler                       0x08000247   Thumb Code     0  startup_stm32f10x_hd.o(.text)
    TIM8_TRG_COM_IRQHandler                  0x08000247   Thumb Code     0  startup_stm32f10x_hd.o(.text)
    TIM8_UP_IRQHandler                       0x08000247   Thumb Code     0  startup_stm32f10x_hd.o(.text)
    UART4_IRQHandler                         0x08000247   Thumb Code     0  startup_stm32f10x_hd.o(.text)
    UART5_IRQHandler                         0x08000247   Thumb Code     0  startup_stm32f10x_hd.o(.text)
    USART2_IRQHandler                        0x08000247   Thumb Code     0  startup_stm32f10x_hd.o(.text)
    USART3_IRQHandler                        0x08000247   Thumb Code     0  startup_stm32f10x_hd.o(.text)
    USBWakeUp_IRQHandler                     0x08000247   Thumb Code     0  startup_stm32f10x_hd.o(.text)
    USB_HP_CAN1_TX_IRQHandler                0x08000247   Thumb Code     0  startup_stm32f10x_hd.o(.text)
    USB_LP_CAN1_RX0_IRQHandler               0x08000247   Thumb Code     0  startup_stm32f10x_hd.o(.text)
    WWDG_IRQHandler                          0x08000247   Thumb Code     0  startup_stm32f10x_hd.o(.text)
    __user_initial_stackheap                 0x08000249   Thumb Code     0  startup_stm32f10x_hd.o(.text)
    __use_no_semihosting                     0x0800026d   Thumb Code     2  use_no_semi_2.o(.text)
    __2printf                                0x08000271   Thumb Code    20  noretval__2printf.o(.text)
    _printf_pre_padding                      0x08000289   Thumb Code    44  _printf_pad.o(.text)
    _printf_post_padding                     0x080002b5   Thumb Code    34  _printf_pad.o(.text)
    _printf_str                              0x080002d7   Thumb Code    82  _printf_str.o(.text)
    _printf_int_dec                          0x08000329   Thumb Code   104  _printf_dec.o(.text)
    _printf_int_hex                          0x080003a1   Thumb Code    84  _printf_hex_int.o(.text)
    _printf_longlong_hex                     0x080003a1   Thumb Code     0  _printf_hex_int.o(.text)
    __printf                                 0x080003f9   Thumb Code   388  __printf_flags_ss_wp.o(.text)
    __aeabi_memclr4                          0x08000581   Thumb Code     0  rt_memclr_w.o(.text)
    __aeabi_memclr8                          0x08000581   Thumb Code     0  rt_memclr_w.o(.text)
    __rt_memclr_w                            0x08000581   Thumb Code    78  rt_memclr_w.o(.text)
    _memset_w                                0x08000585   Thumb Code     0  rt_memclr_w.o(.text)
    strcmp                                   0x080005d1   Thumb Code   128  strcmpv7m.o(.text)
    __use_two_region_memory                  0x08000651   Thumb Code     2  heapauxi.o(.text)
    __rt_heap_escrow$2region                 0x08000653   Thumb Code     2  heapauxi.o(.text)
    __rt_heap_expand$2region                 0x08000655   Thumb Code     2  heapauxi.o(.text)
    __I$use$semihosting                      0x08000657   Thumb Code     0  use_no_semi.o(.text)
    __use_no_semihosting_swi                 0x08000657   Thumb Code     2  use_no_semi.o(.text)
    _printf_int_common                       0x08000659   Thumb Code   178  _printf_intcommon.o(.text)
    _printf_cs_common                        0x0800070b   Thumb Code    20  _printf_char.o(.text)
    _printf_char                             0x0800071f   Thumb Code    16  _printf_char.o(.text)
    _printf_string                           0x0800072f   Thumb Code     8  _printf_char.o(.text)
    _printf_char_file                        0x08000739   Thumb Code    32  _printf_char_file.o(.text)
    _printf_char_common                      0x08000767   Thumb Code    32  _printf_char_common.o(.text)
    ferror                                   0x0800078d   Thumb Code     8  ferror.o(.text)
    __user_setup_stackheap                   0x08000795   Thumb Code    74  sys_stackheap_outer.o(.text)
    exit                                     0x080007df   Thumb Code    18  exit.o(.text)
    __user_libspace                          0x080007f1   Thumb Code     8  libspace.o(.text)
    __user_perproc_libspace                  0x080007f1   Thumb Code     0  libspace.o(.text)
    __user_perthread_libspace                0x080007f1   Thumb Code     0  libspace.o(.text)
    BusFault_Handler                         0x080007f9   Thumb Code     2  stm32f10x_it.o(i.BusFault_Handler)
    DebugMon_Handler                         0x080007fb   Thumb Code     2  stm32f10x_it.o(i.DebugMon_Handler)
    EXTI0_IRQHandler                         0x080007fd   Thumb Code    66  exti.o(i.EXTI0_IRQHandler)
    EXTI15_10_IRQHandler                     0x0800084d   Thumb Code    58  exti.o(i.EXTI15_10_IRQHandler)
    EXTI9_5_IRQHandler                       0x08000891   Thumb Code    46  exti.o(i.EXTI9_5_IRQHandler)
    EXTI_ClearITPendingBit                   0x080008c9   Thumb Code     6  stm32f10x_exti.o(i.EXTI_ClearITPendingBit)
    EXTI_GetITStatus                         0x080008d5   Thumb Code    28  stm32f10x_exti.o(i.EXTI_GetITStatus)
    GPIO_Init                                0x080008f5   Thumb Code   156  stm32f10x_gpio.o(i.GPIO_Init)
    GPIO_ReadInputDataBit                    0x08000991   Thumb Code    14  stm32f10x_gpio.o(i.GPIO_ReadInputDataBit)
    GPIO_ResetBits                           0x0800099f   Thumb Code     4  stm32f10x_gpio.o(i.GPIO_ResetBits)
    GPIO_SetBits                             0x080009a3   Thumb Code     4  stm32f10x_gpio.o(i.GPIO_SetBits)
    HardFault_Handler                        0x080009a7   Thumb Code     2  stm32f10x_it.o(i.HardFault_Handler)
    LCD_Fast_DrawPoint                       0x080009a9   Thumb Code   582  lcd.o(i.LCD_Fast_DrawPoint)
    LCD_Pow                                  0x08000bfd   Thumb Code    16  lcd.o(i.LCD_Pow)
    LCD_ShowChar                             0x08000c0d   Thumb Code   182  lcd.o(i.LCD_ShowChar)
    LCD_ShowString                           0x08000cd9   Thumb Code    84  lcd.o(i.LCD_ShowString)
    LCD_ShowxNum                             0x08000d2d   Thumb Code   134  lcd.o(i.LCD_ShowxNum)
    LCD_WR_REG                               0x08000db5   Thumb Code    26  lcd.o(i.LCD_WR_REG)
    LCD_WriteReg                             0x08000dd9   Thumb Code    34  lcd.o(i.LCD_WriteReg)
    LED_Init                                 0x08000e05   Thumb Code    74  led.o(i.LED_Init)
    M8266HostIf_GPIO_CS_RESET_Init           0x08000e59   Thumb Code    82  m8266hostif_stm32xx.o(i.M8266HostIf_GPIO_CS_RESET_Init)
    M8266HostIf_Init                         0x08000eb5   Thumb Code    14  m8266hostif_stm32xx.o(i.M8266HostIf_Init)
    M8266HostIf_SPI_DMA_StartReceiveSendData 0x08000ec5   Thumb Code    90  m8266wifidrv.o(i.M8266HostIf_SPI_DMA_StartReceiveSendData)
    M8266HostIf_SPI_Init                     0x08000f29   Thumb Code   134  m8266hostif_stm32xx.o(i.M8266HostIf_SPI_Init)
    M8266HostIf_SPI_Select                   0x08000fb9   Thumb Code   192  m8266wifidrv.o(i.M8266HostIf_SPI_Select)
    M8266HostIf_SPI_SetSpeed                 0x0800108d   Thumb Code    24  m8266hostif_stm32xx.o(i.M8266HostIf_SPI_SetSpeed)
    M8266HostIf_SPI_rrs                      0x080010a9   Thumb Code    18  m8266wifidrv.o(i.M8266HostIf_SPI_rrs)
    M8266HostIf_SPI_wrs                      0x080010c1   Thumb Code    44  m8266wifidrv.o(i.M8266HostIf_SPI_wrs)
    M8266HostIf_Set_SPI_nCS_Pin              0x080010f1   Thumb Code    18  m8266hostif_stm32xx.o(i.M8266HostIf_Set_SPI_nCS_Pin)
    M8266HostIf_Set_nRESET_Pin               0x08001109   Thumb Code    16  m8266hostif_stm32xx.o(i.M8266HostIf_Set_nRESET_Pin)
    M8266HostIf_delay_us                     0x0800111d   Thumb Code     4  m8266hostif_stm32xx.o(i.M8266HostIf_delay_us)
    M8266WIFI_Module_Hardware_Reset          0x08001121   Thumb Code    58  m8266wifi_ops.o(i.M8266WIFI_Module_Hardware_Reset)
    M8266WIFI_Module_Init_Via_SPI            0x0800115d   Thumb Code   220  m8266wifi_ops.o(i.M8266WIFI_Module_Init_Via_SPI)
    M8266WIFI_Module_delay_ms                0x0800125d   Thumb Code    34  m8266wifi_ops.o(i.M8266WIFI_Module_delay_ms)
    M8266WIFI_SPI_Config_STA_Param           0x0800127f   Thumb Code    22  m8266wifidrv.o(i.M8266WIFI_SPI_Config_STA_Param)
    M8266WIFI_SPI_Config_STA_StaticIpAddr    0x08001295   Thumb Code   122  m8266wifidrv.o(i.M8266WIFI_SPI_Config_STA_StaticIpAddr)
    M8266WIFI_SPI_Delete_Connection          0x0800130f   Thumb Code    18  m8266wifidrv.o(i.M8266WIFI_SPI_Delete_Connection)
    M8266WIFI_SPI_Get_Module_Info            0x08001321   Thumb Code   170  m8266wifidrv.o(i.M8266WIFI_SPI_Get_Module_Info)
    M8266WIFI_SPI_Get_Opmode                 0x080013cb   Thumb Code   102  m8266wifidrv.o(i.M8266WIFI_SPI_Get_Opmode)
    M8266WIFI_SPI_Get_STA_Connection_Status  0x08001431   Thumb Code   108  m8266wifidrv.o(i.M8266WIFI_SPI_Get_STA_Connection_Status)
    M8266WIFI_SPI_Get_STA_IP_Addr            0x0800149d   Thumb Code   124  m8266wifidrv.o(i.M8266WIFI_SPI_Get_STA_IP_Addr)
    M8266WIFI_SPI_Has_DataReceived           0x08001519   Thumb Code    22  m8266wifidrv.o(i.M8266WIFI_SPI_Has_DataReceived)
    M8266WIFI_SPI_Interface_Communication_OK 0x08001531   Thumb Code    66  m8266wifidrv.o(i.M8266WIFI_SPI_Interface_Communication_OK)
    M8266WIFI_SPI_Interface_Communication_Stress_Test 0x08001579   Thumb Code    98  m8266wifidrv.o(i.M8266WIFI_SPI_Interface_Communication_Stress_Test)
    M8266WIFI_SPI_Query_Connection           0x080015db   Thumb Code   230  m8266wifidrv.o(i.M8266WIFI_SPI_Query_Connection)
    M8266WIFI_SPI_Recv                       0x080016c1   Thumb Code   522  m8266wifidrv.o(i.M8266WIFI_SPI_Recv)
    M8266WIFI_SPI_RecvData                   0x080018d9   Thumb Code    28  m8266wifidrv.o(i.M8266WIFI_SPI_RecvData)
    M8266WIFI_SPI_STA_Connect_Ap             0x080018f5   Thumb Code   436  m8266wifidrv.o(i.M8266WIFI_SPI_STA_Connect_Ap)
    M8266WIFI_SPI_STA_Connect_Ap_Old         0x08001ab5   Thumb Code   386  m8266wifidrv.o(i.M8266WIFI_SPI_STA_Connect_Ap_Old)
    M8266WIFI_SPI_STA_Query_Current_SSID_And_RSSI 0x08001c37   Thumb Code   150  m8266wifidrv.o(i.M8266WIFI_SPI_STA_Query_Current_SSID_And_RSSI)
    M8266WIFI_SPI_Set_Opmode                 0x08001ccd   Thumb Code   142  m8266wifidrv.o(i.M8266WIFI_SPI_Set_Opmode)
    M8266WIFI_SPI_Setup_Connection           0x08001d5d   Thumb Code   512  m8266wifidrv.o(i.M8266WIFI_SPI_Setup_Connection)
    M8266WIFI_SPI_Slave_Has_Response         0x08001f71   Thumb Code    22  m8266wifidrv.o(i.M8266WIFI_SPI_Slave_Has_Response)
    M8266WIFI_SPI_Status_Start_To_Rxd_Has_Been_Cleared 0x08001f87   Thumb Code    22  m8266wifidrv.o(i.M8266WIFI_SPI_Status_Start_To_Rxd_Has_Been_Cleared)
    M8266WIFI_SPI_TxdBuffer_Free             0x08001f9d   Thumb Code    22  m8266wifidrv.o(i.M8266WIFI_SPI_TxdBuffer_Free)
    M8266WIFI_SPI_capstp                     0x08001fb5   Thumb Code   224  m8266wifidrv.o(i.M8266WIFI_SPI_capstp)
    M8266WIFI_SPI_csb                        0x0800209d   Thumb Code    88  m8266wifidrv.o(i.M8266WIFI_SPI_csb)
    M8266WIFI_SPI_dlodc                      0x080020f5   Thumb Code   360  m8266wifidrv.o(i.M8266WIFI_SPI_dlodc)
    M8266WIFI_SPI_qacal                      0x0800225d   Thumb Code   238  m8266wifidrv.o(i.M8266WIFI_SPI_qacal)
    M8266WIFI_SPI_rra                        0x0800234b   Thumb Code    32  m8266wifidrv.o(i.M8266WIFI_SPI_rra)
    M8266WIFI_SPI_rru                        0x0800236b   Thumb Code    66  m8266wifidrv.o(i.M8266WIFI_SPI_rru)
    M8266WIFI_SPI_rrud                       0x080023ad   Thumb Code    68  m8266wifidrv.o(i.M8266WIFI_SPI_rrud)
    M8266WIFI_SPI_sbis                       0x080023f5   Thumb Code    28  m8266wifidrv.o(i.M8266WIFI_SPI_sbis)
    M8266WIFI_SPI_srh                        0x08002411   Thumb Code   284  m8266wifidrv.o(i.M8266WIFI_SPI_srh)
    M8266WIFI_SPI_ssa                        0x08002535   Thumb Code    32  m8266wifidrv.o(i.M8266WIFI_SPI_ssa)
    M8266WIFI_SPI_ssb                        0x08002555   Thumb Code   116  m8266wifidrv.o(i.M8266WIFI_SPI_ssb)
    M8266WIFI_SPI_ssmd                       0x080025c9   Thumb Code   154  m8266wifidrv.o(i.M8266WIFI_SPI_ssmd)
    M8266WIFI_SPI_ssu                        0x08002669   Thumb Code    72  m8266wifidrv.o(i.M8266WIFI_SPI_ssu)
    M8266WIFI_SPI_tufs                       0x080026b5   Thumb Code    22  m8266wifidrv.o(i.M8266WIFI_SPI_tufs)
    M8266WIFI_SPI_wait_sta_connecting_to_ap_and_get_ip 0x080026cd   Thumb Code    68  m8266wifi_ops.o(i.M8266WIFI_SPI_wait_sta_connecting_to_ap_and_get_ip)
    M8266WIFI_SPI_wscbf                      0x08002719   Thumb Code    66  m8266wifidrv.o(i.M8266WIFI_SPI_wscbf)
    M8266WIFI_SPI_wscr                       0x0800275b   Thumb Code    76  m8266wifidrv.o(i.M8266WIFI_SPI_wscr)
    M8266WIFI_SPI_wspsr                      0x080027a7   Thumb Code    84  m8266wifidrv.o(i.M8266WIFI_SPI_wspsr)
    M8266WIFI_SPI_wsscbhud                   0x080027fb   Thumb Code    62  m8266wifidrv.o(i.M8266WIFI_SPI_wsscbhud)
    M8266WIFI_SPI_wsscrhd                    0x08002839   Thumb Code    68  m8266wifidrv.o(i.M8266WIFI_SPI_wsscrhd)
    M8266WIFI_Wait_SPI_sfad                  0x0800287d   Thumb Code    64  m8266wifidrv.o(i.M8266WIFI_Wait_SPI_sfad)
    MemManage_Handler                        0x080028bd   Thumb Code     2  stm32f10x_it.o(i.MemManage_Handler)
    NMI_Handler                              0x080028bf   Thumb Code     2  stm32f10x_it.o(i.NMI_Handler)
    NRF24L01_Check                           0x080028c1   Thumb Code    68  24l01.o(i.NRF24L01_Check)
    NRF24L01_Init                            0x0800290d   Thumb Code   190  24l01.o(i.NRF24L01_Init)
    NRF24L01_Read_Buf                        0x080029e1   Thumb Code    54  24l01.o(i.NRF24L01_Read_Buf)
    NRF24L01_Read_Reg                        0x08002a1d   Thumb Code    30  24l01.o(i.NRF24L01_Read_Reg)
    NRF24L01_TX_Mode                         0x08002a41   Thumb Code    90  24l01.o(i.NRF24L01_TX_Mode)
    NRF24L01_TxPacket                        0x08002aa5   Thumb Code    86  24l01.o(i.NRF24L01_TxPacket)
    NRF24L01_Write_Buf                       0x08002b01   Thumb Code    54  24l01.o(i.NRF24L01_Write_Buf)
    NRF24L01_Write_Reg                       0x08002b3d   Thumb Code    40  24l01.o(i.NRF24L01_Write_Reg)
    NVIC_Init                                0x08002b69   Thumb Code    94  misc.o(i.NVIC_Init)
    NVIC_PriorityGroupConfig                 0x08002bcd   Thumb Code    10  misc.o(i.NVIC_PriorityGroupConfig)
    OV7725_Brightness                        0x08002be1   Thumb Code    78  ov7725.o(i.OV7725_Brightness)
    OV7725_Color_Saturation                  0x08002c2f   Thumb Code    34  ov7725.o(i.OV7725_Color_Saturation)
    OV7725_Contrast                          0x08002c51   Thumb Code    22  ov7725.o(i.OV7725_Contrast)
    OV7725_Light_Mode                        0x08002c67   Thumb Code   152  ov7725.o(i.OV7725_Light_Mode)
    OV7725_Special_Effects                   0x08002cff   Thumb Code   138  ov7725.o(i.OV7725_Special_Effects)
    OV7725_Window_Set                        0x08002d89   Thumb Code   326  ov7725.o(i.OV7725_Window_Set)
    PendSV_Handler                           0x08002ecf   Thumb Code     2  stm32f10x_it.o(i.PendSV_Handler)
    RCC_APB1PeriphClockCmd                   0x08002ed1   Thumb Code    18  stm32f10x_rcc.o(i.RCC_APB1PeriphClockCmd)
    RCC_APB1PeriphResetCmd                   0x08002ee9   Thumb Code    18  stm32f10x_rcc.o(i.RCC_APB1PeriphResetCmd)
    RCC_APB2PeriphClockCmd                   0x08002f01   Thumb Code    18  stm32f10x_rcc.o(i.RCC_APB2PeriphClockCmd)
    RCC_GetClocksFreq                        0x08002f19   Thumb Code   132  stm32f10x_rcc.o(i.RCC_GetClocksFreq)
    SCCB_No_Ack                              0x08002fad   Thumb Code    52  sccb.o(i.SCCB_No_Ack)
    SCCB_RD_Byte                             0x08002fe5   Thumb Code    98  sccb.o(i.SCCB_RD_Byte)
    SCCB_RD_Reg                              0x08003051   Thumb Code    76  sccb.o(i.SCCB_RD_Reg)
    SCCB_Start                               0x0800309d   Thumb Code    38  sccb.o(i.SCCB_Start)
    SCCB_Stop                                0x080030c9   Thumb Code    42  sccb.o(i.SCCB_Stop)
    SCCB_WR_Byte                             0x080030f9   Thumb Code   126  sccb.o(i.SCCB_WR_Byte)
    SCCB_WR_Reg                              0x08003181   Thumb Code    62  sccb.o(i.SCCB_WR_Reg)
    SPI1_Init                                0x080031c1   Thumb Code   110  spi.o(i.SPI1_Init)
    SPI1_ReadWriteByte                       0x0800323d   Thumb Code    76  spi.o(i.SPI1_ReadWriteByte)
    SPI1_SetSpeed                            0x0800328d   Thumb Code    26  spi.o(i.SPI1_SetSpeed)
    SPI_Cmd                                  0x080032ad   Thumb Code    20  stm32f10x_spi.o(i.SPI_Cmd)
    SPI_I2S_GetFlagStatus                    0x080032c1   Thumb Code    14  stm32f10x_spi.o(i.SPI_I2S_GetFlagStatus)
    SPI_I2S_ReceiveData                      0x080032cf   Thumb Code     4  stm32f10x_spi.o(i.SPI_I2S_ReceiveData)
    SPI_I2S_SendData                         0x080032d3   Thumb Code     4  stm32f10x_spi.o(i.SPI_I2S_SendData)
    SPI_Init                                 0x080032d7   Thumb Code    56  stm32f10x_spi.o(i.SPI_Init)
    SPI_STA_Get_HostIP_by_HostName           0x08003311   Thumb Code   364  m8266wifidrv.o(i.SPI_STA_Get_HostIP_by_HostName)
    SVC_Handler                              0x08003495   Thumb Code     2  stm32f10x_it.o(i.SVC_Handler)
    SysTick_CLKSourceConfig                  0x08003541   Thumb Code    24  misc.o(i.SysTick_CLKSourceConfig)
    SysTick_Handler                          0x08003559   Thumb Code     2  stm32f10x_it.o(i.SysTick_Handler)
    SystemInit                               0x0800355d   Thumb Code    64  system_stm32f10x.o(i.SystemInit)
    TIM3_IRQHandler                          0x080035ad   Thumb Code    40  timer.o(i.TIM3_IRQHandler)
    TIM4_IRQHandler                          0x080035ed   Thumb Code    44  usmart.o(i.TIM4_IRQHandler)
    TIM_ClearITPendingBit                    0x08003621   Thumb Code     6  stm32f10x_tim.o(i.TIM_ClearITPendingBit)
    TIM_GetITStatus                          0x08003627   Thumb Code    24  stm32f10x_tim.o(i.TIM_GetITStatus)
    Timer4_Init                              0x08003641   Thumb Code    74  usmart.o(i.Timer4_Init)
    USART1_IRQHandler                        0x08003695   Thumb Code    88  usart.o(i.USART1_IRQHandler)
    USART_Cmd                                0x080036f9   Thumb Code    20  stm32f10x_usart.o(i.USART_Cmd)
    USART_GetITStatus                        0x0800370d   Thumb Code    62  stm32f10x_usart.o(i.USART_GetITStatus)
    USART_ITConfig                           0x0800374b   Thumb Code    48  stm32f10x_usart.o(i.USART_ITConfig)
    USART_Init                               0x0800377d   Thumb Code   166  stm32f10x_usart.o(i.USART_Init)
    USART_ReceiveData                        0x08003829   Thumb Code     8  stm32f10x_usart.o(i.USART_ReceiveData)
    UsageFault_Handler                       0x08003831   Thumb Code     2  stm32f10x_it.o(i.UsageFault_Handler)
    WIFI_Init                                0x08003835   Thumb Code   158  m8266hostif_stm32xx.o(i.WIFI_Init)
    _is_digit                                0x08003929   Thumb Code    14  __printf_wp.o(i._is_digit)
    _sys_exit                                0x08003937   Thumb Code     2  usart.o(i._sys_exit)
    delay_init                               0x08003939   Thumb Code    46  delay.o(i.delay_init)
    delay_ms                                 0x08003975   Thumb Code    46  delay.o(i.delay_ms)
    delay_us                                 0x080039a9   Thumb Code    46  delay.o(i.delay_us)
    fputc                                    0x080039dd   Thumb Code    18  usart.o(i.fputc)
    fvcp                                     0x080039f5   Thumb Code    76  m8266wifidrv.o(i.fvcp)
    fvdnstap                                 0x08003a41   Thumb Code    44  m8266wifidrv.o(i.fvdnstap)
    main                                     0x08003a71   Thumb Code   188  main.o(i.main)
    read_addr                                0x08003b39   Thumb Code     4  usmart.o(i.read_addr)
    uart_init                                0x08003b3d   Thumb Code   152  usart.o(i.uart_init)
    usmart_cmd_rec                           0x08003bdd   Thumb Code   144  usmart.o(i.usmart_cmd_rec)
    usmart_exe                               0x08003c71   Thumb Code   514  usmart.o(i.usmart_exe)
    usmart_get_aparm                         0x08003ed5   Thumb Code   156  usmart_str.o(i.usmart_get_aparm)
    usmart_get_cmdname                       0x08003f71   Thumb Code    46  usmart_str.o(i.usmart_get_cmdname)
    usmart_get_fname                         0x08003fa1   Thumb Code   352  usmart_str.o(i.usmart_get_fname)
    usmart_get_fparam                        0x08004109   Thumb Code   202  usmart_str.o(i.usmart_get_fparam)
    usmart_get_parmpos                       0x080041d9   Thumb Code    30  usmart_str.o(i.usmart_get_parmpos)
    usmart_get_runtime                       0x080041fd   Thumb Code    38  usmart.o(i.usmart_get_runtime)
    usmart_init                              0x0800422d   Thumb Code    36  usmart.o(i.usmart_init)
    usmart_pow                               0x08004255   Thumb Code    16  usmart_str.o(i.usmart_pow)
    usmart_reset_runtime                     0x08004265   Thumb Code    36  usmart.o(i.usmart_reset_runtime)
    usmart_scan                              0x08004291   Thumb Code    94  usmart.o(i.usmart_scan)
    usmart_search_nextc                      0x08004335   Thumb Code    16  usmart_str.o(i.usmart_search_nextc)
    usmart_str2num                           0x08004345   Thumb Code   160  usmart_str.o(i.usmart_str2num)
    usmart_strcmp                            0x080043e5   Thumb Code    24  usmart_str.o(i.usmart_strcmp)
    usmart_strcopy                           0x080043fd   Thumb Code    18  usmart_str.o(i.usmart_strcopy)
    usmart_strlen                            0x0800440f   Thumb Code    18  usmart_str.o(i.usmart_strlen)
    usmart_sys_cmd_exe                       0x08004421   Thumb Code  1442  usmart.o(i.usmart_sys_cmd_exe)
    write_addr                               0x08004a91   Thumb Code     4  usmart.o(i.write_addr)
    asc2_1206                                0x08004a94   Data        1140  lcd.o(.constdata)
    asc2_1608                                0x08004f08   Data        1520  lcd.o(.constdata)
    asc2_2412                                0x080054f8   Data        3420  lcd.o(.constdata)
    TX_ADDRESS                               0x08006254   Data           5  24l01.o(.constdata)
    RX_ADDRESS                               0x08006259   Data           5  24l01.o(.constdata)
    cpu_name                                 0x08006266   Data          16  m8266wifidrv.o(.constdata)
    Region$$Table$$Base                      0x08006474   Number         0  anon$$obj.o(Region$$Table)
    Region$$Table$$Limit                     0x08006494   Number         0  anon$$obj.o(Region$$Table)
    SystemCoreClock                          0x20000000   Data           4  system_stm32f10x.o(.data)
    AHBPrescTable                            0x20000004   Data          16  system_stm32f10x.o(.data)
    ov_frame                                 0x20000014   Data           1  timer.o(.data)
    ov_sta                                   0x20000015   Data           1  exti.o(.data)
    POINT_COLOR                              0x20000016   Data           2  lcd.o(.data)
    BACK_COLOR                               0x20000018   Data           2  lcd.o(.data)
    USART_RX_STA                             0x2000001e   Data           2  usart.o(.data)
    __stdout                                 0x20000020   Data           4  usart.o(.data)
    sys_cmd_tab                              0x20000038   Data          28  usmart.o(.data)
    usmart_nametab                           0x20000054   Data          96  usmart_config.o(.data)
    usmart_dev                               0x200000b4   Data         244  usmart_config.o(.data)
    CONNECTED                                0x200001a8   Data           1  m8266hostif_stm32xx.o(.data)
    lcddev                                   0x200001d8   Data          14  lcd.o(.bss)
    SPI_InitStructure                        0x200001e6   Data          18  spi.o(.bss)
    USART_RX_BUF                             0x200001f8   Data         200  usart.o(.bss)
    __libspace_start                         0x20000304   Data          96  libspace.o(.bss)
    __temporary_stack_top$libspace           0x20000364   Data           0  libspace.o(.bss)



==============================================================================

Memory Map of the image

  Image Entry point : 0x08000131

  Load Region LR_IROM1 (Base: 0x08000000, Size: 0x0000666c, Max: 0x00040000, ABSOLUTE, COMPRESSED[0x00006534])

    Execution Region ER_IROM1 (Exec base: 0x08000000, Load base: 0x08000000, Size: 0x00006494, Max: 0x00040000, ABSOLUTE)

    Exec Addr    Load Addr    Size         Type   Attr      Idx    E Section Name        Object

    0x08000000   0x08000000   0x00000130   Data   RO          972    RESET               startup_stm32f10x_hd.o
    0x08000130   0x08000130   0x00000008   Code   RO         2911  * !!!main             c_w.l(__main.o)
    0x08000138   0x08000138   0x00000034   Code   RO         3100    !!!scatter          c_w.l(__scatter.o)
    0x0800016c   0x0800016c   0x0000005a   Code   RO         3098    !!dczerorl2         c_w.l(__dczerorl2.o)
    0x080001c6   0x080001c6   0x00000002   PAD
    0x080001c8   0x080001c8   0x0000001c   Code   RO         3102    !!handler_zi        c_w.l(__scatter_zi.o)
    0x080001e4   0x080001e4   0x00000000   Code   RO         2904    .ARM.Collect$$_printf_percent$$00000000  c_w.l(_printf_percent.o)
    0x080001e4   0x080001e4   0x00000006   Code   RO         2902    .ARM.Collect$$_printf_percent$$00000009  c_w.l(_printf_d.o)
    0x080001ea   0x080001ea   0x00000006   Code   RO         2903    .ARM.Collect$$_printf_percent$$0000000A  c_w.l(_printf_u.o)
    0x080001f0   0x080001f0   0x00000006   Code   RO         2901    .ARM.Collect$$_printf_percent$$0000000C  c_w.l(_printf_x.o)
    0x080001f6   0x080001f6   0x00000006   Code   RO         2899    .ARM.Collect$$_printf_percent$$00000013  c_w.l(_printf_c.o)
    0x080001fc   0x080001fc   0x00000006   Code   RO         2900    .ARM.Collect$$_printf_percent$$00000014  c_w.l(_printf_s.o)
    0x08000202   0x08000202   0x00000004   Code   RO         2934    .ARM.Collect$$_printf_percent$$00000017  c_w.l(_printf_percent_end.o)
    0x08000206   0x08000206   0x00000002   Code   RO         2972    .ARM.Collect$$libinit$$00000000  c_w.l(libinit.o)
    0x08000208   0x08000208   0x00000000   Code   RO         2979    .ARM.Collect$$libinit$$00000002  c_w.l(libinit2.o)
    0x08000208   0x08000208   0x00000000   Code   RO         2981    .ARM.Collect$$libinit$$00000004  c_w.l(libinit2.o)
    0x08000208   0x08000208   0x00000000   Code   RO         2984    .ARM.Collect$$libinit$$0000000A  c_w.l(libinit2.o)
    0x08000208   0x08000208   0x00000000   Code   RO         2986    .ARM.Collect$$libinit$$0000000C  c_w.l(libinit2.o)
    0x08000208   0x08000208   0x00000000   Code   RO         2988    .ARM.Collect$$libinit$$0000000E  c_w.l(libinit2.o)
    0x08000208   0x08000208   0x00000000   Code   RO         2991    .ARM.Collect$$libinit$$00000011  c_w.l(libinit2.o)
    0x08000208   0x08000208   0x00000000   Code   RO         2993    .ARM.Collect$$libinit$$00000013  c_w.l(libinit2.o)
    0x08000208   0x08000208   0x00000000   Code   RO         2995    .ARM.Collect$$libinit$$00000015  c_w.l(libinit2.o)
    0x08000208   0x08000208   0x00000000   Code   RO         2997    .ARM.Collect$$libinit$$00000017  c_w.l(libinit2.o)
    0x08000208   0x08000208   0x00000000   Code   RO         2999    .ARM.Collect$$libinit$$00000019  c_w.l(libinit2.o)
    0x08000208   0x08000208   0x00000000   Code   RO         3001    .ARM.Collect$$libinit$$0000001B  c_w.l(libinit2.o)
    0x08000208   0x08000208   0x00000000   Code   RO         3003    .ARM.Collect$$libinit$$0000001D  c_w.l(libinit2.o)
    0x08000208   0x08000208   0x00000000   Code   RO         3005    .ARM.Collect$$libinit$$0000001F  c_w.l(libinit2.o)
    0x08000208   0x08000208   0x00000000   Code   RO         3007    .ARM.Collect$$libinit$$00000021  c_w.l(libinit2.o)
    0x08000208   0x08000208   0x00000000   Code   RO         3009    .ARM.Collect$$libinit$$00000023  c_w.l(libinit2.o)
    0x08000208   0x08000208   0x00000000   Code   RO         3011    .ARM.Collect$$libinit$$00000025  c_w.l(libinit2.o)
    0x08000208   0x08000208   0x00000000   Code   RO         3015    .ARM.Collect$$libinit$$0000002C  c_w.l(libinit2.o)
    0x08000208   0x08000208   0x00000000   Code   RO         3017    .ARM.Collect$$libinit$$0000002E  c_w.l(libinit2.o)
    0x08000208   0x08000208   0x00000000   Code   RO         3019    .ARM.Collect$$libinit$$00000030  c_w.l(libinit2.o)
    0x08000208   0x08000208   0x00000000   Code   RO         3021    .ARM.Collect$$libinit$$00000032  c_w.l(libinit2.o)
    0x08000208   0x08000208   0x00000002   Code   RO         3022    .ARM.Collect$$libinit$$00000033  c_w.l(libinit2.o)
    0x0800020a   0x0800020a   0x00000002   Code   RO         3040    .ARM.Collect$$libshutdown$$00000000  c_w.l(libshutdown.o)
    0x0800020c   0x0800020c   0x00000000   Code   RO         3050    .ARM.Collect$$libshutdown$$00000002  c_w.l(libshutdown2.o)
    0x0800020c   0x0800020c   0x00000000   Code   RO         3052    .ARM.Collect$$libshutdown$$00000004  c_w.l(libshutdown2.o)
    0x0800020c   0x0800020c   0x00000000   Code   RO         3055    .ARM.Collect$$libshutdown$$00000007  c_w.l(libshutdown2.o)
    0x0800020c   0x0800020c   0x00000000   Code   RO         3058    .ARM.Collect$$libshutdown$$0000000A  c_w.l(libshutdown2.o)
    0x0800020c   0x0800020c   0x00000000   Code   RO         3060    .ARM.Collect$$libshutdown$$0000000C  c_w.l(libshutdown2.o)
    0x0800020c   0x0800020c   0x00000000   Code   RO         3063    .ARM.Collect$$libshutdown$$0000000F  c_w.l(libshutdown2.o)
    0x0800020c   0x0800020c   0x00000002   Code   RO         3064    .ARM.Collect$$libshutdown$$00000010  c_w.l(libshutdown2.o)
    0x0800020e   0x0800020e   0x00000000   Code   RO         2927    .ARM.Collect$$rtentry$$00000000  c_w.l(__rtentry.o)
    0x0800020e   0x0800020e   0x00000000   Code   RO         2941    .ARM.Collect$$rtentry$$00000002  c_w.l(__rtentry2.o)
    0x0800020e   0x0800020e   0x00000006   Code   RO         2953    .ARM.Collect$$rtentry$$00000004  c_w.l(__rtentry4.o)
    0x08000214   0x08000214   0x00000000   Code   RO         2943    .ARM.Collect$$rtentry$$00000009  c_w.l(__rtentry2.o)
    0x08000214   0x08000214   0x00000004   Code   RO         2944    .ARM.Collect$$rtentry$$0000000A  c_w.l(__rtentry2.o)
    0x08000218   0x08000218   0x00000000   Code   RO         2946    .ARM.Collect$$rtentry$$0000000C  c_w.l(__rtentry2.o)
    0x08000218   0x08000218   0x00000008   Code   RO         2947    .ARM.Collect$$rtentry$$0000000D  c_w.l(__rtentry2.o)
    0x08000220   0x08000220   0x00000002   Code   RO         2976    .ARM.Collect$$rtexit$$00000000  c_w.l(rtexit.o)
    0x08000222   0x08000222   0x00000000   Code   RO         3024    .ARM.Collect$$rtexit$$00000002  c_w.l(rtexit2.o)
    0x08000222   0x08000222   0x00000004   Code   RO         3025    .ARM.Collect$$rtexit$$00000003  c_w.l(rtexit2.o)
    0x08000226   0x08000226   0x00000006   Code   RO         3026    .ARM.Collect$$rtexit$$00000004  c_w.l(rtexit2.o)
    0x0800022c   0x0800022c   0x00000040   Code   RO          973    .text               startup_stm32f10x_hd.o
    0x0800026c   0x0800026c   0x00000002   Code   RO         2844    .text               c_w.l(use_no_semi_2.o)
    0x0800026e   0x0800026e   0x00000002   PAD
    0x08000270   0x08000270   0x00000018   Code   RO         2848    .text               c_w.l(noretval__2printf.o)
    0x08000288   0x08000288   0x0000004e   Code   RO         2852    .text               c_w.l(_printf_pad.o)
    0x080002d6   0x080002d6   0x00000052   Code   RO         2854    .text               c_w.l(_printf_str.o)
    0x08000328   0x08000328   0x00000078   Code   RO         2856    .text               c_w.l(_printf_dec.o)
    0x080003a0   0x080003a0   0x00000058   Code   RO         2861    .text               c_w.l(_printf_hex_int.o)
    0x080003f8   0x080003f8   0x00000188   Code   RO         2896    .text               c_w.l(__printf_flags_ss_wp.o)
    0x08000580   0x08000580   0x0000004e   Code   RO         2905    .text               c_w.l(rt_memclr_w.o)
    0x080005ce   0x080005ce   0x00000002   PAD
    0x080005d0   0x080005d0   0x00000080   Code   RO         2907    .text               c_w.l(strcmpv7m.o)
    0x08000650   0x08000650   0x00000006   Code   RO         2909    .text               c_w.l(heapauxi.o)
    0x08000656   0x08000656   0x00000002   Code   RO         2925    .text               c_w.l(use_no_semi.o)
    0x08000658   0x08000658   0x000000b2   Code   RO         2928    .text               c_w.l(_printf_intcommon.o)
    0x0800070a   0x0800070a   0x0000002c   Code   RO         2930    .text               c_w.l(_printf_char.o)
    0x08000736   0x08000736   0x00000002   PAD
    0x08000738   0x08000738   0x00000024   Code   RO         2932    .text               c_w.l(_printf_char_file.o)
    0x0800075c   0x0800075c   0x00000030   Code   RO         2955    .text               c_w.l(_printf_char_common.o)
    0x0800078c   0x0800078c   0x00000008   Code   RO         2957    .text               c_w.l(ferror.o)
    0x08000794   0x08000794   0x0000004a   Code   RO         2961    .text               c_w.l(sys_stackheap_outer.o)
    0x080007de   0x080007de   0x00000012   Code   RO         2965    .text               c_w.l(exit.o)
    0x080007f0   0x080007f0   0x00000008   Code   RO         2973    .text               c_w.l(libspace.o)
    0x080007f8   0x080007f8   0x00000002   Code   RO          170    i.BusFault_Handler  stm32f10x_it.o
    0x080007fa   0x080007fa   0x00000002   Code   RO          171    i.DebugMon_Handler  stm32f10x_it.o
    0x080007fc   0x080007fc   0x00000050   Code   RO          321    i.EXTI0_IRQHandler  exti.o
    0x0800084c   0x0800084c   0x00000044   Code   RO          322    i.EXTI15_10_IRQHandler  exti.o
    0x08000890   0x08000890   0x00000038   Code   RO          324    i.EXTI9_5_IRQHandler  exti.o
    0x080008c8   0x080008c8   0x0000000c   Code   RO         2041    i.EXTI_ClearITPendingBit  stm32f10x_exti.o
    0x080008d4   0x080008d4   0x00000020   Code   RO         2045    i.EXTI_GetITStatus  stm32f10x_exti.o
    0x080008f4   0x080008f4   0x0000009c   Code   RO          983    i.GPIO_Init         stm32f10x_gpio.o
    0x08000990   0x08000990   0x0000000e   Code   RO          987    i.GPIO_ReadInputDataBit  stm32f10x_gpio.o
    0x0800099e   0x0800099e   0x00000004   Code   RO          990    i.GPIO_ResetBits    stm32f10x_gpio.o
    0x080009a2   0x080009a2   0x00000004   Code   RO          991    i.GPIO_SetBits      stm32f10x_gpio.o
    0x080009a6   0x080009a6   0x00000002   Code   RO          172    i.HardFault_Handler  stm32f10x_it.o
    0x080009a8   0x080009a8   0x00000254   Code   RO          392    i.LCD_Fast_DrawPoint  lcd.o
    0x08000bfc   0x08000bfc   0x00000010   Code   RO          395    i.LCD_Pow           lcd.o
    0x08000c0c   0x08000c0c   0x000000cc   Code   RO          403    i.LCD_ShowChar      lcd.o
    0x08000cd8   0x08000cd8   0x00000054   Code   RO          405    i.LCD_ShowString    lcd.o
    0x08000d2c   0x08000d2c   0x00000086   Code   RO          406    i.LCD_ShowxNum      lcd.o
    0x08000db2   0x08000db2   0x00000002   PAD
    0x08000db4   0x08000db4   0x00000024   Code   RO          408    i.LCD_WR_REG        lcd.o
    0x08000dd8   0x08000dd8   0x0000002c   Code   RO          411    i.LCD_WriteReg      lcd.o
    0x08000e04   0x08000e04   0x00000054   Code   RO          288    i.LED_Init          led.o
    0x08000e58   0x08000e58   0x0000005c   Code   RO         2395    i.M8266HostIf_GPIO_CS_RESET_Init  m8266hostif_stm32xx.o
    0x08000eb4   0x08000eb4   0x0000000e   Code   RO         2396    i.M8266HostIf_Init  m8266hostif_stm32xx.o
    0x08000ec2   0x08000ec2   0x00000002   PAD
    0x08000ec4   0x08000ec4   0x00000064   Code   RO         2591    i.M8266HostIf_SPI_DMA_StartReceiveSendData  M8266WIFIDrv_STM32F1xx.lib(m8266wifidrv.o)
    0x08000f28   0x08000f28   0x00000090   Code   RO         2397    i.M8266HostIf_SPI_Init  m8266hostif_stm32xx.o
    0x08000fb8   0x08000fb8   0x000000d4   Code   RO         2592    i.M8266HostIf_SPI_Select  M8266WIFIDrv_STM32F1xx.lib(m8266wifidrv.o)
    0x0800108c   0x0800108c   0x0000001c   Code   RO         2399    i.M8266HostIf_SPI_SetSpeed  m8266hostif_stm32xx.o
    0x080010a8   0x080010a8   0x00000018   Code   RO         2593    i.M8266HostIf_SPI_rrs  M8266WIFIDrv_STM32F1xx.lib(m8266wifidrv.o)
    0x080010c0   0x080010c0   0x00000030   Code   RO         2594    i.M8266HostIf_SPI_wrs  M8266WIFIDrv_STM32F1xx.lib(m8266wifidrv.o)
    0x080010f0   0x080010f0   0x00000018   Code   RO         2400    i.M8266HostIf_Set_SPI_nCS_Pin  m8266hostif_stm32xx.o
    0x08001108   0x08001108   0x00000014   Code   RO         2401    i.M8266HostIf_Set_nRESET_Pin  m8266hostif_stm32xx.o
    0x0800111c   0x0800111c   0x00000004   Code   RO         2402    i.M8266HostIf_delay_us  m8266hostif_stm32xx.o
    0x08001120   0x08001120   0x0000003a   Code   RO         2462    i.M8266WIFI_Module_Hardware_Reset  m8266wifi_ops.o
    0x0800115a   0x0800115a   0x00000002   PAD
    0x0800115c   0x0800115c   0x00000100   Code   RO         2463    i.M8266WIFI_Module_Init_Via_SPI  m8266wifi_ops.o
    0x0800125c   0x0800125c   0x00000022   Code   RO         2464    i.M8266WIFI_Module_delay_ms  m8266wifi_ops.o
    0x0800127e   0x0800127e   0x00000016   Code   RO         2600    i.M8266WIFI_SPI_Config_STA_Param  M8266WIFIDrv_STM32F1xx.lib(m8266wifidrv.o)
    0x08001294   0x08001294   0x0000007a   Code   RO         2601    i.M8266WIFI_SPI_Config_STA_StaticIpAddr  M8266WIFIDrv_STM32F1xx.lib(m8266wifidrv.o)
    0x0800130e   0x0800130e   0x00000012   Code   RO         2604    i.M8266WIFI_SPI_Delete_Connection  M8266WIFIDrv_STM32F1xx.lib(m8266wifidrv.o)
    0x08001320   0x08001320   0x000000aa   Code   RO         2611    i.M8266WIFI_SPI_Get_Module_Info  M8266WIFIDrv_STM32F1xx.lib(m8266wifidrv.o)
    0x080013ca   0x080013ca   0x00000066   Code   RO         2612    i.M8266WIFI_SPI_Get_Opmode  M8266WIFIDrv_STM32F1xx.lib(m8266wifidrv.o)
    0x08001430   0x08001430   0x0000006c   Code   RO         2613    i.M8266WIFI_SPI_Get_STA_Connection_Status  M8266WIFIDrv_STM32F1xx.lib(m8266wifidrv.o)
    0x0800149c   0x0800149c   0x0000007c   Code   RO         2615    i.M8266WIFI_SPI_Get_STA_IP_Addr  M8266WIFIDrv_STM32F1xx.lib(m8266wifidrv.o)
    0x08001518   0x08001518   0x00000016   Code   RO         2616    i.M8266WIFI_SPI_Has_DataReceived  M8266WIFIDrv_STM32F1xx.lib(m8266wifidrv.o)
    0x0800152e   0x0800152e   0x00000002   PAD
    0x08001530   0x08001530   0x00000048   Code   RO         2617    i.M8266WIFI_SPI_Interface_Communication_OK  M8266WIFIDrv_STM32F1xx.lib(m8266wifidrv.o)
    0x08001578   0x08001578   0x00000062   Code   RO         2618    i.M8266WIFI_SPI_Interface_Communication_Stress_Test  M8266WIFIDrv_STM32F1xx.lib(m8266wifidrv.o)
    0x080015da   0x080015da   0x000000e6   Code   RO         2630    i.M8266WIFI_SPI_Query_Connection  M8266WIFIDrv_STM32F1xx.lib(m8266wifidrv.o)
    0x080016c0   0x080016c0   0x00000218   Code   RO         2644    i.M8266WIFI_SPI_Recv  M8266WIFIDrv_STM32F1xx.lib(m8266wifidrv.o)
    0x080018d8   0x080018d8   0x0000001c   Code   RO         2645    i.M8266WIFI_SPI_RecvData  M8266WIFIDrv_STM32F1xx.lib(m8266wifidrv.o)
    0x080018f4   0x080018f4   0x000001c0   Code   RO         2649    i.M8266WIFI_SPI_STA_Connect_Ap  M8266WIFIDrv_STM32F1xx.lib(m8266wifidrv.o)
    0x08001ab4   0x08001ab4   0x00000182   Code   RO         2650    i.M8266WIFI_SPI_STA_Connect_Ap_Old  M8266WIFIDrv_STM32F1xx.lib(m8266wifidrv.o)
    0x08001c36   0x08001c36   0x00000096   Code   RO         2652    i.M8266WIFI_SPI_STA_Query_Current_SSID_And_RSSI  M8266WIFIDrv_STM32F1xx.lib(m8266wifidrv.o)
    0x08001ccc   0x08001ccc   0x0000008e   Code   RO         2658    i.M8266WIFI_SPI_Set_Opmode  M8266WIFIDrv_STM32F1xx.lib(m8266wifidrv.o)
    0x08001d5a   0x08001d5a   0x00000002   PAD
    0x08001d5c   0x08001d5c   0x00000214   Code   RO         2665    i.M8266WIFI_SPI_Setup_Connection  M8266WIFIDrv_STM32F1xx.lib(m8266wifidrv.o)
    0x08001f70   0x08001f70   0x00000016   Code   RO         2666    i.M8266WIFI_SPI_Slave_Has_Response  M8266WIFIDrv_STM32F1xx.lib(m8266wifidrv.o)
    0x08001f86   0x08001f86   0x00000016   Code   RO         2671    i.M8266WIFI_SPI_Status_Start_To_Rxd_Has_Been_Cleared  M8266WIFIDrv_STM32F1xx.lib(m8266wifidrv.o)
    0x08001f9c   0x08001f9c   0x00000016   Code   RO         2672    i.M8266WIFI_SPI_TxdBuffer_Free  M8266WIFIDrv_STM32F1xx.lib(m8266wifidrv.o)
    0x08001fb2   0x08001fb2   0x00000002   PAD
    0x08001fb4   0x08001fb4   0x000000e8   Code   RO         2675    i.M8266WIFI_SPI_capstp  M8266WIFIDrv_STM32F1xx.lib(m8266wifidrv.o)
    0x0800209c   0x0800209c   0x00000058   Code   RO         2677    i.M8266WIFI_SPI_csb  M8266WIFIDrv_STM32F1xx.lib(m8266wifidrv.o)
    0x080020f4   0x080020f4   0x00000168   Code   RO         2679    i.M8266WIFI_SPI_dlodc  M8266WIFIDrv_STM32F1xx.lib(m8266wifidrv.o)
    0x0800225c   0x0800225c   0x000000ee   Code   RO         2681    i.M8266WIFI_SPI_qacal  M8266WIFIDrv_STM32F1xx.lib(m8266wifidrv.o)
    0x0800234a   0x0800234a   0x00000020   Code   RO         2684    i.M8266WIFI_SPI_rra  M8266WIFIDrv_STM32F1xx.lib(m8266wifidrv.o)
    0x0800236a   0x0800236a   0x00000042   Code   RO         2685    i.M8266WIFI_SPI_rru  M8266WIFIDrv_STM32F1xx.lib(m8266wifidrv.o)
    0x080023ac   0x080023ac   0x00000048   Code   RO         2686    i.M8266WIFI_SPI_rrud  M8266WIFIDrv_STM32F1xx.lib(m8266wifidrv.o)
    0x080023f4   0x080023f4   0x0000001c   Code   RO         2688    i.M8266WIFI_SPI_sbis  M8266WIFIDrv_STM32F1xx.lib(m8266wifidrv.o)
    0x08002410   0x08002410   0x00000124   Code   RO         2690    i.M8266WIFI_SPI_srh  M8266WIFIDrv_STM32F1xx.lib(m8266wifidrv.o)
    0x08002534   0x08002534   0x00000020   Code   RO         2691    i.M8266WIFI_SPI_ssa  M8266WIFIDrv_STM32F1xx.lib(m8266wifidrv.o)
    0x08002554   0x08002554   0x00000074   Code   RO         2692    i.M8266WIFI_SPI_ssb  M8266WIFIDrv_STM32F1xx.lib(m8266wifidrv.o)
    0x080025c8   0x080025c8   0x000000a0   Code   RO         2693    i.M8266WIFI_SPI_ssmd  M8266WIFIDrv_STM32F1xx.lib(m8266wifidrv.o)
    0x08002668   0x08002668   0x0000004c   Code   RO         2694    i.M8266WIFI_SPI_ssu  M8266WIFIDrv_STM32F1xx.lib(m8266wifidrv.o)
    0x080026b4   0x080026b4   0x00000016   Code   RO         2697    i.M8266WIFI_SPI_tufs  M8266WIFIDrv_STM32F1xx.lib(m8266wifidrv.o)
    0x080026ca   0x080026ca   0x00000002   PAD
    0x080026cc   0x080026cc   0x0000004c   Code   RO         2465    i.M8266WIFI_SPI_wait_sta_connecting_to_ap_and_get_ip  m8266wifi_ops.o
    0x08002718   0x08002718   0x00000042   Code   RO         2701    i.M8266WIFI_SPI_wscbf  M8266WIFIDrv_STM32F1xx.lib(m8266wifidrv.o)
    0x0800275a   0x0800275a   0x0000004c   Code   RO         2702    i.M8266WIFI_SPI_wscr  M8266WIFIDrv_STM32F1xx.lib(m8266wifidrv.o)
    0x080027a6   0x080027a6   0x00000054   Code   RO         2703    i.M8266WIFI_SPI_wspsr  M8266WIFIDrv_STM32F1xx.lib(m8266wifidrv.o)
    0x080027fa   0x080027fa   0x0000003e   Code   RO         2706    i.M8266WIFI_SPI_wsscbhud  M8266WIFIDrv_STM32F1xx.lib(m8266wifidrv.o)
    0x08002838   0x08002838   0x00000044   Code   RO         2707    i.M8266WIFI_SPI_wsscrhd  M8266WIFIDrv_STM32F1xx.lib(m8266wifidrv.o)
    0x0800287c   0x0800287c   0x00000040   Code   RO         2709    i.M8266WIFI_Wait_SPI_sfad  M8266WIFIDrv_STM32F1xx.lib(m8266wifidrv.o)
    0x080028bc   0x080028bc   0x00000002   Code   RO          173    i.MemManage_Handler  stm32f10x_it.o
    0x080028be   0x080028be   0x00000002   Code   RO          174    i.NMI_Handler       stm32f10x_it.o
    0x080028c0   0x080028c0   0x0000004c   Code   RO          768    i.NRF24L01_Check    24l01.o
    0x0800290c   0x0800290c   0x000000d4   Code   RO          769    i.NRF24L01_Init     24l01.o
    0x080029e0   0x080029e0   0x0000003c   Code   RO          771    i.NRF24L01_Read_Buf  24l01.o
    0x08002a1c   0x08002a1c   0x00000024   Code   RO          772    i.NRF24L01_Read_Reg  24l01.o
    0x08002a40   0x08002a40   0x00000064   Code   RO          774    i.NRF24L01_TX_Mode  24l01.o
    0x08002aa4   0x08002aa4   0x0000005c   Code   RO          775    i.NRF24L01_TxPacket  24l01.o
    0x08002b00   0x08002b00   0x0000003c   Code   RO          776    i.NRF24L01_Write_Buf  24l01.o
    0x08002b3c   0x08002b3c   0x0000002c   Code   RO          777    i.NRF24L01_Write_Reg  24l01.o
    0x08002b68   0x08002b68   0x00000064   Code   RO         1471    i.NVIC_Init         misc.o
    0x08002bcc   0x08002bcc   0x00000014   Code   RO         1472    i.NVIC_PriorityGroupConfig  misc.o
    0x08002be0   0x08002be0   0x0000004e   Code   RO          639    i.OV7725_Brightness  ov7725.o
    0x08002c2e   0x08002c2e   0x00000022   Code   RO          640    i.OV7725_Color_Saturation  ov7725.o
    0x08002c50   0x08002c50   0x00000016   Code   RO          641    i.OV7725_Contrast   ov7725.o
    0x08002c66   0x08002c66   0x00000098   Code   RO          643    i.OV7725_Light_Mode  ov7725.o
    0x08002cfe   0x08002cfe   0x0000008a   Code   RO          644    i.OV7725_Special_Effects  ov7725.o
    0x08002d88   0x08002d88   0x00000146   Code   RO          645    i.OV7725_Window_Set  ov7725.o
    0x08002ece   0x08002ece   0x00000002   Code   RO          175    i.PendSV_Handler    stm32f10x_it.o
    0x08002ed0   0x08002ed0   0x00000018   Code   RO         1093    i.RCC_APB1PeriphClockCmd  stm32f10x_rcc.o
    0x08002ee8   0x08002ee8   0x00000018   Code   RO         1094    i.RCC_APB1PeriphResetCmd  stm32f10x_rcc.o
    0x08002f00   0x08002f00   0x00000018   Code   RO         1095    i.RCC_APB2PeriphClockCmd  stm32f10x_rcc.o
    0x08002f18   0x08002f18   0x00000094   Code   RO         1103    i.RCC_GetClocksFreq  stm32f10x_rcc.o
    0x08002fac   0x08002fac   0x00000038   Code   RO          587    i.SCCB_No_Ack       sccb.o
    0x08002fe4   0x08002fe4   0x0000006c   Code   RO          588    i.SCCB_RD_Byte      sccb.o
    0x08003050   0x08003050   0x0000004c   Code   RO          589    i.SCCB_RD_Reg       sccb.o
    0x0800309c   0x0800309c   0x0000002c   Code   RO          590    i.SCCB_Start        sccb.o
    0x080030c8   0x080030c8   0x00000030   Code   RO          591    i.SCCB_Stop         sccb.o
    0x080030f8   0x080030f8   0x00000088   Code   RO          592    i.SCCB_WR_Byte      sccb.o
    0x08003180   0x08003180   0x0000003e   Code   RO          593    i.SCCB_WR_Reg       sccb.o
    0x080031be   0x080031be   0x00000002   PAD
    0x080031c0   0x080031c0   0x0000007c   Code   RO          836    i.SPI1_Init         spi.o
    0x0800323c   0x0800323c   0x00000050   Code   RO          837    i.SPI1_ReadWriteByte  spi.o
    0x0800328c   0x0800328c   0x00000020   Code   RO          838    i.SPI1_SetSpeed     spi.o
    0x080032ac   0x080032ac   0x00000014   Code   RO         2099    i.SPI_Cmd           stm32f10x_spi.o
    0x080032c0   0x080032c0   0x0000000e   Code   RO         2107    i.SPI_I2S_GetFlagStatus  stm32f10x_spi.o
    0x080032ce   0x080032ce   0x00000004   Code   RO         2110    i.SPI_I2S_ReceiveData  stm32f10x_spi.o
    0x080032d2   0x080032d2   0x00000004   Code   RO         2111    i.SPI_I2S_SendData  stm32f10x_spi.o
    0x080032d6   0x080032d6   0x00000038   Code   RO         2112    i.SPI_Init          stm32f10x_spi.o
    0x0800330e   0x0800330e   0x00000002   PAD
    0x08003310   0x08003310   0x00000184   Code   RO         2710    i.SPI_STA_Get_HostIP_by_HostName  M8266WIFIDrv_STM32F1xx.lib(m8266wifidrv.o)
    0x08003494   0x08003494   0x00000002   Code   RO          176    i.SVC_Handler       stm32f10x_it.o
    0x08003496   0x08003496   0x00000002   PAD
    0x08003498   0x08003498   0x000000a8   Code   RO          259    i.SetSysClockTo72   system_stm32f10x.o
    0x08003540   0x08003540   0x00000018   Code   RO         1475    i.SysTick_CLKSourceConfig  misc.o
    0x08003558   0x08003558   0x00000002   Code   RO          177    i.SysTick_Handler   stm32f10x_it.o
    0x0800355a   0x0800355a   0x00000002   PAD
    0x0800355c   0x0800355c   0x00000050   Code   RO          261    i.SystemInit        system_stm32f10x.o
    0x080035ac   0x080035ac   0x00000040   Code   RO          300    i.TIM3_IRQHandler   timer.o
    0x080035ec   0x080035ec   0x00000034   Code   RO         2238    i.TIM4_IRQHandler   usmart.o
    0x08003620   0x08003620   0x00000006   Code   RO         1516    i.TIM_ClearITPendingBit  stm32f10x_tim.o
    0x08003626   0x08003626   0x00000018   Code   RO         1542    i.TIM_GetITStatus   stm32f10x_tim.o
    0x0800363e   0x0800363e   0x00000002   PAD
    0x08003640   0x08003640   0x00000054   Code   RO         2239    i.Timer4_Init       usmart.o
    0x08003694   0x08003694   0x00000064   Code   RO          918    i.USART1_IRQHandler  usart.o
    0x080036f8   0x080036f8   0x00000014   Code   RO         1295    i.USART_Cmd         stm32f10x_usart.o
    0x0800370c   0x0800370c   0x0000003e   Code   RO         1299    i.USART_GetITStatus  stm32f10x_usart.o
    0x0800374a   0x0800374a   0x00000030   Code   RO         1301    i.USART_ITConfig    stm32f10x_usart.o
    0x0800377a   0x0800377a   0x00000002   PAD
    0x0800377c   0x0800377c   0x000000ac   Code   RO         1302    i.USART_Init        stm32f10x_usart.o
    0x08003828   0x08003828   0x00000008   Code   RO         1309    i.USART_ReceiveData  stm32f10x_usart.o
    0x08003830   0x08003830   0x00000002   Code   RO          178    i.UsageFault_Handler  stm32f10x_it.o
    0x08003832   0x08003832   0x00000002   PAD
    0x08003834   0x08003834   0x000000f4   Code   RO         2403    i.WIFI_Init         m8266hostif_stm32xx.o
    0x08003928   0x08003928   0x0000000e   Code   RO         2889    i._is_digit         c_w.l(__printf_wp.o)
    0x08003936   0x08003936   0x00000002   Code   RO          919    i._sys_exit         usart.o
    0x08003938   0x08003938   0x0000003c   Code   RO          863    i.delay_init        delay.o
    0x08003974   0x08003974   0x00000034   Code   RO          864    i.delay_ms          delay.o
    0x080039a8   0x080039a8   0x00000034   Code   RO          865    i.delay_us          delay.o
    0x080039dc   0x080039dc   0x00000018   Code   RO          920    i.fputc             usart.o
    0x080039f4   0x080039f4   0x0000004c   Code   RO         2711    i.fvcp              M8266WIFIDrv_STM32F1xx.lib(m8266wifidrv.o)
    0x08003a40   0x08003a40   0x00000030   Code   RO         2713    i.fvdnstap          M8266WIFIDrv_STM32F1xx.lib(m8266wifidrv.o)
    0x08003a70   0x08003a70   0x000000c8   Code   RO            1    i.main              main.o
    0x08003b38   0x08003b38   0x00000004   Code   RO         2240    i.read_addr         usmart.o
    0x08003b3c   0x08003b3c   0x000000a0   Code   RO          921    i.uart_init         usart.o
    0x08003bdc   0x08003bdc   0x00000094   Code   RO         2241    i.usmart_cmd_rec    usmart.o
    0x08003c70   0x08003c70   0x00000264   Code   RO         2242    i.usmart_exe        usmart.o
    0x08003ed4   0x08003ed4   0x0000009c   Code   RO         2328    i.usmart_get_aparm  usmart_str.o
    0x08003f70   0x08003f70   0x0000002e   Code   RO         2329    i.usmart_get_cmdname  usmart_str.o
    0x08003f9e   0x08003f9e   0x00000002   PAD
    0x08003fa0   0x08003fa0   0x00000168   Code   RO         2330    i.usmart_get_fname  usmart_str.o
    0x08004108   0x08004108   0x000000d0   Code   RO         2331    i.usmart_get_fparam  usmart_str.o
    0x080041d8   0x080041d8   0x00000024   Code   RO         2332    i.usmart_get_parmpos  usmart_str.o
    0x080041fc   0x080041fc   0x00000030   Code   RO         2243    i.usmart_get_runtime  usmart.o
    0x0800422c   0x0800422c   0x00000028   Code   RO         2244    i.usmart_init       usmart.o
    0x08004254   0x08004254   0x00000010   Code   RO         2333    i.usmart_pow        usmart_str.o
    0x08004264   0x08004264   0x0000002c   Code   RO         2245    i.usmart_reset_runtime  usmart.o
    0x08004290   0x08004290   0x000000a4   Code   RO         2246    i.usmart_scan       usmart.o
    0x08004334   0x08004334   0x00000010   Code   RO         2334    i.usmart_search_nextc  usmart_str.o
    0x08004344   0x08004344   0x000000a0   Code   RO         2335    i.usmart_str2num    usmart_str.o
    0x080043e4   0x080043e4   0x00000018   Code   RO         2336    i.usmart_strcmp     usmart_str.o
    0x080043fc   0x080043fc   0x00000012   Code   RO         2337    i.usmart_strcopy    usmart_str.o
    0x0800440e   0x0800440e   0x00000012   Code   RO         2338    i.usmart_strlen     usmart_str.o
    0x08004420   0x08004420   0x00000670   Code   RO         2247    i.usmart_sys_cmd_exe  usmart.o
    0x08004a90   0x08004a90   0x00000004   Code   RO         2248    i.write_addr        usmart.o
    0x08004a94   0x08004a94   0x000017c0   Data   RO          414    .constdata          lcd.o
    0x08006254   0x08006254   0x0000000a   Data   RO          778    .constdata          24l01.o
    0x0800625e   0x0800625e   0x00000002   PAD
    0x08006260   0x08006260   0x00000022   Data   RO         2715    .constdata          M8266WIFIDrv_STM32F1xx.lib(m8266wifidrv.o)
    0x08006282   0x08006282   0x00000028   Data   RO         2862    .constdata          c_w.l(_printf_hex_int.o)
    0x080062aa   0x080062aa   0x00000011   Data   RO         2897    .constdata          c_w.l(__printf_flags_ss_wp.o)
    0x080062bb   0x080062bb   0x00000001   PAD
    0x080062bc   0x080062bc   0x00000028   Data   RO         2249    .conststring        usmart.o
    0x080062e4   0x080062e4   0x0000018e   Data   RO         2314    .conststring        usmart_config.o
    0x08006472   0x08006472   0x00000002   PAD
    0x08006474   0x08006474   0x00000020   Data   RO         3096    Region$$Table       anon$$obj.o


    Execution Region RW_IRAM1 (Exec base: 0x20000000, Load base: 0x08006494, Size: 0x00000968, Max: 0x0000c000, ABSOLUTE, COMPRESSED[0x000000a0])

    Exec Addr    Load Addr    Size         Type   Attr      Idx    E Section Name        Object

    0x20000000   COMPRESSED   0x00000014   Data   RW          262    .data               system_stm32f10x.o
    0x20000014   COMPRESSED   0x00000001   Data   RW          302    .data               timer.o
    0x20000015   COMPRESSED   0x00000001   Data   RW          326    .data               exti.o
    0x20000016   COMPRESSED   0x00000004   Data   RW          415    .data               lcd.o
    0x2000001a   COMPRESSED   0x00000004   Data   RW          866    .data               delay.o
    0x2000001e   COMPRESSED   0x00000002   Data   RW          923    .data               usart.o
    0x20000020   COMPRESSED   0x00000004   Data   RW          924    .data               usart.o
    0x20000024   COMPRESSED   0x00000014   Data   RW         1123    .data               stm32f10x_rcc.o
    0x20000038   COMPRESSED   0x0000001c   Data   RW         2250    .data               usmart.o
    0x20000054   COMPRESSED   0x00000060   Data   RW         2315    .data               usmart_config.o
    0x200000b4   COMPRESSED   0x000000f4   Data   RW         2316    .data               usmart_config.o
    0x200001a8   COMPRESSED   0x00000001   Data   RW         2404    .data               m8266hostif_stm32xx.o
    0x200001a9   COMPRESSED   0x00000003   PAD
    0x200001ac   COMPRESSED   0x00000029   Data   RW         2716    .data               M8266WIFIDrv_STM32F1xx.lib(m8266wifidrv.o)
    0x200001d5   COMPRESSED   0x00000003   PAD
    0x200001d8        -       0x0000000e   Zero   RW          413    .bss                lcd.o
    0x200001e6        -       0x00000012   Zero   RW          839    .bss                spi.o
    0x200001f8        -       0x000000c8   Zero   RW          922    .bss                usart.o
    0x200002c0        -       0x00000044   Zero   RW         2714    .bss                M8266WIFIDrv_STM32F1xx.lib(m8266wifidrv.o)
    0x20000304        -       0x00000060   Zero   RW         2974    .bss                c_w.l(libspace.o)
    0x20000364   COMPRESSED   0x00000004   PAD
    0x20000368        -       0x00000200   Zero   RW          971    HEAP                startup_stm32f10x_hd.o
    0x20000568        -       0x00000400   Zero   RW          970    STACK               startup_stm32f10x_hd.o


==============================================================================

Image component sizes


      Code (inc. data)   RO Data    RW Data    ZI Data      Debug   Object Name

       680         68         10          0          0       5668   24l01.o
       164         26          0          4          0       1643   delay.o
       204         34          0          1          0       1708   exti.o
      1114         56       6080          4         14       8802   lcd.o
        84         10          0          0          0        491   led.o
       570        120          0          1          0       5244   m8266hostif_stm32xx.o
       424         44          0          0          0       3379   m8266wifi_ops.o
       200         12          0          0          0     260239   main.o
       144         16          0          0          0       2017   misc.o
       750         24          0          0          0       3761   ov7725.o
       530         36          0          0          0       4227   sccb.o
       236         24          0          0         18       1865   spi.o
        64         26        304          0       1536        776   startup_stm32f10x_hd.o
        44         10          0          0          0       1144   stm32f10x_exti.o
       178          0          0          0          0       3644   stm32f10x_gpio.o
        18          0          0          0          0       3522   stm32f10x_it.o
       220         34          0         20          0       4987   stm32f10x_rcc.o
        98          0          0          0          0       3746   stm32f10x_spi.o
        30          0          0          0          0       2545   stm32f10x_tim.o
       310          6          0          0          0       5082   stm32f10x_usart.o
         0          0          0          0          0         32   sys.o
       248         24          0         20          0       1649   system_stm32f10x.o
        64         24          0          1          0        701   timer.o
       286         26          0          6        200       4084   usart.o
      2848       1336         40         28          0       7374   usmart.o
         0          0        398        340          0       1624   usmart_config.o
      1058         20          0          0          0       8815   usmart_str.o

    ----------------------------------------------------------------------
     10588       1976       6868        428       1768     348769   Object Totals
         0          0         32          0          0          0   (incl. Generated)
        22          0          4          3          0          0   (incl. Padding)

    ----------------------------------------------------------------------

      Code (inc. data)   RO Data    RW Data    ZI Data      Debug   Library Member Name

      6506        164         34         41         68       4084   m8266wifidrv.o
        90          0          0          0          0          0   __dczerorl2.o
         8          0          0          0          0         68   __main.o
       392          4         17          0          0         92   __printf_flags_ss_wp.o
        14          0          0          0          0         68   __printf_wp.o
         0          0          0          0          0          0   __rtentry.o
        12          0          0          0          0          0   __rtentry2.o
         6          0          0          0          0          0   __rtentry4.o
        52          8          0          0          0          0   __scatter.o
        28          0          0          0          0          0   __scatter_zi.o
         6          0          0          0          0          0   _printf_c.o
        44          0          0          0          0        108   _printf_char.o
        48          6          0          0          0         96   _printf_char_common.o
        36          4          0          0          0         80   _printf_char_file.o
         6          0          0          0          0          0   _printf_d.o
       120         16          0          0          0         92   _printf_dec.o
        88          4         40          0          0         88   _printf_hex_int.o
       178          0          0          0          0         88   _printf_intcommon.o
        78          0          0          0          0        108   _printf_pad.o
         0          0          0          0          0          0   _printf_percent.o
         4          0          0          0          0          0   _printf_percent_end.o
         6          0          0          0          0          0   _printf_s.o
        82          0          0          0          0         80   _printf_str.o
         6          0          0          0          0          0   _printf_u.o
         6          0          0          0          0          0   _printf_x.o
        18          0          0          0          0         80   exit.o
         8          0          0          0          0         68   ferror.o
         6          0          0          0          0        152   heapauxi.o
         2          0          0          0          0          0   libinit.o
         2          0          0          0          0          0   libinit2.o
         2          0          0          0          0          0   libshutdown.o
         2          0          0          0          0          0   libshutdown2.o
         8          4          0          0         96         68   libspace.o
        24          4          0          0          0         84   noretval__2printf.o
        78          0          0          0          0         80   rt_memclr_w.o
         2          0          0          0          0          0   rtexit.o
        10          0          0          0          0          0   rtexit2.o
       128          0          0          0          0         68   strcmpv7m.o
        74          0          0          0          0         80   sys_stackheap_outer.o
         2          0          0          0          0         68   use_no_semi.o
         2          0          0          0          0         68   use_no_semi_2.o

    ----------------------------------------------------------------------
      8200        214         92         44        168       5868   Library Totals
        16          0          1          3          4          0   (incl. Padding)

    ----------------------------------------------------------------------

      Code (inc. data)   RO Data    RW Data    ZI Data      Debug   Library Name

      6506        164         34         41         68       4084   M8266WIFIDrv_STM32F1xx.lib
      1678         50         57          0         96       1784   c_w.l

    ----------------------------------------------------------------------
      8200        214         92         44        168       5868   Library Totals

    ----------------------------------------------------------------------

==============================================================================


      Code (inc. data)   RO Data    RW Data    ZI Data      Debug   

     18788       2190       6960        472       1936     345585   Grand Totals
     18788       2190       6960        160       1936     345585   ELF Image Totals (compressed)
     18788       2190       6960        160          0          0   ROM Totals

==============================================================================

    Total RO  Size (Code + RO Data)                25748 (  25.14kB)
    Total RW  Size (RW Data + ZI Data)              2408 (   2.35kB)
    Total ROM Size (Code + RO Data + RW Data)      25908 (  25.30kB)

==============================================================================

