Component: ARM Compiler 5.06 update 6 (build 750) Tool: armlink [4d35ed]

==============================================================================

Section Cross References

    main.o(i.OV7725_camera_refresh) refers to lcd.o(i.LCD_Scan_Dir) for LCD_Scan_Dir
    main.o(i.OV7725_camera_refresh) refers to lcd.o(i.LCD_Set_Window) for LCD_Set_Window
    main.o(i.OV7725_camera_refresh) refers to lcd.o(i.LCD_WriteRAM_Prepare) for LCD_WriteRAM_Prepare
    main.o(i.OV7725_camera_refresh) refers to exti.o(.data) for ov_sta
    main.o(i.OV7725_camera_refresh) refers to lcd.o(.bss) for lcddev
    main.o(i.OV7725_camera_refresh) refers to timer.o(.data) for ov_frame
    main.o(i.main) refers to delay.o(i.delay_init) for delay_init
    main.o(i.main) refers to misc.o(i.NVIC_PriorityGroupConfig) for NVIC_PriorityGroupConfig
    main.o(i.main) refers to usart.o(i.uart_init) for uart_init
    main.o(i.main) refers to led.o(i.LED_Init) for LED_Init
    main.o(i.main) refers to lcd.o(i.LCD_Init) for LCD_Init
    main.o(i.main) refers to m8266hostif_stm32xx.o(i.WIFI_Init) for WIFI_Init
    main.o(i.main) refers to m8266wifidrv.o(i.M8266WIFI_SPI_Send_Data) for M8266WIFI_SPI_Send_Data
    main.o(i.main) refers to delay.o(i.delay_ms) for delay_ms
    main.o(i.main) refers to main.o(.constdata) for .constdata
    main.o(i.main) refers to usmart_config.o(.data) for usmart_dev
    main.o(i.main) refers to lcd.o(.data) for POINT_COLOR
    system_stm32f10x.o(i.SystemCoreClockUpdate) refers to system_stm32f10x.o(.data) for .data
    system_stm32f10x.o(i.SystemInit) refers to system_stm32f10x.o(i.SetSysClockTo72) for SetSysClockTo72
    led.o(i.LED_Init) refers to stm32f10x_rcc.o(i.RCC_APB2PeriphClockCmd) for RCC_APB2PeriphClockCmd
    led.o(i.LED_Init) refers to stm32f10x_gpio.o(i.GPIO_Init) for GPIO_Init
    led.o(i.LED_Init) refers to stm32f10x_gpio.o(i.GPIO_SetBits) for GPIO_SetBits
    timer.o(i.TIM3_IRQHandler) refers to _printf_percent.o(.ARM.Collect$$_printf_percent$$00000000) for _printf_percent
    timer.o(i.TIM3_IRQHandler) refers to _printf_d.o(.ARM.Collect$$_printf_percent$$00000009) for _printf_d
    timer.o(i.TIM3_IRQHandler) refers to _printf_dec.o(.text) for _printf_int_dec
    timer.o(i.TIM3_IRQHandler) refers to stm32f10x_tim.o(i.TIM_GetITStatus) for TIM_GetITStatus
    timer.o(i.TIM3_IRQHandler) refers to noretval__2printf.o(.text) for __2printf
    timer.o(i.TIM3_IRQHandler) refers to stm32f10x_tim.o(i.TIM_ClearITPendingBit) for TIM_ClearITPendingBit
    timer.o(i.TIM3_IRQHandler) refers to timer.o(.data) for .data
    timer.o(i.TIM3_Int_Init) refers to stm32f10x_rcc.o(i.RCC_APB1PeriphClockCmd) for RCC_APB1PeriphClockCmd
    timer.o(i.TIM3_Int_Init) refers to stm32f10x_tim.o(i.TIM_TimeBaseInit) for TIM_TimeBaseInit
    timer.o(i.TIM3_Int_Init) refers to stm32f10x_tim.o(i.TIM_ITConfig) for TIM_ITConfig
    timer.o(i.TIM3_Int_Init) refers to misc.o(i.NVIC_Init) for NVIC_Init
    timer.o(i.TIM3_Int_Init) refers to stm32f10x_tim.o(i.TIM_Cmd) for TIM_Cmd
    exti.o(i.EXTI0_IRQHandler) refers to delay.o(i.delay_ms) for delay_ms
    exti.o(i.EXTI0_IRQHandler) refers to stm32f10x_gpio.o(i.GPIO_ReadInputDataBit) for GPIO_ReadInputDataBit
    exti.o(i.EXTI0_IRQHandler) refers to stm32f10x_exti.o(i.EXTI_ClearITPendingBit) for EXTI_ClearITPendingBit
    exti.o(i.EXTI15_10_IRQHandler) refers to stm32f10x_exti.o(i.EXTI_GetITStatus) for EXTI_GetITStatus
    exti.o(i.EXTI15_10_IRQHandler) refers to stm32f10x_exti.o(i.EXTI_ClearITPendingBit) for EXTI_ClearITPendingBit
    exti.o(i.EXTI15_10_IRQHandler) refers to exti.o(.data) for .data
    exti.o(i.EXTI15_Init) refers to stm32f10x_rcc.o(i.RCC_APB2PeriphClockCmd) for RCC_APB2PeriphClockCmd
    exti.o(i.EXTI15_Init) refers to stm32f10x_gpio.o(i.GPIO_PinRemapConfig) for GPIO_PinRemapConfig
    exti.o(i.EXTI15_Init) refers to stm32f10x_gpio.o(i.GPIO_Init) for GPIO_Init
    exti.o(i.EXTI15_Init) refers to stm32f10x_gpio.o(i.GPIO_SetBits) for GPIO_SetBits
    exti.o(i.EXTI15_Init) refers to stm32f10x_gpio.o(i.GPIO_EXTILineConfig) for GPIO_EXTILineConfig
    exti.o(i.EXTI15_Init) refers to stm32f10x_exti.o(i.EXTI_Init) for EXTI_Init
    exti.o(i.EXTI15_Init) refers to misc.o(i.NVIC_Init) for NVIC_Init
    exti.o(i.EXTI9_5_IRQHandler) refers to delay.o(i.delay_ms) for delay_ms
    exti.o(i.EXTI9_5_IRQHandler) refers to stm32f10x_gpio.o(i.GPIO_ReadInputDataBit) for GPIO_ReadInputDataBit
    exti.o(i.EXTI9_5_IRQHandler) refers to stm32f10x_exti.o(i.EXTI_ClearITPendingBit) for EXTI_ClearITPendingBit
    exti.o(i.EXTIX_Init) refers to stm32f10x_rcc.o(i.RCC_APB2PeriphClockCmd) for RCC_APB2PeriphClockCmd
    exti.o(i.EXTIX_Init) refers to key.o(i.KEY_Init) for KEY_Init
    exti.o(i.EXTIX_Init) refers to stm32f10x_gpio.o(i.GPIO_EXTILineConfig) for GPIO_EXTILineConfig
    exti.o(i.EXTIX_Init) refers to stm32f10x_exti.o(i.EXTI_Init) for EXTI_Init
    exti.o(i.EXTIX_Init) refers to misc.o(i.NVIC_Init) for NVIC_Init
[...]
    i.M8266WIFI_SPI_wsbsbs1                  0x080069ec   Section        0  m8266wifidrv.o(i.M8266WIFI_SPI_wsbsbs1)
    i.M8266WIFI_SPI_wscbf                    0x08006a26   Section        0  m8266wifidrv.o(i.M8266WIFI_SPI_wscbf)
    i.M8266WIFI_SPI_wscr                     0x08006a68   Section        0  m8266wifidrv.o(i.M8266WIFI_SPI_wscr)
    i.M8266WIFI_SPI_wspss                    0x08006ab4   Section        0  m8266wifidrv.o(i.M8266WIFI_SPI_wspss)
    i.M8266WIFI_Wait_SPI_sfad                0x08006b08   Section        0  m8266wifidrv.o(i.M8266WIFI_Wait_SPI_sfad)
    i.MemManage_Handler                      0x08006b48   Section        0  stm32f10x_it.o(i.MemManage_Handler)
    i.NMI_Handler                            0x08006b4a   Section        0  stm32f10x_it.o(i.NMI_Handler)
    i.NVIC_Init                              0x08006b4c   Section        0  misc.o(i.NVIC_Init)
    i.NVIC_PriorityGroupConfig               0x08006bb0   Section        0  misc.o(i.NVIC_PriorityGroupConfig)
    i.OV7670_Brightness                      0x08006bc4   Section        0  ov7670.o(i.OV7670_Brightness)
    i.OV7670_Color_Saturation                0x08006bea   Section        0  ov7670.o(i.OV7670_Color_Saturation)
    i.OV7670_Contrast                        0x08006c5c   Section        0  ov7670.o(i.OV7670_Contrast)
    i.OV7670_Light_Mode                      0x08006c82   Section        0  ov7670.o(i.OV7670_Light_Mode)
    i.OV7670_Special_Effects                 0x08006d00   Section        0  ov7670.o(i.OV7670_Special_Effects)
    i.OV7725_Brightness                      0x08006d80   Section        0  ov7725.o(i.OV7725_Brightness)
    i.OV7725_Color_Saturation                0x08006dce   Section        0  ov7725.o(i.OV7725_Color_Saturation)
    i.OV7725_Contrast                        0x08006df0   Section        0  ov7725.o(i.OV7725_Contrast)
    i.OV7725_Light_Mode                      0x08006e06   Section        0  ov7725.o(i.OV7725_Light_Mode)
    i.OV7725_Special_Effects                 0x08006e9e   Section        0  ov7725.o(i.OV7725_Special_Effects)
    i.OV7725_Window_Set                      0x08006f28   Section        0  ov7725.o(i.OV7725_Window_Set)
    i.PendSV_Handler                         0x0800706e   Section        0  stm32f10x_it.o(i.PendSV_Handler)
    i.RCC_APB2PeriphClockCmd                 0x08007070   Section        0  stm32f10x_rcc.o(i.RCC_APB2PeriphClockCmd)
    i.RCC_APB2PeriphResetCmd                 0x08007088   Section        0  stm32f10x_rcc.o(i.RCC_APB2PeriphResetCmd)
    i.RCC_GetClocksFreq                      0x080070a0   Section        0  stm32f10x_rcc.o(i.RCC_GetClocksFreq)
    i.SCCB_No_Ack                            0x08007134   Section        0  sccb.o(i.SCCB_No_Ack)
    i.SCCB_RD_Byte                           0x0800716c   Section        0  sccb.o(i.SCCB_RD_Byte)
    i.SCCB_RD_Reg                            0x080071d8   Section        0  sccb.o(i.SCCB_RD_Reg)
    i.SCCB_Start                             0x08007224   Section        0  sccb.o(i.SCCB_Start)
    i.SCCB_Stop                              0x08007250   Section        0  sccb.o(i.SCCB_Stop)
    i.SCCB_WR_Byte                           0x08007280   Section        0  sccb.o(i.SCCB_WR_Byte)
    i.SCCB_WR_Reg                            0x08007308   Section        0  sccb.o(i.SCCB_WR_Reg)
    i.SPI_Cmd                                0x08007346   Section        0  stm32f10x_spi.o(i.SPI_Cmd)
    i.SPI_Init                               0x0800735a   Section        0  stm32f10x_spi.o(i.SPI_Init)
    i.SPI_STA_Get_HostIP_by_HostName         0x08007394   Section        0  m8266wifidrv.o(i.SPI_STA_Get_HostIP_by_HostName)
    i.SVC_Handler                            0x08007518   Section        0  stm32f10x_it.o(i.SVC_Handler)
    i.SetSysClockTo72                        0x0800751c   Section        0  system_stm32f10x.o(i.SetSysClockTo72)
    SetSysClockTo72                          0x0800751d   Thumb Code   160  system_stm32f10x.o(i.SetSysClockTo72)
    i.SysTick_CLKSourceConfig                0x080075c4   Section        0  misc.o(i.SysTick_CLKSourceConfig)
    i.SysTick_Handler                        0x080075dc   Section        0  stm32f10x_it.o(i.SysTick_Handler)
    i.SystemInit                             0x080075e0   Section        0  system_stm32f10x.o(i.SystemInit)
    i.TIM3_IRQHandler                        0x08007630   Section        0  timer.o(i.TIM3_IRQHandler)
    i.TIM4_IRQHandler                        0x08007670   Section        0  usmart.o(i.TIM4_IRQHandler)
    i.TIM_ClearITPendingBit                  0x080076a4   Section        0  stm32f10x_tim.o(i.TIM_ClearITPendingBit)
    i.TIM_GetITStatus                        0x080076aa   Section        0  stm32f10x_tim.o(i.TIM_GetITStatus)
    i.Timer4_Init                            0x080076c4   Section        0  usmart.o(i.Timer4_Init)
    i.USART1_IRQHandler                      0x08007718   Section        0  usart.o(i.USART1_IRQHandler)
    i.USART_Cmd                              0x0800777c   Section        0  stm32f10x_usart.o(i.USART_Cmd)
    i.USART_GetITStatus                      0x08007790   Section        0  stm32f10x_usart.o(i.USART_GetITStatus)
    i.USART_ITConfig                         0x080077ce   Section        0  stm32f10x_usart.o(i.USART_ITConfig)
    i.USART_Init                             0x08007800   Section        0  stm32f10x_usart.o(i.USART_Init)
    i.USART_ReceiveData                      0x080078ac   Section        0  stm32f10x_usart.o(i.USART_ReceiveData)
    i.UsageFault_Handler                     0x080078b4   Section        0  stm32f10x_it.o(i.UsageFault_Handler)
    i.WIFI_Init                              0x080078b8   Section        0  m8266hostif_stm32xx.o(i.WIFI_Init)
    i._is_digit                              0x08007b04   Section        0  __printf_wp.o(i._is_digit)
    i._sys_exit                              0x08007b12   Section        0  usart.o(i._sys_exit)
    i.delay_init                             0x08007b14   Section        0  delay.o(i.delay_init)
    i.delay_ms                               0x08007b50   Section        0  delay.o(i.delay_ms)
    i.delay_us                               0x08007b84   Section        0  delay.o(i.delay_us)
    i.fputc                                  0x08007bb8   Section        0  usart.o(i.fputc)
    i.fvcp                                   0x08007bd0   Section        0  m8266wifidrv.o(i.fvcp)
    i.fvdnstap                               0x08007c1c   Section        0  m8266wifidrv.o(i.fvdnstap)
    i.main                                   0x08007c4c   Section        0  main.o(i.main)
    i.read_addr                              0x08007cac   Section        0  usmart.o(i.read_addr)
    i.uart_init                              0x08007cb0   Section        0  usart.o(i.uart_init)
    i.usmart_cmd_rec                         0x08007d50   Section        0  usmart.o(i.usmart_cmd_rec)
    i.usmart_exe                             0x08007de4   Section        0  usmart.o(i.usmart_exe)
    i.usmart_get_aparm                       0x08008048   Section        0  usmart_str.o(i.usmart_get_aparm)
    i.usmart_get_cmdname                     0x080080e4   Section        0  usmart_str.o(i.usmart_get_cmdname)
    i.usmart_get_fname                       0x08008114   Section        0  usmart_str.o(i.usmart_get_fname)
    i.usmart_get_fparam                      0x0800827c   Section        0  usmart_str.o(i.usmart_get_fparam)
    i.usmart_get_parmpos                     0x0800834c   Section        0  usmart_str.o(i.usmart_get_parmpos)
    i.usmart_get_runtime                     0x08008370   Section        0  usmart.o(i.usmart_get_runtime)
    i.usmart_init                            0x080083a0   Section        0  usmart.o(i.usmart_init)
    i.usmart_pow                             0x080083c8   Section        0  usmart_str.o(i.usmart_pow)
    i.usmart_reset_runtime                   0x080083d8   Section        0  usmart.o(i.usmart_reset_runtime)
    i.usmart_scan                            0x08008404   Section        0  usmart.o(i.usmart_scan)
    i.usmart_search_nextc                    0x080084a8   Section        0  usmart_str.o(i.usmart_search_nextc)
    i.usmart_str2num                         0x080084b8   Section        0  usmart_str.o(i.usmart_str2num)
    i.usmart_strcmp                          0x08008558   Section        0  usmart_str.o(i.usmart_strcmp)
    i.usmart_strcopy                         0x08008570   Section        0  usmart_str.o(i.usmart_strcopy)
    i.usmart_strlen                          0x08008582   Section        0  usmart_str.o(i.usmart_strlen)
    i.usmart_sys_cmd_exe                     0x08008594   Section        0  usmart.o(i.usmart_sys_cmd_exe)
    i.write_addr                             0x08008c04   Section        0  usmart.o(i.write_addr)
    x$fpl$dfixu                              0x08008c08   Section       90  dfixu.o(x$fpl$dfixu)
    x$fpl$dfltu                              0x08008c62   Section       38  dflt_clz.o(x$fpl$dfltu)
    x$fpl$dmul                               0x08008c88   Section      340  dmul.o(x$fpl$dmul)
    x$fpl$dnaninf                            0x08008ddc   Section      156  dnaninf.o(x$fpl$dnaninf)
    x$fpl$dretinf                            0x08008e78   Section       12  dretinf.o(x$fpl$dretinf)
    .constdata                               0x08008e84   Section       10  main.o(.constdata)
    x$fpl$usenofp                            0x08008e84   Section        0  usenofp.o(x$fpl$usenofp)
    .constdata                               0x08008e8e   Section     6080  lcd.o(.constdata)
    .constdata                               0x0800a650   Section       34  m8266wifidrv.o(.constdata)
    wr_status_test_data                      0x0800a650   Data           6  m8266wifidrv.o(.constdata)
    .constdata                               0x0800a672   Section       40  _printf_hex_int.o(.constdata)
    uc_hextab                                0x0800a672   Data          20  _printf_hex_int.o(.constdata)
    lc_hextab                                0x0800a686   Data          20  _printf_hex_int.o(.constdata)
    .constdata                               0x0800a69a   Section       17  __printf_flags_ss_wp.o(.constdata)
    maptable                                 0x0800a69a   Data          17  __printf_flags_ss_wp.o(.constdata)
    .conststring                             0x0800a6ac   Section       40  usmart.o(.conststring)
    .conststring                             0x0800a6d4   Section      578  usmart_config.o(.conststring)
    .data                                    0x20000000   Section       20  system_stm32f10x.o(.data)
    .data                                    0x20000014   Section        1  timer.o(.data)
    .data                                    0x20000015   Section        1  exti.o(.data)
    .data                                    0x20000016   Section        4  lcd.o(.data)
    .data                                    0x2000001a   Section        4  delay.o(.data)
    fac_us                                   0x2000001a   Data           1  delay.o(.data)
    fac_ms                                   0x2000001c   Data           2  delay.o(.data)
    .data                                    0x2000001e   Section        2  usart.o(.data)
    .data                                    0x20000020   Section        4  usart.o(.data)
    .data                                    0x20000024   Section       20  stm32f10x_rcc.o(.data)
    ADCPrescTable                            0x20000024   Data           4  stm32f10x_rcc.o(.data)
    APBAHBPrescTable                         0x20000028   Data          16  stm32f10x_rcc.o(.data)
    .data                                    0x20000038   Section       28  usmart.o(.data)
    .data                                    0x20000054   Section      136  usmart_config.o(.data)
    .data                                    0x200000dc   Section      244  usmart_config.o(.data)
    .data                                    0x200001d0   Section        1  m8266hostif_stm32xx.o(.data)
    .data                                    0x200001d4   Section       41  m8266wifidrv.o(.data)
    spi_write_need_additional_delay          0x200001d4   Data           1  m8266wifidrv.o(.data)
    module_is_fast_Module                    0x200001d5   Data           1  m8266wifidrv.o(.data)
    slow_speed_spi_on_fast_Module            0x200001d6   Data           1  m8266wifidrv.o(.data)
    SPI_DATA_TRANSFER_USE_DMA                0x200001d7   Data           1  m8266wifidrv.o(.data)
    M8266WIFI_INTERFACE_SPI                  0x200001d8   Data           4  m8266wifidrv.o(.data)
    M8266WIFI_INTERFACE_SPI_TX_DMA_STREAM    0x200001dc   Data           4  m8266wifidrv.o(.data)
    M8266WIFI_INTERFACE_SPI_TX_DMA           0x200001e0   Data           4  m8266wifidrv.o(.data)
    M8266WIFI_INTERFACE_SPI_RX_DMA_STREAM    0x200001e4   Data           4  m8266wifidrv.o(.data)
    M8266WIFI_INTERFACE_SPI_RX_DMA           0x200001e8   Data           4  m8266wifidrv.o(.data)
    module_fw_ver                            0x200001ec   Data          17  m8266wifidrv.o(.data)
    .bss                                     0x20000200   Section       14  lcd.o(.bss)
    .bss                                     0x2000020e   Section      200  usart.o(.bss)
    .bss                                     0x200002d6   Section       68  m8266wifidrv.o(.bss)
    dma_buf                                  0x200002d6   Data          68  m8266wifidrv.o(.bss)
    .bss                                     0x2000031c   Section       96  libspace.o(.bss)
    HEAP                                     0x20000380   Section      512  startup_stm32f10x_hd.o(HEAP)
    Heap_Mem                                 0x20000380   Data         512  startup_stm32f10x_hd.o(HEAP)
    STACK                                    0x20000580   Section     1024  startup_stm32f10x_hd.o(STACK)
    Stack_Mem                                0x20000580   Data        1024  startup_stm32f10x_hd.o(STACK)
    __initial_sp                             0x20000980   Data           0  startup_stm32f10x_hd.o(STACK)

    Global Symbols

    Symbol Name                              Value     Ov Type        Size  Object(Section)

    BuildAttributes$$THM_ISAv4$P$D$K$B$S$PE$A:L22UL41UL21$X:L11$S22US41US21$IEEE1$IW$USESV6$~STKCKD$USESV7$~SHL$OSPACE$ROPI$EBA8$UX$STANDARDLIB$REQ8$PRES8$EABIv2 0x00000000   Number         0  anon$$obj.o ABSOLUTE
    __ARM_use_no_argv                        0x00000000   Number         0  main.o ABSOLUTE
    _printf_flags                            0x00000000   Number         0  printf_stubs.o ABSOLUTE
    _printf_return_value                     0x00000000   Number         0  printf_stubs.o ABSOLUTE
    _printf_sizespec                         0x00000000   Number         0  printf_stubs.o ABSOLUTE
    _printf_widthprec                        0x00000000   Number         0  printf_stubs.o ABSOLUTE
    __ARM_exceptions_init                     - Undefined Weak Reference
    __alloca_initialize                       - Undefined Weak Reference
    __arm_preinit_                            - Undefined Weak Reference
    __cpp_initialize__aeabi_                  - Undefined Weak Reference
    __cxa_finalize                            - Undefined Weak Reference
    __rt_locale                               - Undefined Weak Reference
    __sigvec_lookup                           - Undefined Weak Reference
    _atexit_init                              - Undefined Weak Reference
    _call_atexit_fns                          - Undefined Weak Reference
    _clock_init                               - Undefined Weak Reference
    _fp_trap_init                             - Undefined Weak Reference
    _fp_trap_shutdown                         - Undefined Weak Reference
    _get_lc_collate                           - Undefined Weak Reference
    _get_lc_ctype                             - Undefined Weak Reference
    _get_lc_monetary                          - Undefined Weak Reference
    _get_lc_numeric                           - Undefined Weak Reference
    _get_lc_time                              - Undefined Weak Reference
    _getenv_init                              - Undefined Weak Reference
    _handle_redirection                       - Undefined Weak Reference
    _init_alloc                               - Undefined Weak Reference
    _init_user_alloc                          - Undefined Weak Reference
    _initio                                   - Undefined Weak Reference
    _mutex_acquire                            - Undefined Weak Reference
    _mutex_release                            - Undefined Weak Reference
    _printf_mbtowc                            - Undefined Weak Reference
    _printf_truncate_signed                   - Undefined Weak Reference
    _printf_truncate_unsigned                 - Undefined Weak Reference
    _rand_init                                - Undefined Weak Reference
    _signal_finish                            - Undefined Weak Reference
    _signal_init                              - Undefined Weak Reference
    _terminate_alloc                          - Undefined Weak Reference
    _terminate_user_alloc                     - Undefined Weak Reference
    _terminateio                              - Undefined Weak Reference
    __Vectors_Size                           0x00000130   Number         0  startup_stm32f10x_hd.o ABSOLUTE
    __Vectors                                0x08000000   Data           4  startup_stm32f10x_hd.o(RESET)
    __Vectors_End                            0x08000130   Data           0  startup_stm32f10x_hd.o(RESET)
    __main                                   0x08000131   Thumb Code     8  __main.o(!!!main)
    __scatterload                            0x08000139   Thumb Code     0  __scatter.o(!!!scatter)
    __scatterload_rt2                        0x08000139   Thumb Code    44  __scatter.o(!!!scatter)
    __scatterload_rt2_thumb_only             0x08000139   Thumb Code     0  __scatter.o(!!!scatter)
    __scatterload_null                       0x08000147   Thumb Code     0  __scatter.o(!!!scatter)
    __decompress                             0x0800016d   Thumb Code    90  __dczerorl2.o(!!dczerorl2)
    __decompress1                            0x0800016d   Thumb Code     0  __dczerorl2.o(!!dczerorl2)
    __scatterload_zeroinit                   0x080001c9   Thumb Code    28  __scatter_zi.o(!!handler_zi)
    _printf_d                                0x080001e5   Thumb Code     0  _printf_d.o(.ARM.Collect$$_printf_percent$$00000009)
    _printf_percent                          0x080001e5   Thumb Code     0  _printf_percent.o(.ARM.Collect$$_printf_percent$$00000000)
    _printf_u                                0x080001eb   Thumb Code     0  _printf_u.o(.ARM.Collect$$_printf_percent$$0000000A)
    _printf_x                                0x080001f1   Thumb Code     0  _printf_x.o(.ARM.Collect$$_printf_percent$$0000000C)
    _printf_c                                0x080001f7   Thumb Code     0  _printf_c.o(.ARM.Collect$$_printf_percent$$00000013)
    _printf_s                                0x080001fd   Thumb Code     0  _printf_s.o(.ARM.Collect$$_printf_percent$$00000014)
    _printf_percent_end                      0x08000203   Thumb Code     0  _printf_percent_end.o(.ARM.Collect$$_printf_percent$$00000017)
    __rt_lib_init                            0x08000207   Thumb Code     0  libinit.o(.ARM.Collect$$libinit$$00000000)
    __rt_lib_init_alloca_1                   0x08000209   Thumb Code     0  libinit2.o(.ARM.Collect$$libinit$$0000002E)
    __rt_lib_init_argv_1                     0x08000209   Thumb Code     0  libinit2.o(.ARM.Collect$$libinit$$0000002C)
    __rt_lib_init_atexit_1                   0x08000209   Thumb Code     0  libinit2.o(.ARM.Collect$$libinit$$0000001B)
    __rt_lib_init_clock_1                    0x08000209   Thumb Code     0  libinit2.o(.ARM.Collect$$libinit$$00000021)
    __rt_lib_init_cpp_1                      0x08000209   Thumb Code     0  libinit2.o(.ARM.Collect$$libinit$$00000032)
    __rt_lib_init_exceptions_1               0x08000209   Thumb Code     0  libinit2.o(.ARM.Collect$$libinit$$00000030)
    __rt_lib_init_fp_1                       0x08000209   Thumb Code     0  libinit2.o(.ARM.Collect$$libinit$$00000002)
    __rt_lib_init_fp_trap_1                  0x08000209   Thumb Code     0  libinit2.o(.ARM.Collect$$libinit$$0000001F)
    __rt_lib_init_getenv_1                   0x08000209   Thumb Code     0  libinit2.o(.ARM.Collect$$libinit$$00000023)
    __rt_lib_init_heap_1                     0x08000209   Thumb Code     0  libinit2.o(.ARM.Collect$$libinit$$0000000A)
    __rt_lib_init_lc_collate_1               0x08000209   Thumb Code     0  libinit2.o(.ARM.Collect$$libinit$$00000011)
    __rt_lib_init_lc_ctype_1                 0x08000209   Thumb Code     0  libinit2.o(.ARM.Collect$$libinit$$00000013)
    __rt_lib_init_lc_monetary_1              0x08000209   Thumb Code     0  libinit2.o(.ARM.Collect$$libinit$$00000015)
    __rt_lib_init_lc_numeric_1               0x08000209   Thumb Code     0  libinit2.o(.ARM.Collect$$libinit$$00000017)
    __rt_lib_init_lc_time_1                  0x08000209   Thumb Code     0  libinit2.o(.ARM.Collect$$libinit$$00000019)
    __rt_lib_init_preinit_1                  0x08000209   Thumb Code     0  libinit2.o(.ARM.Collect$$libinit$$00000004)
    __rt_lib_init_rand_1                     0x08000209   Thumb Code     0  libinit2.o(.ARM.Collect$$libinit$$0000000E)
    __rt_lib_init_return                     0x08000209   Thumb Code     0  libinit2.o(.ARM.Collect$$libinit$$00000033)
    __rt_lib_init_signal_1                   0x08000209   Thumb Code     0  libinit2.o(.ARM.Collect$$libinit$$0000001D)
    __rt_lib_init_stdio_1                    0x08000209   Thumb Code     0  libinit2.o(.ARM.Collect$$libinit$$00000025)
    __rt_lib_init_user_alloc_1               0x08000209   Thumb Code     0  libinit2.o(.ARM.Collect$$libinit$$0000000C)
    __rt_lib_shutdown                        0x0800020b   Thumb Code     0  libshutdown.o(.ARM.Collect$$libshutdown$$00000000)
    __rt_lib_shutdown_cpp_1                  0x0800020d   Thumb Code     0  libshutdown2.o(.ARM.Collect$$libshutdown$$00000002)
    __rt_lib_shutdown_fp_trap_1              0x0800020d   Thumb Code     0  libshutdown2.o(.ARM.Collect$$libshutdown$$00000007)
    __rt_lib_shutdown_heap_1                 0x0800020d   Thumb Code     0  libshutdown2.o(.ARM.Collect$$libshutdown$$0000000F)
    __rt_lib_shutdown_return                 0x0800020d   Thumb Code     0  libshutdown2.o(.ARM.Collect$$libshutdown$$00000010)
    __rt_lib_shutdown_signal_1               0x0800020d   Thumb Code     0  libshutdown2.o(.ARM.Collect$$libshutdown$$0000000A)
    __rt_lib_shutdown_stdio_1                0x0800020d   Thumb Code     0  libshutdown2.o(.ARM.Collect$$libshutdown$$00000004)
    __rt_lib_shutdown_user_alloc_1           0x0800020d   Thumb Code     0  libshutdown2.o(.ARM.Collect$$libshutdown$$0000000C)
    __rt_entry                               0x0800020f   Thumb Code     0  __rtentry.o(.ARM.Collect$$rtentry$$00000000)
    __rt_entry_presh_1                       0x0800020f   Thumb Code     0  __rtentry2.o(.ARM.Collect$$rtentry$$00000002)
    __rt_entry_sh                            0x0800020f   Thumb Code     0  __rtentry4.o(.ARM.Collect$$rtentry$$00000004)
    __rt_entry_li                            0x08000215   Thumb Code     0  __rtentry2.o(.ARM.Collect$$rtentry$$0000000A)
    __rt_entry_postsh_1                      0x08000215   Thumb Code     0  __rtentry2.o(.ARM.Collect$$rtentry$$00000009)
    __rt_entry_main                          0x08000219   Thumb Code     0  __rtentry2.o(.ARM.Collect$$rtentry$$0000000D)
    __rt_entry_postli_1                      0x08000219   Thumb Code     0  __rtentry2.o(.ARM.Collect$$rtentry$$0000000C)
    __rt_exit                                0x08000221   Thumb Code     0  rtexit.o(.ARM.Collect$$rtexit$$00000000)
    __rt_exit_ls                             0x08000223   Thumb Code     0  rtexit2.o(.ARM.Collect$$rtexit$$00000003)
    __rt_exit_prels_1                        0x08000223   Thumb Code     0  rtexit2.o(.ARM.Collect$$rtexit$$00000002)
    __rt_exit_exit                           0x08000227   Thumb Code     0  rtexit2.o(.ARM.Collect$$rtexit$$00000004)
    Reset_Handler                            0x0800022d   Thumb Code     8  startup_stm32f10x_hd.o(.text)
    ADC1_2_IRQHandler                        0x08000247   Thumb Code     0  startup_stm32f10x_hd.o(.text)
    ADC3_IRQHandler                          0x08000247   Thumb Code     0  startup_stm32f10x_hd.o(.text)
    CAN1_RX1_IRQHandler                      0x08000247   Thumb Code     0  startup_stm32f10x_hd.o(.text)
    CAN1_SCE_IRQHandler                      0x08000247   Thumb Code     0  startup_stm32f10x_hd.o(.text)
    DMA1_Channel1_IRQHandler                 0x08000247   Thumb Code     0  startup_stm32f10x_hd.o(.text)
    DMA1_Channel2_IRQHandler                 0x08000247   Thumb Code     0  startup_stm32f10x_hd.o(.text)
    DMA1_Channel3_IRQHandler                 0x08000247   Thumb Code     0  startup_stm32f10x_hd.o(.text)
    DMA1_Channel4_IRQHandler                 0x08000247   Thumb Code     0  startup_stm32f10x_hd.o(.text)
    DMA1_Channel5_IRQHandler                 0x08000247   Thumb Code     0  startup_stm32f10x_hd.o(.text)
    DMA1_Channel6_IRQHandler                 0x08000247   Thumb Code     0  startup_stm32f10x_hd.o(.text)
    DMA1_Channel7_IRQHandler                 0x08000247   Thumb Code     0  startup_stm32f10x_hd.o(.text)
    DMA2_Channel1_IRQHandler                 0x08000247   Thumb Code     0  startup_stm32f10x_hd.o(.text)
    DMA2_Channel2_IRQHandler                 0x08000247   Thumb Code     0  startup_stm32f10x_hd.o(.text)
    DMA2_Channel3_IRQHandler                 0x08000247   Thumb Code     0  startup_stm32f10x_hd.o(.text)
    DMA2_Channel4_5_IRQHandler               0x08000247   Thumb Code     0  startup_stm32f10x_hd.o(.text)
    EXTI1_IRQHandler                         0x08000247   Thumb Code     0  startup_stm32f10x_hd.o(.text)
    EXTI2_IRQHandler                         0x08000247   Thumb Code     0  startup_stm32f10x_hd.o(.text)
    EXTI3_IRQHandler                         0x08000247   Thumb Code     0  startup_stm32f10x_hd.o(.text)
    EXTI4_IRQHandler                         0x08000247   Thumb Code     0  startup_stm32f10x_hd.o(.text)
    FLASH_IRQHandler                         0x08000247   Thumb Code     0  startup_stm32f10x_hd.o(.text)
    FSMC_IRQHandler                          0x08000247   Thumb Code     0  startup_stm32f10x_hd.o(.text)
    I2C1_ER_IRQHandler                       0x08000247   Thumb Code     0  startup_stm32f10x_hd.o(.text)
    I2C1_EV_IRQHandler                       0x08000247   Thumb Code     0  startup_stm32f10x_hd.o(.text)
    I2C2_ER_IRQHandler                       0x08000247   Thumb Code     0  startup_stm32f10x_hd.o(.text)
    I2C2_EV_IRQHandler                       0x08000247   Thumb Code     0  startup_stm32f10x_hd.o(.text)
    PVD_IRQHandler                           0x08000247   Thumb Code     0  startup_stm32f10x_hd.o(.text)
    RCC_IRQHandler                           0x08000247   Thumb Code     0  startup_stm32f10x_hd.o(.text)
    RTCAlarm_IRQHandler                      0x08000247   Thumb Code     0  startup_stm32f10x_hd.o(.text)
    RTC_IRQHandler                           0x08000247   Thumb Code     0  startup_stm32f10x_hd.o(.text)
    SDIO_IRQHandler                          0x08000247   Thumb Code     0  startup_stm32f10x_hd.o(.text)
    SPI1_IRQHandler                          0x08000247   Thumb Code     0  startup_stm32f10x_hd.o(.text)
    SPI2_IRQHandler                          0x08000247   Thumb Code     0  startup_stm32f10x_hd.o(.text)
    SPI3_IRQHandler                          0x08000247   Thumb Code     0  startup_stm32f10x_hd.o(.text)
    TAMPER_IRQHandler                        0x08000247   Thumb Code     0  startup_stm32f10x_hd.o(.text)
    TIM1_BRK_IRQHandler                      0x08000247   Thumb Code     0  startup_stm32f10x_hd.o(.text)
    TIM1_CC_IRQHandler                       0x08000247   Thumb Code     0  startup_stm32f10x_hd.o(.text)
    TIM1_TRG_COM_IRQHandler                  0x08000247   Thumb Code     0  startup_stm32f10x_hd.o(.text)
    TIM1_UP_IRQHandler                       0x08000247   Thumb Code     0  startup_stm32f10x_hd.o(.text)
    TIM2_IRQHandler                          0x08000247   Thumb Code     0  startup_stm32f10x_hd.o(.text)
    TIM5_IRQHandler                          0x08000247   Thumb Code     0  startup_stm32f10x_hd.o(.text)
    TIM6_IRQHandler                          0x08000247   Thumb Code     0  startup_stm32f10x_hd.o(.text)
    TIM7_IRQHandler                          0x08000247   Thumb Code     0  startup_stm32f10x_hd.o(.text)
    TIM8_BRK_IRQHandler                      0x08000247   Thumb Code     0  startup_stm32f10x_hd.o(.text)
    TIM8_CC_IRQHandler                       0x08000247   Thumb Code     0  startup_stm32f10x_hd.o(.text)
    TIM8_TRG_COM_IRQHandler                  0x08000247   Thumb Code     0  startup_stm32f10x_hd.o(.text)
    TIM8_UP_IRQHandler                       0x08000247   Thumb Code     0  startup_stm32f10x_hd.o(.text)
    UART4_IRQHandler                         0x08000247   Thumb Code     0  startup_stm32f10x_hd.o(.text)
    UART5_IRQHandler                         0x08000247   Thumb Code     0  startup_stm32f10x_hd.o(.text)
    USART2_IRQHandler                        0x08000247   Thumb Code     0  startup_stm32f10x_hd.o(.text)
    USART3_IRQHandler                        0x08000247   Thumb Code     0  startup_stm32f10x_hd.o(.text)
    USBWakeUp_IRQHandler                     0x08000247   Thumb Code     0  startup_stm32f10x_hd.o(.text)
    USB_HP_CAN1_TX_IRQHandler                0x08000247   Thumb Code     0  startup_stm32f10x_hd.o(.text)
    USB_LP_CAN1_RX0_IRQHandler               0x08000247   Thumb Code     0  startup_stm32f10x_hd.o(.text)
    WWDG_IRQHandler                          0x08000247   Thumb Code     0  startup_stm32f10x_hd.o(.text)
    __user_initial_stackheap                 0x08000249   Thumb Code     0  startup_stm32f10x_hd.o(.text)
    __use_no_semihosting                     0x0800026d   Thumb Code     2  use_no_semi_2.o(.text)
    __2printf                                0x08000271   Thumb Code    20  noretval__2printf.o(.text)
    _printf_pre_padding                      0x08000289   Thumb Code    44  _printf_pad.o(.text)
    _printf_post_padding                     0x080002b5   Thumb Code    34  _printf_pad.o(.text)
    _printf_str                              0x080002d7   Thumb Code    82  _printf_str.o(.text)
    _printf_int_dec                          0x08000329   Thumb Code   104  _printf_dec.o(.text)
    _printf_int_hex                          0x080003a1   Thumb Code    84  _printf_hex_int.o(.text)
    _printf_longlong_hex                     0x080003a1   Thumb Code     0  _printf_hex_int.o(.text)
    __printf                                 0x080003f9   Thumb Code   388  __printf_flags_ss_wp.o(.text)
    __aeabi_memclr4                          0x08000581   Thumb Code     0  rt_memclr_w.o(.text)
    __aeabi_memclr8                          0x08000581   Thumb Code     0  rt_memclr_w.o(.text)
    __rt_memclr_w                            0x08000581   Thumb Code    78  rt_memclr_w.o(.text)
    _memset_w                                0x08000585   Thumb Code     0  rt_memclr_w.o(.text)
    strcmp                                   0x080005d1   Thumb Code   128  strcmpv7m.o(.text)
    __use_two_region_memory                  0x08000651   Thumb Code     2  heapauxi.o(.text)
    __rt_heap_escrow$2region                 0x08000653   Thumb Code     2  heapauxi.o(.text)
    __rt_heap_expand$2region                 0x08000655   Thumb Code     2  heapauxi.o(.text)
    __I$use$semihosting                      0x08000657   Thumb Code     0  use_no_semi.o(.text)
    __use_no_semihosting_swi                 0x08000657   Thumb Code     2  use_no_semi.o(.text)
    _printf_int_common                       0x08000659   Thumb Code   178  _printf_intcommon.o(.text)
    _printf_cs_common                        0x0800070b   Thumb Code    20  _printf_char.o(.text)
    _printf_char                             0x0800071f   Thumb Code    16  _printf_char.o(.text)
    _printf_string                           0x0800072f   Thumb Code     8  _printf_char.o(.text)
    _printf_char_file                        0x08000739   Thumb Code    32  _printf_char_file.o(.text)
    _printf_char_common                      0x08000767   Thumb Code    32  _printf_char_common.o(.text)
    ferror                                   0x0800078d   Thumb Code     8  ferror.o(.text)
    __user_setup_stackheap                   0x08000795   Thumb Code    74  sys_stackheap_outer.o(.text)
    exit                                     0x080007df   Thumb Code    18  exit.o(.text)
    __user_libspace                          0x080007f1   Thumb Code     8  libspace.o(.text)
    __user_perproc_libspace                  0x080007f1   Thumb Code     0  libspace.o(.text)
    __user_perthread_libspace                0x080007f1   Thumb Code     0  libspace.o(.text)
    BusFault_Handler                         0x080007f9   Thumb Code     2  stm32f10x_it.o(i.BusFault_Handler)
    DebugMon_Handler                         0x080007fb   Thumb Code     2  stm32f10x_it.o(i.DebugMon_Handler)
    EXTI0_IRQHandler                         0x080007fd   Thumb Code    66  exti.o(i.EXTI0_IRQHandler)
    EXTI15_10_IRQHandler                     0x0800084d   Thumb Code    58  exti.o(i.EXTI15_10_IRQHandler)
    EXTI9_5_IRQHandler                       0x08000891   Thumb Code    46  exti.o(i.EXTI9_5_IRQHandler)
    EXTI_ClearITPendingBit                   0x080008c9   Thumb Code     6  stm32f10x_exti.o(i.EXTI_ClearITPendingBit)
    EXTI_GetITStatus                         0x080008d5   Thumb Code    28  stm32f10x_exti.o(i.EXTI_GetITStatus)
    GPIO_Init                                0x080008f5   Thumb Code   156  stm32f10x_gpio.o(i.GPIO_Init)
    GPIO_PinRemapConfig                      0x08000991   Thumb Code    82  stm32f10x_gpio.o(i.GPIO_PinRemapConfig)
    GPIO_ReadInputDataBit                    0x080009e9   Thumb Code    14  stm32f10x_gpio.o(i.GPIO_ReadInputDataBit)
    GPIO_SetBits                             0x080009f7   Thumb Code     4  stm32f10x_gpio.o(i.GPIO_SetBits)
    HardFault_Handler                        0x080009fb   Thumb Code     2  stm32f10x_it.o(i.HardFault_Handler)
    LCD_Clear                                0x080009fd   Thumb Code   120  lcd.o(i.LCD_Clear)
    LCD_Display_Dir                          0x08000a81   Thumb Code   304  lcd.o(i.LCD_Display_Dir)
    LCD_Fast_DrawPoint                       0x08000bb5   Thumb Code   582  lcd.o(i.LCD_Fast_DrawPoint)
    LCD_Init                                 0x08000e09   Thumb Code 14314  lcd.o(i.LCD_Init)
    LCD_Pow                                  0x080045fd   Thumb Code    16  lcd.o(i.LCD_Pow)
    LCD_RD_DATA                              0x0800460d   Thumb Code   100  lcd.o(i.LCD_RD_DATA)
    LCD_ReadReg                              0x0800467d   Thumb Code    14  lcd.o(i.LCD_ReadReg)
    LCD_SSD_BackLightSet                     0x0800468d   Thumb Code   142  lcd.o(i.LCD_SSD_BackLightSet)
    LCD_Scan_Dir                             0x08004729   Thumb Code   742  lcd.o(i.LCD_Scan_Dir)
    LCD_SetCursor                            0x08004a1d   Thumb Code   838  lcd.o(i.LCD_SetCursor)
    LCD_ShowChar                             0x08004d71   Thumb Code   182  lcd.o(i.LCD_ShowChar)
    LCD_ShowString                           0x08004e3d   Thumb Code    84  lcd.o(i.LCD_ShowString)
    LCD_ShowxNum                             0x08004e91   Thumb Code   134  lcd.o(i.LCD_ShowxNum)
    LCD_WR_DATAX                             0x08004f19   Thumb Code    26  lcd.o(i.LCD_WR_DATAX)
    LCD_WR_REG                               0x08004f3d   Thumb Code    26  lcd.o(i.LCD_WR_REG)
    LCD_WriteRAM_Prepare                     0x08004f61   Thumb Code     8  lcd.o(i.LCD_WriteRAM_Prepare)
    LCD_WriteReg                             0x08004f6d   Thumb Code    34  lcd.o(i.LCD_WriteReg)
    LED_Init                                 0x08004f99   Thumb Code    74  led.o(i.LED_Init)
    M8266HostIf_GPIO_CS_RESET_Init           0x08004fed   Thumb Code    76  m8266hostif_stm32xx.o(i.M8266HostIf_GPIO_CS_RESET_Init)
    M8266HostIf_Init                         0x0800503d   Thumb Code    14  m8266hostif_stm32xx.o(i.M8266HostIf_Init)
    M8266HostIf_SPI_DMA_StartReceiveSendData 0x0800504d   Thumb Code    90  m8266wifidrv.o(i.M8266HostIf_SPI_DMA_StartReceiveSendData)
    M8266HostIf_SPI_Init                     0x080050b1   Thumb Code   132  m8266hostif_stm32xx.o(i.M8266HostIf_SPI_Init)
    M8266HostIf_SPI_Select                   0x0800513d   Thumb Code   192  m8266wifidrv.o(i.M8266HostIf_SPI_Select)
    M8266HostIf_SPI_SetSpeed                 0x08005211   Thumb Code    24  m8266hostif_stm32xx.o(i.M8266HostIf_SPI_SetSpeed)
    M8266HostIf_SPI_rrs                      0x0800522d   Thumb Code    18  m8266wifidrv.o(i.M8266HostIf_SPI_rrs)
    M8266HostIf_SPI_wrs                      0x08005245   Thumb Code    44  m8266wifidrv.o(i.M8266HostIf_SPI_wrs)
    M8266HostIf_Set_SPI_nCS_Pin              0x08005275   Thumb Code    16  m8266hostif_stm32xx.o(i.M8266HostIf_Set_SPI_nCS_Pin)
    M8266HostIf_Set_nRESET_Pin               0x08005289   Thumb Code    16  m8266hostif_stm32xx.o(i.M8266HostIf_Set_nRESET_Pin)
    M8266HostIf_delay_us                     0x0800529d   Thumb Code     4  m8266hostif_stm32xx.o(i.M8266HostIf_delay_us)
    M8266WIFI_Module_Hardware_Reset          0x080052a1   Thumb Code    58  m8266wifi_ops.o(i.M8266WIFI_Module_Hardware_Reset)
    M8266WIFI_Module_Init_Via_SPI            0x080052dd   Thumb Code   220  m8266wifi_ops.o(i.M8266WIFI_Module_Init_Via_SPI)
    M8266WIFI_Module_delay_ms                0x080053dd   Thumb Code    34  m8266wifi_ops.o(i.M8266WIFI_Module_delay_ms)
    M8266WIFI_SPI_Config_AP                  0x080053ff   Thumb Code   226  m8266wifidrv.o(i.M8266WIFI_SPI_Config_AP)
    M8266WIFI_SPI_Config_STA_Param           0x080054e1   Thumb Code    22  m8266wifidrv.o(i.M8266WIFI_SPI_Config_STA_Param)
    M8266WIFI_SPI_Delete_Connection          0x080054f7   Thumb Code    18  m8266wifidrv.o(i.M8266WIFI_SPI_Delete_Connection)
    M8266WIFI_SPI_Get_Module_Info            0x08005509   Thumb Code   170  m8266wifidrv.o(i.M8266WIFI_SPI_Get_Module_Info)
    M8266WIFI_SPI_Get_Opmode                 0x080055b3   Thumb Code   102  m8266wifidrv.o(i.M8266WIFI_SPI_Get_Opmode)
    M8266WIFI_SPI_Get_STA_Connection_Status  0x08005619   Thumb Code   108  m8266wifidrv.o(i.M8266WIFI_SPI_Get_STA_Connection_Status)
    M8266WIFI_SPI_Get_STA_IP_Addr            0x08005685   Thumb Code   124  m8266wifidrv.o(i.M8266WIFI_SPI_Get_STA_IP_Addr)
    M8266WIFI_SPI_Interface_Communication_OK 0x08005701   Thumb Code    66  m8266wifidrv.o(i.M8266WIFI_SPI_Interface_Communication_OK)
    M8266WIFI_SPI_Interface_Communication_Stress_Test 0x08005749   Thumb Code    98  m8266wifidrv.o(i.M8266WIFI_SPI_Interface_Communication_Stress_Test)
    M8266WIFI_SPI_Query_AP_Param             0x080057ab   Thumb Code    18  m8266wifidrv.o(i.M8266WIFI_SPI_Query_AP_Param)
    M8266WIFI_SPI_Query_Connection           0x080057bd   Thumb Code   230  m8266wifidrv.o(i.M8266WIFI_SPI_Query_Connection)
    M8266WIFI_SPI_STA_Connect_Ap             0x080058a5   Thumb Code   436  m8266wifidrv.o(i.M8266WIFI_SPI_STA_Connect_Ap)
    M8266WIFI_SPI_STA_Connect_Ap_Old         0x08005a65   Thumb Code   386  m8266wifidrv.o(i.M8266WIFI_SPI_STA_Connect_Ap_Old)
    M8266WIFI_SPI_STA_Query_Current_SSID_And_RSSI 0x08005be7   Thumb Code   150  m8266wifidrv.o(i.M8266WIFI_SPI_STA_Query_Current_SSID_And_RSSI)
    M8266WIFI_SPI_Send_Data                  0x08005c7d   Thumb Code    18  m8266wifidrv.o(i.M8266WIFI_SPI_Send_Data)
    M8266WIFI_SPI_Set_Opmode                 0x08005c8f   Thumb Code   142  m8266wifidrv.o(i.M8266WIFI_SPI_Set_Opmode)
    M8266WIFI_SPI_Setup_Connection           0x08005d1d   Thumb Code   512  m8266wifidrv.o(i.M8266WIFI_SPI_Setup_Connection)
    M8266WIFI_SPI_Slave_Has_Response         0x08005f31   Thumb Code    22  m8266wifidrv.o(i.M8266WIFI_SPI_Slave_Has_Response)
    M8266WIFI_SPI_TxdBuffer_Free             0x08005f47   Thumb Code    22  m8266wifidrv.o(i.M8266WIFI_SPI_TxdBuffer_Free)
    M8266WIFI_SPI_capstp                     0x08005f5d   Thumb Code   224  m8266wifidrv.o(i.M8266WIFI_SPI_capstp)
    M8266WIFI_SPI_csb                        0x08006045   Thumb Code    88  m8266wifidrv.o(i.M8266WIFI_SPI_csb)
    M8266WIFI_SPI_dlodc                      0x0800609d   Thumb Code   360  m8266wifidrv.o(i.M8266WIFI_SPI_dlodc)
    M8266WIFI_SPI_qacal                      0x08006205   Thumb Code   238  m8266wifidrv.o(i.M8266WIFI_SPI_qacal)
    M8266WIFI_SPI_qapstp                     0x080062f5   Thumb Code   178  m8266wifidrv.o(i.M8266WIFI_SPI_qapstp)
    M8266WIFI_SPI_rra                        0x080063b1   Thumb Code    32  m8266wifidrv.o(i.M8266WIFI_SPI_rra)
    M8266WIFI_SPI_rru                        0x080063d1   Thumb Code    66  m8266wifidrv.o(i.M8266WIFI_SPI_rru)
    M8266WIFI_SPI_sdfal                      0x08006415   Thumb Code   558  m8266wifidrv.o(i.M8266WIFI_SPI_sdfal)
    M8266WIFI_SPI_srh                        0x08006651   Thumb Code   284  m8266wifidrv.o(i.M8266WIFI_SPI_srh)
    M8266WIFI_SPI_ssa                        0x08006775   Thumb Code    32  m8266wifidrv.o(i.M8266WIFI_SPI_ssa)
    M8266WIFI_SPI_ssb                        0x08006795   Thumb Code   116  m8266wifidrv.o(i.M8266WIFI_SPI_ssb)
    M8266WIFI_SPI_ssmd                       0x08006809   Thumb Code   154  m8266wifidrv.o(i.M8266WIFI_SPI_ssmd)
    M8266WIFI_SPI_ssu                        0x080068a9   Thumb Code    72  m8266wifidrv.o(i.M8266WIFI_SPI_ssu)
    M8266WIFI_SPI_ssud                       0x080068f5   Thumb Code    66  m8266wifidrv.o(i.M8266WIFI_SPI_ssud)
    M8266WIFI_SPI_ssut                       0x0800693d   Thumb Code    72  m8266wifidrv.o(i.M8266WIFI_SPI_ssut)
    M8266WIFI_SPI_tufs                       0x08006989   Thumb Code    22  m8266wifidrv.o(i.M8266WIFI_SPI_tufs)
    M8266WIFI_SPI_wait_sta_connecting_to_ap_and_get_ip 0x080069a1   Thumb Code    68  m8266wifi_ops.o(i.M8266WIFI_SPI_wait_sta_connecting_to_ap_and_get_ip)
    M8266WIFI_SPI_wsbsbs1                    0x080069ed   Thumb Code    58  m8266wifidrv.o(i.M8266WIFI_SPI_wsbsbs1)
    M8266WIFI_SPI_wscbf                      0x08006a27   Thumb Code    66  m8266wifidrv.o(i.M8266WIFI_SPI_wscbf)
    M8266WIFI_SPI_wscr                       0x08006a69   Thumb Code    76  m8266wifidrv.o(i.M8266WIFI_SPI_wscr)
    M8266WIFI_SPI_wspss                      0x08006ab5   Thumb Code    84  m8266wifidrv.o(i.M8266WIFI_SPI_wspss)
    M8266WIFI_Wait_SPI_sfad                  0x08006b09   Thumb Code    64  m8266wifidrv.o(i.M8266WIFI_Wait_SPI_sfad)
    MemManage_Handler                        0x08006b49   Thumb Code     2  stm32f10x_it.o(i.MemManage_Handler)
    NMI_Handler                              0x08006b4b   Thumb Code     2  stm32f10x_it.o(i.NMI_Handler)
    NVIC_Init                                0x08006b4d   Thumb Code    94  misc.o(i.NVIC_Init)
    NVIC_PriorityGroupConfig                 0x08006bb1   Thumb Code    10  misc.o(i.NVIC_PriorityGroupConfig)
    OV7670_Brightness                        0x08006bc5   Thumb Code    38  ov7670.o(i.OV7670_Brightness)
    OV7670_Color_Saturation                  0x08006beb   Thumb Code   114  ov7670.o(i.OV7670_Color_Saturation)
    OV7670_Contrast                          0x08006c5d   Thumb Code    38  ov7670.o(i.OV7670_Contrast)
    OV7670_Light_Mode                        0x08006c83   Thumb Code   126  ov7670.o(i.OV7670_Light_Mode)
    OV7670_Special_Effects                   0x08006d01   Thumb Code   128  ov7670.o(i.OV7670_Special_Effects)
    OV7725_Brightness                        0x08006d81   Thumb Code    78  ov7725.o(i.OV7725_Brightness)
    OV7725_Color_Saturation                  0x08006dcf   Thumb Code    34  ov7725.o(i.OV7725_Color_Saturation)
    OV7725_Contrast                          0x08006df1   Thumb Code    22  ov7725.o(i.OV7725_Contrast)
    OV7725_Light_Mode                        0x08006e07   Thumb Code   152  ov7725.o(i.OV7725_Light_Mode)
    OV7725_Special_Effects                   0x08006e9f   Thumb Code   138  ov7725.o(i.OV7725_Special_Effects)
    OV7725_Window_Set                        0x08006f29   Thumb Code   326  ov7725.o(i.OV7725_Window_Set)
    PendSV_Handler                           0x0800706f   Thumb Code     2  stm32f10x_it.o(i.PendSV_Handler)
    RCC_APB2PeriphClockCmd                   0x08007071   Thumb Code    18  stm32f10x_rcc.o(i.RCC_APB2PeriphClockCmd)
    RCC_APB2PeriphResetCmd                   0x08007089   Thumb Code    18  stm32f10x_rcc.o(i.RCC_APB2PeriphResetCmd)
    RCC_GetClocksFreq                        0x080070a1   Thumb Code   132  stm32f10x_rcc.o(i.RCC_GetClocksFreq)
    SCCB_No_Ack                              0x08007135   Thumb Code    52  sccb.o(i.SCCB_No_Ack)
    SCCB_RD_Byte                             0x0800716d   Thumb Code    98  sccb.o(i.SCCB_RD_Byte)
    SCCB_RD_Reg                              0x080071d9   Thumb Code    76  sccb.o(i.SCCB_RD_Reg)
    SCCB_Start                               0x08007225   Thumb Code    38  sccb.o(i.SCCB_Start)
    SCCB_Stop                                0x08007251   Thumb Code    42  sccb.o(i.SCCB_Stop)
    SCCB_WR_Byte                             0x08007281   Thumb Code   126  sccb.o(i.SCCB_WR_Byte)
    SCCB_WR_Reg                              0x08007309   Thumb Code    62  sccb.o(i.SCCB_WR_Reg)
    SPI_Cmd                                  0x08007347   Thumb Code    20  stm32f10x_spi.o(i.SPI_Cmd)
    SPI_Init                                 0x0800735b   Thumb Code    56  stm32f10x_spi.o(i.SPI_Init)
    SPI_STA_Get_HostIP_by_HostName           0x08007395   Thumb Code   364  m8266wifidrv.o(i.SPI_STA_Get_HostIP_by_HostName)
    SVC_Handler                              0x08007519   Thumb Code     2  stm32f10x_it.o(i.SVC_Handler)
    SysTick_CLKSourceConfig                  0x080075c5   Thumb Code    24  misc.o(i.SysTick_CLKSourceConfig)
    SysTick_Handler                          0x080075dd   Thumb Code     2  stm32f10x_it.o(i.SysTick_Handler)
    SystemInit                               0x080075e1   Thumb Code    64  system_stm32f10x.o(i.SystemInit)
    TIM3_IRQHandler                          0x08007631   Thumb Code    40  timer.o(i.TIM3_IRQHandler)
    TIM4_IRQHandler                          0x08007671   Thumb Code    44  usmart.o(i.TIM4_IRQHandler)
    TIM_ClearITPendingBit                    0x080076a5   Thumb Code     6  stm32f10x_tim.o(i.TIM_ClearITPendingBit)
    TIM_GetITStatus                          0x080076ab   Thumb Code    24  stm32f10x_tim.o(i.TIM_GetITStatus)
    Timer4_Init                              0x080076c5   Thumb Code    74  usmart.o(i.Timer4_Init)
    USART1_IRQHandler                        0x08007719   Thumb Code    88  usart.o(i.USART1_IRQHandler)
    USART_Cmd                                0x0800777d   Thumb Code    20  stm32f10x_usart.o(i.USART_Cmd)
    USART_GetITStatus                        0x08007791   Thumb Code    62  stm32f10x_usart.o(i.USART_GetITStatus)
    USART_ITConfig                           0x080077cf   Thumb Code    48  stm32f10x_usart.o(i.USART_ITConfig)
    USART_Init                               0x08007801   Thumb Code   166  stm32f10x_usart.o(i.USART_Init)
    USART_ReceiveData                        0x080078ad   Thumb Code     8  stm32f10x_usart.o(i.USART_ReceiveData)
    UsageFault_Handler                       0x080078b5   Thumb Code     2  stm32f10x_it.o(i.UsageFault_Handler)
    WIFI_Init                                0x080078b9   Thumb Code   320  m8266hostif_stm32xx.o(i.WIFI_Init)
    _is_digit                                0x08007b05   Thumb Code    14  __printf_wp.o(i._is_digit)
    _sys_exit                                0x08007b13   Thumb Code     2  usart.o(i._sys_exit)
    delay_init                               0x08007b15   Thumb Code    46  delay.o(i.delay_init)
    delay_ms                                 0x08007b51   Thumb Code    46  delay.o(i.delay_ms)
    delay_us                                 0x08007b85   Thumb Code    46  delay.o(i.delay_us)
    fputc                                    0x08007bb9   Thumb Code    18  usart.o(i.fputc)
    fvcp                                     0x08007bd1   Thumb Code    76  m8266wifidrv.o(i.fvcp)
    fvdnstap                                 0x08007c1d   Thumb Code    44  m8266wifidrv.o(i.fvdnstap)
    main                                     0x08007c4d   Thumb Code    82  main.o(i.main)
    read_addr                                0x08007cad   Thumb Code     4  usmart.o(i.read_addr)
    uart_init                                0x08007cb1   Thumb Code   152  usart.o(i.uart_init)
    usmart_cmd_rec                           0x08007d51   Thumb Code   144  usmart.o(i.usmart_cmd_rec)
    usmart_exe                               0x08007de5   Thumb Code   514  usmart.o(i.usmart_exe)
    usmart_get_aparm                         0x08008049   Thumb Code   156  usmart_str.o(i.usmart_get_aparm)
    usmart_get_cmdname                       0x080080e5   Thumb Code    46  usmart_str.o(i.usmart_get_cmdname)
    usmart_get_fname                         0x08008115   Thumb Code   352  usmart_str.o(i.usmart_get_fname)
    usmart_get_fparam                        0x0800827d   Thumb Code   202  usmart_str.o(i.usmart_get_fparam)
    usmart_get_parmpos                       0x0800834d   Thumb Code    30  usmart_str.o(i.usmart_get_parmpos)
    usmart_get_runtime                       0x08008371   Thumb Code    38  usmart.o(i.usmart_get_runtime)
    usmart_init                              0x080083a1   Thumb Code    36  usmart.o(i.usmart_init)
    usmart_pow                               0x080083c9   Thumb Code    16  usmart_str.o(i.usmart_pow)
    usmart_reset_runtime                     0x080083d9   Thumb Code    36  usmart.o(i.usmart_reset_runtime)
    usmart_scan                              0x08008405   Thumb Code    94  usmart.o(i.usmart_scan)
    usmart_search_nextc                      0x080084a9   Thumb Code    16  usmart_str.o(i.usmart_search_nextc)
    usmart_str2num                           0x080084b9   Thumb Code   160  usmart_str.o(i.usmart_str2num)
    usmart_strcmp                            0x08008559   Thumb Code    24  usmart_str.o(i.usmart_strcmp)
    usmart_strcopy                           0x08008571   Thumb Code    18  usmart_str.o(i.usmart_strcopy)
    usmart_strlen                            0x08008583   Thumb Code    18  usmart_str.o(i.usmart_strlen)
    usmart_sys_cmd_exe                       0x08008595   Thumb Code  1442  usmart.o(i.usmart_sys_cmd_exe)
    write_addr                               0x08008c05   Thumb Code     4  usmart.o(i.write_addr)
    __aeabi_d2uiz                            0x08008c09   Thumb Code     0  dfixu.o(x$fpl$dfixu)
    _dfixu                                   0x08008c09   Thumb Code    90  dfixu.o(x$fpl$dfixu)
    __aeabi_ui2d                             0x08008c63   Thumb Code     0  dflt_clz.o(x$fpl$dfltu)
    _dfltu                                   0x08008c63   Thumb Code    38  dflt_clz.o(x$fpl$dfltu)
    __aeabi_dmul                             0x08008c89   Thumb Code     0  dmul.o(x$fpl$dmul)
    _dmul                                    0x08008c89   Thumb Code   332  dmul.o(x$fpl$dmul)
    __fpl_dnaninf                            0x08008ddd   Thumb Code   156  dnaninf.o(x$fpl$dnaninf)
    __fpl_dretinf                            0x08008e79   Thumb Code    12  dretinf.o(x$fpl$dretinf)
    __I$use$fp                               0x08008e84   Number         0  usenofp.o(x$fpl$usenofp)
    asc2_1206                                0x08008e8e   Data        1140  lcd.o(.constdata)
    asc2_1608                                0x08009302   Data        1520  lcd.o(.constdata)
    asc2_2412                                0x080098f2   Data        3420  lcd.o(.constdata)
    cpu_name                                 0x0800a656   Data          16  m8266wifidrv.o(.constdata)
    Region$$Table$$Base                      0x0800a918   Number         0  anon$$obj.o(Region$$Table)
    Region$$Table$$Limit                     0x0800a938   Number         0  anon$$obj.o(Region$$Table)
    SystemCoreClock                          0x20000000   Data           4  system_stm32f10x.o(.data)
    AHBPrescTable                            0x20000004   Data          16  system_stm32f10x.o(.data)
    ov_frame                                 0x20000014   Data           1  timer.o(.data)
    ov_sta                                   0x20000015   Data           1  exti.o(.data)
    POINT_COLOR                              0x20000016   Data           2  lcd.o(.data)
    BACK_COLOR                               0x20000018   Data           2  lcd.o(.data)
    USART_RX_STA                             0x2000001e   Data           2  usart.o(.data)
    __stdout                                 0x20000020   Data           4  usart.o(.data)
    sys_cmd_tab                              0x20000038   Data          28  usmart.o(.data)
    usmart_nametab                           0x20000054   Data         136  usmart_config.o(.data)
    usmart_dev                               0x200000dc   Data         244  usmart_config.o(.data)
    CONNECTED                                0x200001d0   Data           1  m8266hostif_stm32xx.o(.data)
    lcddev                                   0x20000200   Data          14  lcd.o(.bss)
    USART_RX_BUF                             0x2000020e   Data         200  usart.o(.bss)
    __libspace_start                         0x2000031c   Data          96  libspace.o(.bss)
    __temporary_stack_top$libspace           0x2000037c   Data           0  libspace.o(.bss)



==============================================================================

Memory Map of the image

  Image Entry point : 0x08000131

  Load Region LR_IROM1 (Base: 0x08000000, Size: 0x0000ab38, Max: 0x00040000, ABSOLUTE, COMPRESSED[0x0000a9fc])

    Execution Region ER_IROM1 (Exec base: 0x08000000, Load base: 0x08000000, Size: 0x0000a938, Max: 0x00040000, ABSOLUTE)

    Exec Addr    Load Addr    Size         Type   Attr      Idx    E Section Name        Object

    0x08000000   0x08000000   0x00000130   Data   RO          856    RESET               startup_stm32f10x_hd.o
    0x08000130   0x08000130   0x00000008   Code   RO         2795  * !!!main             c_w.l(__main.o)
    0x08000138   0x08000138   0x00000034   Code   RO         2984    !!!scatter          c_w.l(__scatter.o)
    0x0800016c   0x0800016c   0x0000005a   Code   RO         2982    !!dczerorl2         c_w.l(__dczerorl2.o)
    0x080001c6   0x080001c6   0x00000002   PAD
    0x080001c8   0x080001c8   0x0000001c   Code   RO         2986    !!handler_zi        c_w.l(__scatter_zi.o)
    0x080001e4   0x080001e4   0x00000000   Code   RO         2788    .ARM.Collect$$_printf_percent$$00000000  c_w.l(_printf_percent.o)
    0x080001e4   0x080001e4   0x00000006   Code   RO         2786    .ARM.Collect$$_printf_percent$$00000009  c_w.l(_printf_d.o)
    0x080001ea   0x080001ea   0x00000006   Code   RO         2787    .ARM.Collect$$_printf_percent$$0000000A  c_w.l(_printf_u.o)
    0x080001f0   0x080001f0   0x00000006   Code   RO         2785    .ARM.Collect$$_printf_percent$$0000000C  c_w.l(_printf_x.o)
    0x080001f6   0x080001f6   0x00000006   Code   RO         2783    .ARM.Collect$$_printf_percent$$00000013  c_w.l(_printf_c.o)
    0x080001fc   0x080001fc   0x00000006   Code   RO         2784    .ARM.Collect$$_printf_percent$$00000014  c_w.l(_printf_s.o)
    0x08000202   0x08000202   0x00000004   Code   RO         2818    .ARM.Collect$$_printf_percent$$00000017  c_w.l(_printf_percent_end.o)
    0x08000206   0x08000206   0x00000002   Code   RO         2856    .ARM.Collect$$libinit$$00000000  c_w.l(libinit.o)
    0x08000208   0x08000208   0x00000000   Code   RO         2863    .ARM.Collect$$libinit$$00000002  c_w.l(libinit2.o)
    0x08000208   0x08000208   0x00000000   Code   RO         2865    .ARM.Collect$$libinit$$00000004  c_w.l(libinit2.o)
    0x08000208   0x08000208   0x00000000   Code   RO         2868    .ARM.Collect$$libinit$$0000000A  c_w.l(libinit2.o)
    0x08000208   0x08000208   0x00000000   Code   RO         2870    .ARM.Collect$$libinit$$0000000C  c_w.l(libinit2.o)
    0x08000208   0x08000208   0x00000000   Code   RO         2872    .ARM.Collect$$libinit$$0000000E  c_w.l(libinit2.o)
    0x08000208   0x08000208   0x00000000   Code   RO         2875    .ARM.Collect$$libinit$$00000011  c_w.l(libinit2.o)
    0x08000208   0x08000208   0x00000000   Code   RO         2877    .ARM.Collect$$libinit$$00000013  c_w.l(libinit2.o)
    0x08000208   0x08000208   0x00000000   Code   RO         2879    .ARM.Collect$$libinit$$00000015  c_w.l(libinit2.o)
    0x08000208   0x08000208   0x00000000   Code   RO         2881    .ARM.Collect$$libinit$$00000017  c_w.l(libinit2.o)
    0x08000208   0x08000208   0x00000000   Code   RO         2883    .ARM.Collect$$libinit$$00000019  c_w.l(libinit2.o)
    0x08000208   0x08000208   0x00000000   Code   RO         2885    .ARM.Collect$$libinit$$0000001B  c_w.l(libinit2.o)
    0x08000208   0x08000208   0x00000000   Code   RO         2887    .ARM.Collect$$libinit$$0000001D  c_w.l(libinit2.o)
    0x08000208   0x08000208   0x00000000   Code   RO         2889    .ARM.Collect$$libinit$$0000001F  c_w.l(libinit2.o)
    0x08000208   0x08000208   0x00000000   Code   RO         2891    .ARM.Collect$$libinit$$00000021  c_w.l(libinit2.o)
    0x08000208   0x08000208   0x00000000   Code   RO         2893    .ARM.Collect$$libinit$$00000023  c_w.l(libinit2.o)
    0x08000208   0x08000208   0x00000000   Code   RO         2895    .ARM.Collect$$libinit$$00000025  c_w.l(libinit2.o)
    0x08000208   0x08000208   0x00000000   Code   RO         2899    .ARM.Collect$$libinit$$0000002C  c_w.l(libinit2.o)
    0x08000208   0x08000208   0x00000000   Code   RO         2901    .ARM.Collect$$libinit$$0000002E  c_w.l(libinit2.o)
    0x08000208   0x08000208   0x00000000   Code   RO         2903    .ARM.Collect$$libinit$$00000030  c_w.l(libinit2.o)
    0x08000208   0x08000208   0x00000000   Code   RO         2905    .ARM.Collect$$libinit$$00000032  c_w.l(libinit2.o)
    0x08000208   0x08000208   0x00000002   Code   RO         2906    .ARM.Collect$$libinit$$00000033  c_w.l(libinit2.o)
    0x0800020a   0x0800020a   0x00000002   Code   RO         2924    .ARM.Collect$$libshutdown$$00000000  c_w.l(libshutdown.o)
    0x0800020c   0x0800020c   0x00000000   Code   RO         2934    .ARM.Collect$$libshutdown$$00000002  c_w.l(libshutdown2.o)
    0x0800020c   0x0800020c   0x00000000   Code   RO         2936    .ARM.Collect$$libshutdown$$00000004  c_w.l(libshutdown2.o)
    0x0800020c   0x0800020c   0x00000000   Code   RO         2939    .ARM.Collect$$libshutdown$$00000007  c_w.l(libshutdown2.o)
    0x0800020c   0x0800020c   0x00000000   Code   RO         2942    .ARM.Collect$$libshutdown$$0000000A  c_w.l(libshutdown2.o)
    0x0800020c   0x0800020c   0x00000000   Code   RO         2944    .ARM.Collect$$libshutdown$$0000000C  c_w.l(libshutdown2.o)
    0x0800020c   0x0800020c   0x00000000   Code   RO         2947    .ARM.Collect$$libshutdown$$0000000F  c_w.l(libshutdown2.o)
    0x0800020c   0x0800020c   0x00000002   Code   RO         2948    .ARM.Collect$$libshutdown$$00000010  c_w.l(libshutdown2.o)
    0x0800020e   0x0800020e   0x00000000   Code   RO         2811    .ARM.Collect$$rtentry$$00000000  c_w.l(__rtentry.o)
    0x0800020e   0x0800020e   0x00000000   Code   RO         2825    .ARM.Collect$$rtentry$$00000002  c_w.l(__rtentry2.o)
    0x0800020e   0x0800020e   0x00000006   Code   RO         2837    .ARM.Collect$$rtentry$$00000004  c_w.l(__rtentry4.o)
    0x08000214   0x08000214   0x00000000   Code   RO         2827    .ARM.Collect$$rtentry$$00000009  c_w.l(__rtentry2.o)
    0x08000214   0x08000214   0x00000004   Code   RO         2828    .ARM.Collect$$rtentry$$0000000A  c_w.l(__rtentry2.o)
    0x08000218   0x08000218   0x00000000   Code   RO         2830    .ARM.Collect$$rtentry$$0000000C  c_w.l(__rtentry2.o)
    0x08000218   0x08000218   0x00000008   Code   RO         2831    .ARM.Collect$$rtentry$$0000000D  c_w.l(__rtentry2.o)
    0x08000220   0x08000220   0x00000002   Code   RO         2860    .ARM.Collect$$rtexit$$00000000  c_w.l(rtexit.o)
    0x08000222   0x08000222   0x00000000   Code   RO         2908    .ARM.Collect$$rtexit$$00000002  c_w.l(rtexit2.o)
    0x08000222   0x08000222   0x00000004   Code   RO         2909    .ARM.Collect$$rtexit$$00000003  c_w.l(rtexit2.o)
    0x08000226   0x08000226   0x00000006   Code   RO         2910    .ARM.Collect$$rtexit$$00000004  c_w.l(rtexit2.o)
    0x0800022c   0x0800022c   0x00000040   Code   RO          857    .text               startup_stm32f10x_hd.o
    0x0800026c   0x0800026c   0x00000002   Code   RO         2728    .text               c_w.l(use_no_semi_2.o)
    0x0800026e   0x0800026e   0x00000002   PAD
    0x08000270   0x08000270   0x00000018   Code   RO         2732    .text               c_w.l(noretval__2printf.o)
    0x08000288   0x08000288   0x0000004e   Code   RO         2736    .text               c_w.l(_printf_pad.o)
    0x080002d6   0x080002d6   0x00000052   Code   RO         2738    .text               c_w.l(_printf_str.o)
    0x08000328   0x08000328   0x00000078   Code   RO         2740    .text               c_w.l(_printf_dec.o)
    0x080003a0   0x080003a0   0x00000058   Code   RO         2745    .text               c_w.l(_printf_hex_int.o)
    0x080003f8   0x080003f8   0x00000188   Code   RO         2780    .text               c_w.l(__printf_flags_ss_wp.o)
    0x08000580   0x08000580   0x0000004e   Code   RO         2789    .text               c_w.l(rt_memclr_w.o)
    0x080005ce   0x080005ce   0x00000002   PAD
    0x080005d0   0x080005d0   0x00000080   Code   RO         2791    .text               c_w.l(strcmpv7m.o)
    0x08000650   0x08000650   0x00000006   Code   RO         2793    .text               c_w.l(heapauxi.o)
    0x08000656   0x08000656   0x00000002   Code   RO         2809    .text               c_w.l(use_no_semi.o)
    0x08000658   0x08000658   0x000000b2   Code   RO         2812    .text               c_w.l(_printf_intcommon.o)
    0x0800070a   0x0800070a   0x0000002c   Code   RO         2814    .text               c_w.l(_printf_char.o)
    0x08000736   0x08000736   0x00000002   PAD
    0x08000738   0x08000738   0x00000024   Code   RO         2816    .text               c_w.l(_printf_char_file.o)
    0x0800075c   0x0800075c   0x00000030   Code   RO         2839    .text               c_w.l(_printf_char_common.o)
    0x0800078c   0x0800078c   0x00000008   Code   RO         2841    .text               c_w.l(ferror.o)
    0x08000794   0x08000794   0x0000004a   Code   RO         2845    .text               c_w.l(sys_stackheap_outer.o)
    0x080007de   0x080007de   0x00000012   Code   RO         2849    .text               c_w.l(exit.o)
    0x080007f0   0x080007f0   0x00000008   Code   RO         2857    .text               c_w.l(libspace.o)
    0x080007f8   0x080007f8   0x00000002   Code   RO          167    i.BusFault_Handler  stm32f10x_it.o
    0x080007fa   0x080007fa   0x00000002   Code   RO          168    i.DebugMon_Handler  stm32f10x_it.o
    0x080007fc   0x080007fc   0x00000050   Code   RO          318    i.EXTI0_IRQHandler  exti.o
    0x0800084c   0x0800084c   0x00000044   Code   RO          319    i.EXTI15_10_IRQHandler  exti.o
    0x08000890   0x08000890   0x00000038   Code   RO          321    i.EXTI9_5_IRQHandler  exti.o
    0x080008c8   0x080008c8   0x0000000c   Code   RO         1925    i.EXTI_ClearITPendingBit  stm32f10x_exti.o
    0x080008d4   0x080008d4   0x00000020   Code   RO         1929    i.EXTI_GetITStatus  stm32f10x_exti.o
    0x080008f4   0x080008f4   0x0000009c   Code   RO          867    i.GPIO_Init         stm32f10x_gpio.o
    0x08000990   0x08000990   0x00000058   Code   RO          869    i.GPIO_PinRemapConfig  stm32f10x_gpio.o
    0x080009e8   0x080009e8   0x0000000e   Code   RO          871    i.GPIO_ReadInputDataBit  stm32f10x_gpio.o
    0x080009f6   0x080009f6   0x00000004   Code   RO          875    i.GPIO_SetBits      stm32f10x_gpio.o
    0x080009fa   0x080009fa   0x00000002   Code   RO          169    i.HardFault_Handler  stm32f10x_it.o
    0x080009fc   0x080009fc   0x00000084   Code   RO          380    i.LCD_Clear         lcd.o
    0x08000a80   0x08000a80   0x00000134   Code   RO          384    i.LCD_Display_Dir   lcd.o
    0x08000bb4   0x08000bb4   0x00000254   Code   RO          389    i.LCD_Fast_DrawPoint  lcd.o
    0x08000e08   0x08000e08   0x000037f4   Code   RO          391    i.LCD_Init          lcd.o
    0x080045fc   0x080045fc   0x00000010   Code   RO          392    i.LCD_Pow           lcd.o
    0x0800460c   0x0800460c   0x00000070   Code   RO          393    i.LCD_RD_DATA       lcd.o
    0x0800467c   0x0800467c   0x0000000e   Code   RO          395    i.LCD_ReadReg       lcd.o
    0x0800468a   0x0800468a   0x00000002   PAD
    0x0800468c   0x0800468c   0x0000009c   Code   RO          396    i.LCD_SSD_BackLightSet  lcd.o
    0x08004728   0x08004728   0x000002f4   Code   RO          397    i.LCD_Scan_Dir      lcd.o
    0x08004a1c   0x08004a1c   0x00000354   Code   RO          398    i.LCD_SetCursor     lcd.o
    0x08004d70   0x08004d70   0x000000cc   Code   RO          400    i.LCD_ShowChar      lcd.o
    0x08004e3c   0x08004e3c   0x00000054   Code   RO          402    i.LCD_ShowString    lcd.o
    0x08004e90   0x08004e90   0x00000086   Code   RO          403    i.LCD_ShowxNum      lcd.o
    0x08004f16   0x08004f16   0x00000002   PAD
    0x08004f18   0x08004f18   0x00000024   Code   RO          404    i.LCD_WR_DATAX      lcd.o
    0x08004f3c   0x08004f3c   0x00000024   Code   RO          405    i.LCD_WR_REG        lcd.o
    0x08004f60   0x08004f60   0x0000000c   Code   RO          407    i.LCD_WriteRAM_Prepare  lcd.o
    0x08004f6c   0x08004f6c   0x0000002c   Code   RO          408    i.LCD_WriteReg      lcd.o
    0x08004f98   0x08004f98   0x00000054   Code   RO          285    i.LED_Init          led.o
    0x08004fec   0x08004fec   0x00000050   Code   RO         2279    i.M8266HostIf_GPIO_CS_RESET_Init  m8266hostif_stm32xx.o
    0x0800503c   0x0800503c   0x0000000e   Code   RO         2280    i.M8266HostIf_Init  m8266hostif_stm32xx.o
    0x0800504a   0x0800504a   0x00000002   PAD
    0x0800504c   0x0800504c   0x00000064   Code   RO         2475    i.M8266HostIf_SPI_DMA_StartReceiveSendData  M8266WIFIDrv_STM32F1xx.lib(m8266wifidrv.o)
    0x080050b0   0x080050b0   0x0000008c   Code   RO         2281    i.M8266HostIf_SPI_Init  m8266hostif_stm32xx.o
    0x0800513c   0x0800513c   0x000000d4   Code   RO         2476    i.M8266HostIf_SPI_Select  M8266WIFIDrv_STM32F1xx.lib(m8266wifidrv.o)
    0x08005210   0x08005210   0x0000001c   Code   RO         2283    i.M8266HostIf_SPI_SetSpeed  m8266hostif_stm32xx.o
    0x0800522c   0x0800522c   0x00000018   Code   RO         2477    i.M8266HostIf_SPI_rrs  M8266WIFIDrv_STM32F1xx.lib(m8266wifidrv.o)
    0x08005244   0x08005244   0x00000030   Code   RO         2478    i.M8266HostIf_SPI_wrs  M8266WIFIDrv_STM32F1xx.lib(m8266wifidrv.o)
    0x08005274   0x08005274   0x00000014   Code   RO         2284    i.M8266HostIf_Set_SPI_nCS_Pin  m8266hostif_stm32xx.o
    0x08005288   0x08005288   0x00000014   Code   RO         2285    i.M8266HostIf_Set_nRESET_Pin  m8266hostif_stm32xx.o
    0x0800529c   0x0800529c   0x00000004   Code   RO         2286    i.M8266HostIf_delay_us  m8266hostif_stm32xx.o
    0x080052a0   0x080052a0   0x0000003a   Code   RO         2346    i.M8266WIFI_Module_Hardware_Reset  m8266wifi_ops.o
    0x080052da   0x080052da   0x00000002   PAD
    0x080052dc   0x080052dc   0x00000100   Code   RO         2347    i.M8266WIFI_Module_Init_Via_SPI  m8266wifi_ops.o
    0x080053dc   0x080053dc   0x00000022   Code   RO         2348    i.M8266WIFI_Module_delay_ms  m8266wifi_ops.o
    0x080053fe   0x080053fe   0x000000e2   Code   RO         2480    i.M8266WIFI_SPI_Config_AP  M8266WIFIDrv_STM32F1xx.lib(m8266wifidrv.o)
    0x080054e0   0x080054e0   0x00000016   Code   RO         2484    i.M8266WIFI_SPI_Config_STA_Param  M8266WIFIDrv_STM32F1xx.lib(m8266wifidrv.o)
    0x080054f6   0x080054f6   0x00000012   Code   RO         2488    i.M8266WIFI_SPI_Delete_Connection  M8266WIFIDrv_STM32F1xx.lib(m8266wifidrv.o)
    0x08005508   0x08005508   0x000000aa   Code   RO         2495    i.M8266WIFI_SPI_Get_Module_Info  M8266WIFIDrv_STM32F1xx.lib(m8266wifidrv.o)
    0x080055b2   0x080055b2   0x00000066   Code   RO         2496    i.M8266WIFI_SPI_Get_Opmode  M8266WIFIDrv_STM32F1xx.lib(m8266wifidrv.o)
    0x08005618   0x08005618   0x0000006c   Code   RO         2497    i.M8266WIFI_SPI_Get_STA_Connection_Status  M8266WIFIDrv_STM32F1xx.lib(m8266wifidrv.o)
    0x08005684   0x08005684   0x0000007c   Code   RO         2499    i.M8266WIFI_SPI_Get_STA_IP_Addr  M8266WIFIDrv_STM32F1xx.lib(m8266wifidrv.o)
    0x08005700   0x08005700   0x00000048   Code   RO         2501    i.M8266WIFI_SPI_Interface_Communication_OK  M8266WIFIDrv_STM32F1xx.lib(m8266wifidrv.o)
    0x08005748   0x08005748   0x00000062   Code   RO         2502    i.M8266WIFI_SPI_Interface_Communication_Stress_Test  M8266WIFIDrv_STM32F1xx.lib(m8266wifidrv.o)
    0x080057aa   0x080057aa   0x00000012   Code   RO         2513    i.M8266WIFI_SPI_Query_AP_Param  M8266WIFIDrv_STM32F1xx.lib(m8266wifidrv.o)
    0x080057bc   0x080057bc   0x000000e6   Code   RO         2514    i.M8266WIFI_SPI_Query_Connection  M8266WIFIDrv_STM32F1xx.lib(m8266wifidrv.o)
    0x080058a2   0x080058a2   0x00000002   PAD
    0x080058a4   0x080058a4   0x000001c0   Code   RO         2533    i.M8266WIFI_SPI_STA_Connect_Ap  M8266WIFIDrv_STM32F1xx.lib(m8266wifidrv.o)
    0x08005a64   0x08005a64   0x00000182   Code   RO         2534    i.M8266WIFI_SPI_STA_Connect_Ap_Old  M8266WIFIDrv_STM32F1xx.lib(m8266wifidrv.o)
    0x08005be6   0x08005be6   0x00000096   Code   RO         2536    i.M8266WIFI_SPI_STA_Query_Current_SSID_And_RSSI  M8266WIFIDrv_STM32F1xx.lib(m8266wifidrv.o)
    0x08005c7c   0x08005c7c   0x00000012   Code   RO         2538    i.M8266WIFI_SPI_Send_Data  M8266WIFIDrv_STM32F1xx.lib(m8266wifidrv.o)
    0x08005c8e   0x08005c8e   0x0000008e   Code   RO         2542    i.M8266WIFI_SPI_Set_Opmode  M8266WIFIDrv_STM32F1xx.lib(m8266wifidrv.o)
    0x08005d1c   0x08005d1c   0x00000214   Code   RO         2549    i.M8266WIFI_SPI_Setup_Connection  M8266WIFIDrv_STM32F1xx.lib(m8266wifidrv.o)
    0x08005f30   0x08005f30   0x00000016   Code   RO         2550    i.M8266WIFI_SPI_Slave_Has_Response  M8266WIFIDrv_STM32F1xx.lib(m8266wifidrv.o)
    0x08005f46   0x08005f46   0x00000016   Code   RO         2556    i.M8266WIFI_SPI_TxdBuffer_Free  M8266WIFIDrv_STM32F1xx.lib(m8266wifidrv.o)
    0x08005f5c   0x08005f5c   0x000000e8   Code   RO         2559    i.M8266WIFI_SPI_capstp  M8266WIFIDrv_STM32F1xx.lib(m8266wifidrv.o)
    0x08006044   0x08006044   0x00000058   Code   RO         2561    i.M8266WIFI_SPI_csb  M8266WIFIDrv_STM32F1xx.lib(m8266wifidrv.o)
    0x0800609c   0x0800609c   0x00000168   Code   RO         2563    i.M8266WIFI_SPI_dlodc  M8266WIFIDrv_STM32F1xx.lib(m8266wifidrv.o)
    0x08006204   0x08006204   0x000000ee   Code   RO         2565    i.M8266WIFI_SPI_qacal  M8266WIFIDrv_STM32F1xx.lib(m8266wifidrv.o)
    0x080062f2   0x080062f2   0x00000002   PAD
    0x080062f4   0x080062f4   0x000000bc   Code   RO         2566    i.M8266WIFI_SPI_qapstp  M8266WIFIDrv_STM32F1xx.lib(m8266wifidrv.o)
    0x080063b0   0x080063b0   0x00000020   Code   RO         2568    i.M8266WIFI_SPI_rra  M8266WIFIDrv_STM32F1xx.lib(m8266wifidrv.o)
    0x080063d0   0x080063d0   0x00000042   Code   RO         2569    i.M8266WIFI_SPI_rru  M8266WIFIDrv_STM32F1xx.lib(m8266wifidrv.o)
    0x08006412   0x08006412   0x00000002   PAD
    0x08006414   0x08006414   0x0000023c   Code   RO         2573    i.M8266WIFI_SPI_sdfal  M8266WIFIDrv_STM32F1xx.lib(m8266wifidrv.o)
    0x08006650   0x08006650   0x00000124   Code   RO         2574    i.M8266WIFI_SPI_srh  M8266WIFIDrv_STM32F1xx.lib(m8266wifidrv.o)
    0x08006774   0x08006774   0x00000020   Code   RO         2575    i.M8266WIFI_SPI_ssa  M8266WIFIDrv_STM32F1xx.lib(m8266wifidrv.o)
    0x08006794   0x08006794   0x00000074   Code   RO         2576    i.M8266WIFI_SPI_ssb  M8266WIFIDrv_STM32F1xx.lib(m8266wifidrv.o)
    0x08006808   0x08006808   0x000000a0   Code   RO         2577    i.M8266WIFI_SPI_ssmd  M8266WIFIDrv_STM32F1xx.lib(m8266wifidrv.o)
    0x080068a8   0x080068a8   0x0000004c   Code   RO         2578    i.M8266WIFI_SPI_ssu  M8266WIFIDrv_STM32F1xx.lib(m8266wifidrv.o)
    0x080068f4   0x080068f4   0x00000048   Code   RO         2579    i.M8266WIFI_SPI_ssud  M8266WIFIDrv_STM32F1xx.lib(m8266wifidrv.o)
    0x0800693c   0x0800693c   0x0000004c   Code   RO         2580    i.M8266WIFI_SPI_ssut  M8266WIFIDrv_STM32F1xx.lib(m8266wifidrv.o)
    0x08006988   0x08006988   0x00000016   Code   RO         2581    i.M8266WIFI_SPI_tufs  M8266WIFIDrv_STM32F1xx.lib(m8266wifidrv.o)
    0x0800699e   0x0800699e   0x00000002   PAD
    0x080069a0   0x080069a0   0x0000004c   Code   RO         2349    i.M8266WIFI_SPI_wait_sta_connecting_to_ap_and_get_ip  m8266wifi_ops.o
    0x080069ec   0x080069ec   0x0000003a   Code   RO         2583    i.M8266WIFI_SPI_wsbsbs1  M8266WIFIDrv_STM32F1xx.lib(m8266wifidrv.o)
    0x08006a26   0x08006a26   0x00000042   Code   RO         2585    i.M8266WIFI_SPI_wscbf  M8266WIFIDrv_STM32F1xx.lib(m8266wifidrv.o)
    0x08006a68   0x08006a68   0x0000004c   Code   RO         2586    i.M8266WIFI_SPI_wscr  M8266WIFIDrv_STM32F1xx.lib(m8266wifidrv.o)
    0x08006ab4   0x08006ab4   0x00000054   Code   RO         2588    i.M8266WIFI_SPI_wspss  M8266WIFIDrv_STM32F1xx.lib(m8266wifidrv.o)
    0x08006b08   0x08006b08   0x00000040   Code   RO         2593    i.M8266WIFI_Wait_SPI_sfad  M8266WIFIDrv_STM32F1xx.lib(m8266wifidrv.o)
    0x08006b48   0x08006b48   0x00000002   Code   RO          170    i.MemManage_Handler  stm32f10x_it.o
    0x08006b4a   0x08006b4a   0x00000002   Code   RO          171    i.NMI_Handler       stm32f10x_it.o
    0x08006b4c   0x08006b4c   0x00000064   Code   RO         1355    i.NVIC_Init         misc.o
    0x08006bb0   0x08006bb0   0x00000014   Code   RO         1356    i.NVIC_PriorityGroupConfig  misc.o
    0x08006bc4   0x08006bc4   0x00000026   Code   RO          636    i.OV7670_Brightness  ov7670.o
    0x08006bea   0x08006bea   0x00000072   Code   RO          637    i.OV7670_Color_Saturation  ov7670.o
    0x08006c5c   0x08006c5c   0x00000026   Code   RO          638    i.OV7670_Contrast   ov7670.o
    0x08006c82   0x08006c82   0x0000007e   Code   RO          640    i.OV7670_Light_Mode  ov7670.o
    0x08006d00   0x08006d00   0x00000080   Code   RO          641    i.OV7670_Special_Effects  ov7670.o
    0x08006d80   0x08006d80   0x0000004e   Code   RO          690    i.OV7725_Brightness  ov7725.o
    0x08006dce   0x08006dce   0x00000022   Code   RO          691    i.OV7725_Color_Saturation  ov7725.o
    0x08006df0   0x08006df0   0x00000016   Code   RO          692    i.OV7725_Contrast   ov7725.o
    0x08006e06   0x08006e06   0x00000098   Code   RO          694    i.OV7725_Light_Mode  ov7725.o
    0x08006e9e   0x08006e9e   0x0000008a   Code   RO          695    i.OV7725_Special_Effects  ov7725.o
    0x08006f28   0x08006f28   0x00000146   Code   RO          696    i.OV7725_Window_Set  ov7725.o
    0x0800706e   0x0800706e   0x00000002   Code   RO          172    i.PendSV_Handler    stm32f10x_it.o
    0x08007070   0x08007070   0x00000018   Code   RO          979    i.RCC_APB2PeriphClockCmd  stm32f10x_rcc.o
    0x08007088   0x08007088   0x00000018   Code   RO          980    i.RCC_APB2PeriphResetCmd  stm32f10x_rcc.o
    0x080070a0   0x080070a0   0x00000094   Code   RO          987    i.RCC_GetClocksFreq  stm32f10x_rcc.o
    0x08007134   0x08007134   0x00000038   Code   RO          584    i.SCCB_No_Ack       sccb.o
    0x0800716c   0x0800716c   0x0000006c   Code   RO          585    i.SCCB_RD_Byte      sccb.o
    0x080071d8   0x080071d8   0x0000004c   Code   RO          586    i.SCCB_RD_Reg       sccb.o
    0x08007224   0x08007224   0x0000002c   Code   RO          587    i.SCCB_Start        sccb.o
    0x08007250   0x08007250   0x00000030   Code   RO          588    i.SCCB_Stop         sccb.o
    0x08007280   0x08007280   0x00000088   Code   RO          589    i.SCCB_WR_Byte      sccb.o
    0x08007308   0x08007308   0x0000003e   Code   RO          590    i.SCCB_WR_Reg       sccb.o
    0x08007346   0x08007346   0x00000014   Code   RO         1983    i.SPI_Cmd           stm32f10x_spi.o
    0x0800735a   0x0800735a   0x00000038   Code   RO         1996    i.SPI_Init          stm32f10x_spi.o
    0x08007392   0x08007392   0x00000002   PAD
    0x08007394   0x08007394   0x00000184   Code   RO         2594    i.SPI_STA_Get_HostIP_by_HostName  M8266WIFIDrv_STM32F1xx.lib(m8266wifidrv.o)
    0x08007518   0x08007518   0x00000002   Code   RO          173    i.SVC_Handler       stm32f10x_it.o
    0x0800751a   0x0800751a   0x00000002   PAD
    0x0800751c   0x0800751c   0x000000a8   Code   RO          256    i.SetSysClockTo72   system_stm32f10x.o
    0x080075c4   0x080075c4   0x00000018   Code   RO         1359    i.SysTick_CLKSourceConfig  misc.o
    0x080075dc   0x080075dc   0x00000002   Code   RO          174    i.SysTick_Handler   stm32f10x_it.o
    0x080075de   0x080075de   0x00000002   PAD
    0x080075e0   0x080075e0   0x00000050   Code   RO          258    i.SystemInit        system_stm32f10x.o
    0x08007630   0x08007630   0x00000040   Code   RO          297    i.TIM3_IRQHandler   timer.o
    0x08007670   0x08007670   0x00000034   Code   RO         2122    i.TIM4_IRQHandler   usmart.o
    0x080076a4   0x080076a4   0x00000006   Code   RO         1400    i.TIM_ClearITPendingBit  stm32f10x_tim.o
    0x080076aa   0x080076aa   0x00000018   Code   RO         1426    i.TIM_GetITStatus   stm32f10x_tim.o
    0x080076c2   0x080076c2   0x00000002   PAD
    0x080076c4   0x080076c4   0x00000054   Code   RO         2123    i.Timer4_Init       usmart.o
    0x08007718   0x08007718   0x00000064   Code   RO          802    i.USART1_IRQHandler  usart.o
    0x0800777c   0x0800777c   0x00000014   Code   RO         1179    i.USART_Cmd         stm32f10x_usart.o
    0x08007790   0x08007790   0x0000003e   Code   RO         1183    i.USART_GetITStatus  stm32f10x_usart.o
    0x080077ce   0x080077ce   0x00000030   Code   RO         1185    i.USART_ITConfig    stm32f10x_usart.o
    0x080077fe   0x080077fe   0x00000002   PAD
    0x08007800   0x08007800   0x000000ac   Code   RO         1186    i.USART_Init        stm32f10x_usart.o
    0x080078ac   0x080078ac   0x00000008   Code   RO         1193    i.USART_ReceiveData  stm32f10x_usart.o
    0x080078b4   0x080078b4   0x00000002   Code   RO          175    i.UsageFault_Handler  stm32f10x_it.o
    0x080078b6   0x080078b6   0x00000002   PAD
    0x080078b8   0x080078b8   0x0000024c   Code   RO         2287    i.WIFI_Init         m8266hostif_stm32xx.o
    0x08007b04   0x08007b04   0x0000000e   Code   RO         2773    i._is_digit         c_w.l(__printf_wp.o)
    0x08007b12   0x08007b12   0x00000002   Code   RO          803    i._sys_exit         usart.o
    0x08007b14   0x08007b14   0x0000003c   Code   RO          747    i.delay_init        delay.o
    0x08007b50   0x08007b50   0x00000034   Code   RO          748    i.delay_ms          delay.o
    0x08007b84   0x08007b84   0x00000034   Code   RO          749    i.delay_us          delay.o
    0x08007bb8   0x08007bb8   0x00000018   Code   RO          804    i.fputc             usart.o
    0x08007bd0   0x08007bd0   0x0000004c   Code   RO         2595    i.fvcp              M8266WIFIDrv_STM32F1xx.lib(m8266wifidrv.o)
    0x08007c1c   0x08007c1c   0x00000030   Code   RO         2597    i.fvdnstap          M8266WIFIDrv_STM32F1xx.lib(m8266wifidrv.o)
    0x08007c4c   0x08007c4c   0x00000060   Code   RO            2    i.main              main.o
    0x08007cac   0x08007cac   0x00000004   Code   RO         2124    i.read_addr         usmart.o
    0x08007cb0   0x08007cb0   0x000000a0   Code   RO          805    i.uart_init         usart.o
    0x08007d50   0x08007d50   0x00000094   Code   RO         2125    i.usmart_cmd_rec    usmart.o
    0x08007de4   0x08007de4   0x00000264   Code   RO         2126    i.usmart_exe        usmart.o
    0x08008048   0x08008048   0x0000009c   Code   RO         2212    i.usmart_get_aparm  usmart_str.o
    0x080080e4   0x080080e4   0x0000002e   Code   RO         2213    i.usmart_get_cmdname  usmart_str.o
    0x08008112   0x08008112   0x00000002   PAD
    0x08008114   0x08008114   0x00000168   Code   RO         2214    i.usmart_get_fname  usmart_str.o
    0x0800827c   0x0800827c   0x000000d0   Code   RO         2215    i.usmart_get_fparam  usmart_str.o
    0x0800834c   0x0800834c   0x00000024   Code   RO         2216    i.usmart_get_parmpos  usmart_str.o
    0x08008370   0x08008370   0x00000030   Code   RO         2127    i.usmart_get_runtime  usmart.o
    0x080083a0   0x080083a0   0x00000028   Code   RO         2128    i.usmart_init       usmart.o
    0x080083c8   0x080083c8   0x00000010   Code   RO         2217    i.usmart_pow        usmart_str.o
    0x080083d8   0x080083d8   0x0000002c   Code   RO         2129    i.usmart_reset_runtime  usmart.o
    0x08008404   0x08008404   0x000000a4   Code   RO         2130    i.usmart_scan       usmart.o
    0x080084a8   0x080084a8   0x00000010   Code   RO         2218    i.usmart_search_nextc  usmart_str.o
    0x080084b8   0x080084b8   0x000000a0   Code   RO         2219    i.usmart_str2num    usmart_str.o
    0x08008558   0x08008558   0x00000018   Code   RO         2220    i.usmart_strcmp     usmart_str.o
    0x08008570   0x08008570   0x00000012   Code   RO         2221    i.usmart_strcopy    usmart_str.o
    0x08008582   0x08008582   0x00000012   Code   RO         2222    i.usmart_strlen     usmart_str.o
    0x08008594   0x08008594   0x00000670   Code   RO         2131    i.usmart_sys_cmd_exe  usmart.o
    0x08008c04   0x08008c04   0x00000004   Code   RO         2132    i.write_addr        usmart.o
    0x08008c08   0x08008c08   0x0000005a   Code   RO         2797    x$fpl$dfixu         fz_ws.l(dfixu.o)
    0x08008c62   0x08008c62   0x00000026   Code   RO         2801    x$fpl$dfltu         fz_ws.l(dflt_clz.o)
    0x08008c88   0x08008c88   0x00000154   Code   RO         2807    x$fpl$dmul          fz_ws.l(dmul.o)
    0x08008ddc   0x08008ddc   0x0000009c   Code   RO         2819    x$fpl$dnaninf       fz_ws.l(dnaninf.o)
    0x08008e78   0x08008e78   0x0000000c   Code   RO         2821    x$fpl$dretinf       fz_ws.l(dretinf.o)
    0x08008e84   0x08008e84   0x00000000   Code   RO         2823    x$fpl$usenofp       fz_ws.l(usenofp.o)
    0x08008e84   0x08008e84   0x0000000a   Data   RO            3    .constdata          main.o
    0x08008e8e   0x08008e8e   0x000017c0   Data   RO          411    .constdata          lcd.o
    0x0800a64e   0x0800a64e   0x00000002   PAD
    0x0800a650   0x0800a650   0x00000022   Data   RO         2599    .constdata          M8266WIFIDrv_STM32F1xx.lib(m8266wifidrv.o)
    0x0800a672   0x0800a672   0x00000028   Data   RO         2746    .constdata          c_w.l(_printf_hex_int.o)
    0x0800a69a   0x0800a69a   0x00000011   Data   RO         2781    .constdata          c_w.l(__printf_flags_ss_wp.o)
    0x0800a6ab   0x0800a6ab   0x00000001   PAD
    0x0800a6ac   0x0800a6ac   0x00000028   Data   RO         2133    .conststring        usmart.o
    0x0800a6d4   0x0800a6d4   0x00000242   Data   RO         2198    .conststring        usmart_config.o
    0x0800a916   0x0800a916   0x00000002   PAD
    0x0800a918   0x0800a918   0x00000020   Data   RO         2980    Region$$Table       anon$$obj.o


    Execution Region RW_IRAM1 (Exec base: 0x20000000, Load base: 0x0800a938, Size: 0x00000980, Max: 0x0000c000, ABSOLUTE, COMPRESSED[0x000000c4])

    Exec Addr    Load Addr    Size         Type   Attr      Idx    E Section Name        Object

    0x20000000   COMPRESSED   0x00000014   Data   RW          259    .data               system_stm32f10x.o
    0x20000014   COMPRESSED   0x00000001   Data   RW          299    .data               timer.o
    0x20000015   COMPRESSED   0x00000001   Data   RW          323    .data               exti.o
    0x20000016   COMPRESSED   0x00000004   Data   RW          412    .data               lcd.o
    0x2000001a   COMPRESSED   0x00000004   Data   RW          750    .data               delay.o
    0x2000001e   COMPRESSED   0x00000002   Data   RW          807    .data               usart.o
    0x20000020   COMPRESSED   0x00000004   Data   RW          808    .data               usart.o
    0x20000024   COMPRESSED   0x00000014   Data   RW         1007    .data               stm32f10x_rcc.o
    0x20000038   COMPRESSED   0x0000001c   Data   RW         2134    .data               usmart.o
    0x20000054   COMPRESSED   0x00000088   Data   RW         2199    .data               usmart_config.o
    0x200000dc   COMPRESSED   0x000000f4   Data   RW         2200    .data               usmart_config.o
    0x200001d0   COMPRESSED   0x00000001   Data   RW         2288    .data               m8266hostif_stm32xx.o
    0x200001d1   COMPRESSED   0x00000003   PAD
    0x200001d4   COMPRESSED   0x00000029   Data   RW         2600    .data               M8266WIFIDrv_STM32F1xx.lib(m8266wifidrv.o)
    0x200001fd   COMPRESSED   0x00000003   PAD
    0x20000200        -       0x0000000e   Zero   RW          410    .bss                lcd.o
    0x2000020e        -       0x000000c8   Zero   RW          806    .bss                usart.o
    0x200002d6        -       0x00000044   Zero   RW         2598    .bss                M8266WIFIDrv_STM32F1xx.lib(m8266wifidrv.o)
    0x2000031a   COMPRESSED   0x00000002   PAD
    0x2000031c        -       0x00000060   Zero   RW         2858    .bss                c_w.l(libspace.o)
    0x2000037c   COMPRESSED   0x00000004   PAD
    0x20000380        -       0x00000200   Zero   RW          855    HEAP                startup_stm32f10x_hd.o
    0x20000580        -       0x00000400   Zero   RW          854    STACK               startup_stm32f10x_hd.o


==============================================================================

Image component sizes


      Code (inc. data)   RO Data    RW Data    ZI Data      Debug   Object Name

       164         26          0          4          0       1591   delay.o
       204         34          0          1          0       1656   exti.o
     17816        206       6080          4         14      22959   lcd.o
        84         10          0          0          0        479   led.o
       894        292          0          1          0       5176   m8266hostif_stm32xx.o
       424         44          0          0          0       3311   m8266wifi_ops.o
        96         14         10          0          0     260023   main.o
       144         16          0          0          0       1961   misc.o
       444         32          0          0          0       2809   ov7670.o
       750         24          0          0          0       3685   ov7725.o
       530         36          0          0          0       4127   sccb.o
        64         26        304          0       1536        932   startup_stm32f10x_hd.o
        44         10          0          0          0       1116   stm32f10x_exti.o
       262          6          0          0          0       3869   stm32f10x_gpio.o
        18          0          0          0          0       3406   stm32f10x_it.o
       196         28          0         20          0       4358   stm32f10x_rcc.o
        76          0          0          0          0       2057   stm32f10x_spi.o
        30          0          0          0          0       2509   stm32f10x_tim.o
       310          6          0          0          0       5006   stm32f10x_usart.o
         0          0          0          0          0         32   sys.o
       248         24          0         20          0       1601   system_stm32f10x.o
        64         24          0          1          0        673   timer.o
       286         26          0          6        200       4004   usart.o
      2848       1336         40         28          0       7198   usmart.o
         0          0        578        380          0       1588   usmart_config.o
      1058         20          0          0          0       8659   usmart_str.o

    ----------------------------------------------------------------------
     27076       2240       7048        468       1750     354785   Object Totals
         0          0         32          0          0          0   (incl. Generated)
        22          0          4          3          0          0   (incl. Padding)

    ----------------------------------------------------------------------

      Code (inc. data)   RO Data    RW Data    ZI Data      Debug   Library Member Name

      6774        188         34         41         68       4064   m8266wifidrv.o
        90          0          0          0          0          0   __dczerorl2.o
         8          0          0          0          0         68   __main.o
       392          4         17          0          0         92   __printf_flags_ss_wp.o
        14          0          0          0          0         68   __printf_wp.o
         0          0          0          0          0          0   __rtentry.o
        12          0          0          0          0          0   __rtentry2.o
         6          0          0          0          0          0   __rtentry4.o
        52          8          0          0          0          0   __scatter.o
        28          0          0          0          0          0   __scatter_zi.o
         6          0          0          0          0          0   _printf_c.o
        44          0          0          0          0        108   _printf_char.o
        48          6          0          0          0         96   _printf_char_common.o
        36          4          0          0          0         80   _printf_char_file.o
         6          0          0          0          0          0   _printf_d.o
       120         16          0          0          0         92   _printf_dec.o
        88          4         40          0          0         88   _printf_hex_int.o
       178          0          0          0          0         88   _printf_intcommon.o
        78          0          0          0          0        108   _printf_pad.o
         0          0          0          0          0          0   _printf_percent.o
         4          0          0          0          0          0   _printf_percent_end.o
         6          0          0          0          0          0   _printf_s.o
        82          0          0          0          0         80   _printf_str.o
         6          0          0          0          0          0   _printf_u.o
         6          0          0          0          0          0   _printf_x.o
        18          0          0          0          0         80   exit.o
         8          0          0          0          0         68   ferror.o
         6          0          0          0          0        152   heapauxi.o
         2          0          0          0          0          0   libinit.o
         2          0          0          0          0          0   libinit2.o
         2          0          0          0          0          0   libshutdown.o
         2          0          0          0          0          0   libshutdown2.o
         8          4          0          0         96         68   libspace.o
        24          4          0          0          0         84   noretval__2printf.o
        78          0          0          0          0         80   rt_memclr_w.o
         2          0          0          0          0          0   rtexit.o
        10          0          0          0          0          0   rtexit2.o
       128          0          0          0          0         68   strcmpv7m.o
        74          0          0          0          0         80   sys_stackheap_outer.o
         2          0          0          0          0         68   use_no_semi.o
         2          0          0          0          0         68   use_no_semi_2.o
        90          4          0          0          0         92   dfixu.o
        38          0          0          0          0         68   dflt_clz.o
       340         12          0          0          0        104   dmul.o
       156          4          0          0          0         92   dnaninf.o
        12          0          0          0          0         68   dretinf.o
         0          0          0          0          0          0   usenofp.o

    ----------------------------------------------------------------------
      9104        258         92         44        170       6272   Library Totals
        16          0          1          3          6          0   (incl. Padding)

    ----------------------------------------------------------------------

      Code (inc. data)   RO Data    RW Data    ZI Data      Debug   Library Name

      6774        188         34         41         68       4064   M8266WIFIDrv_STM32F1xx.lib
      1678         50         57          0         96       1784   c_w.l
       636         20          0          0          0        424   fz_ws.l

    ----------------------------------------------------------------------
      9104        258         92         44        170       6272   Library Totals

    ----------------------------------------------------------------------

==============================================================================


      Code (inc. data)   RO Data    RW Data    ZI Data      Debug   

     36180       2498       7140        512       1920     351797   Grand Totals
     36180       2498       7140        196       1920     351797   ELF Image Totals (compressed)
     36180       2498       7140        196          0          0   ROM Totals

==============================================================================

    Total RO  Size (Code + RO Data)                43320 (  42.30kB)
    Total RW  Size (RW Data + ZI Data)              2432 (   2.38kB)
    Total ROM Size (Code + RO Data + RW Data)      43516 (  42.50kB)

==============================================================================

